Archive member included to satisfy reference by file (symbol)

../DSP\libarm_cortexM4lf_math.a(arm_biquad_cascade_df2t_f32.o)
                              Core/Src/main.o (arm_biquad_cascade_df2T_f32)
../DSP\libarm_cortexM4lf_math.a(arm_biquad_cascade_df2t_init_f32.o)
                              Core/Src/main.o (arm_biquad_cascade_df2T_init_f32)
c:/st/stm32cubeide_1.2.0/stm32cubeide/plugins/com.st.stm32cube.ide.mcu.externaltools.gnu-tools-for-stm32.7-2018-q2-update.win32_1.4.0.202007081208/tools/bin/../lib/gcc/arm-none-eabi/7.3.1/../../../../arm-none-eabi/lib/thumb/v7e-m/fpv4-sp/hard\libc_nano.a(lib_a-errno.o)
                              Core/Src/syscalls.o (__errno)
c:/st/stm32cubeide_1.2.0/stm32cubeide/plugins/com.st.stm32cube.ide.mcu.externaltools.gnu-tools-for-stm32.7-2018-q2-update.win32_1.4.0.202007081208/tools/bin/../lib/gcc/arm-none-eabi/7.3.1/../../../../arm-none-eabi/lib/thumb/v7e-m/fpv4-sp/hard\libc_nano.a(lib_a-exit.o)
                              c:/st/stm32cubeide_1.2.0/stm32cubeide/plugins/com.st.stm32cube.ide.mcu.externaltools.gnu-tools-for-stm32.7-2018-q2-update.win32_1.4.0.202007081208/tools/bin/../lib/gcc/arm-none-eabi/7.3.1/../../../../arm-none-eabi/lib/thumb/v7e-m/fpv4-sp/hard/crt0.o (exit)
c:/st/stm32cubeide_1.2.0/stm32cubeide/plugins/com.st.stm32cube.ide.mcu.externaltools.gnu-tools-for-stm32.7-2018-q2-update.win32_1.4.0.202007081208/tools/bin/../lib/gcc/arm-none-eabi/7.3.1/../../../../arm-none-eabi/lib/thumb/v7e-m/fpv4-sp/hard\libc_nano.a(lib_a-impure.o)
                              c:/st/stm32cubeide_1.2.0/stm32cubeide/plugins/com.st.stm32cube.ide.mcu.externaltools.gnu-tools-for-stm32.7-2018-q2-update.win32_1.4.0.202007081208/tools/bin/../lib/gcc/arm-none-eabi/7.3.1/../../../../arm-none-eabi/lib/thumb/v7e-m/fpv4-sp/hard\libc_nano.a(lib_a-exit.o) (_global_impure_ptr)
c:/st/stm32cubeide_1.2.0/stm32cubeide/plugins/com.st.stm32cube.ide.mcu.externaltools.gnu-tools-for-stm32.7-2018-q2-update.win32_1.4.0.202007081208/tools/bin/../lib/gcc/arm-none-eabi/7.3.1/../../../../arm-none-eabi/lib/thumb/v7e-m/fpv4-sp/hard\libc_nano.a(lib_a-init.o)
                              c:/st/stm32cubeide_1.2.0/stm32cubeide/plugins/com.st.stm32cube.ide.mcu.externaltools.gnu-tools-for-stm32.7-2018-q2-update.win32_1.4.0.202007081208/tools/bin/../lib/gcc/arm-none-eabi/7.3.1/../../../../arm-none-eabi/lib/thumb/v7e-m/fpv4-sp/hard/crt0.o (__libc_init_array)
c:/st/stm32cubeide_1.2.0/stm32cubeide/plugins/com.st.stm32cube.ide.mcu.externaltools.gnu-tools-for-stm32.7-2018-q2-update.win32_1.4.0.202007081208/tools/bin/../lib/gcc/arm-none-eabi/7.3.1/../../../../arm-none-eabi/lib/thumb/v7e-m/fpv4-sp/hard\libc_nano.a(lib_a-memset.o)
                              c:/st/stm32cubeide_1.2.0/stm32cubeide/plugins/com.st.stm32cube.ide.mcu.externaltools.gnu-tools-for-stm32.7-2018-q2-update.win32_1.4.0.202007081208/tools/bin/../lib/gcc/arm-none-eabi/7.3.1/../../../../arm-none-eabi/lib/thumb/v7e-m/fpv4-sp/hard/crt0.o (memset)
c:/st/stm32cubeide_1.2.0/stm32cubeide/plugins/com.st.stm32cube.ide.mcu.externaltools.gnu-tools-for-stm32.7-2018-q2-update.win32_1.4.0.202007081208/tools/bin/../lib/gcc/arm-none-eabi/7.3.1/thumb/v7e-m/fpv4-sp/hard\libgcc.a(_aeabi_uldivmod.o)
                              Drivers/STM32L4xx_HAL_Driver/Src/stm32l4xx_hal_uart.o (__aeabi_uldivmod)
c:/st/stm32cubeide_1.2.0/stm32cubeide/plugins/com.st.stm32cube.ide.mcu.externaltools.gnu-tools-for-stm32.7-2018-q2-update.win32_1.4.0.202007081208/tools/bin/../lib/gcc/arm-none-eabi/7.3.1/thumb/v7e-m/fpv4-sp/hard\libgcc.a(_udivmoddi4.o)
                              c:/st/stm32cubeide_1.2.0/stm32cubeide/plugins/com.st.stm32cube.ide.mcu.externaltools.gnu-tools-for-stm32.7-2018-q2-update.win32_1.4.0.202007081208/tools/bin/../lib/gcc/arm-none-eabi/7.3.1/thumb/v7e-m/fpv4-sp/hard\libgcc.a(_aeabi_uldivmod.o) (__udivmoddi4)
c:/st/stm32cubeide_1.2.0/stm32cubeide/plugins/com.st.stm32cube.ide.mcu.externaltools.gnu-tools-for-stm32.7-2018-q2-update.win32_1.4.0.202007081208/tools/bin/../lib/gcc/arm-none-eabi/7.3.1/thumb/v7e-m/fpv4-sp/hard\libgcc.a(_dvmd_tls.o)
                              c:/st/stm32cubeide_1.2.0/stm32cubeide/plugins/com.st.stm32cube.ide.mcu.externaltools.gnu-tools-for-stm32.7-2018-q2-update.win32_1.4.0.202007081208/tools/bin/../lib/gcc/arm-none-eabi/7.3.1/thumb/v7e-m/fpv4-sp/hard\libgcc.a(_aeabi_uldivmod.o) (__aeabi_ldiv0)

Allocating common symbols
Common symbol       size              file

S3                  0xc               Core/Src/main.o
biquadStateBand1    0x30              Core/Src/main.o
j                   0x4               Core/Src/main.o
hdac1               0x14              Core/Src/dac.o
hi2c1               0x4c              Core/Src/i2c.o
Uart_array          0x2               Core/Src/main.o
hdfsdm1_filter0     0x54              Core/Src/dfsdm.o
uwTick              0x4               Drivers/STM32L4xx_HAL_Driver/Src/stm32l4xx_hal.o
S1                  0xc               Core/Src/main.o
hdma_dac_ch1        0x48              Core/Src/dac.o
[...]
Memory Configuration

Name             Origin             Length             Attributes
RAM              0x0000000020000000 0x0000000000028000 xrw
FLASH            0x0000000008000000 0x0000000000080000 xr
*default*        0x0000000000000000 0xffffffffffffffff

Linker script and memory map

LOAD c:/st/stm32cubeide_1.2.0/stm32cubeide/plugins/com.st.stm32cube.ide.mcu.externaltools.gnu-tools-for-stm32.7-2018-q2-update.win32_1.4.0.202007081208/tools/bin/../lib/gcc/arm-none-eabi/7.3.1/thumb/v7e-m/fpv4-sp/hard/crti.o
LOAD c:/st/stm32cubeide_1.2.0/stm32cubeide/plugins/com.st.stm32cube.ide.mcu.externaltools.gnu-tools-for-stm32.7-2018-q2-update.win32_1.4.0.202007081208/tools/bin/../lib/gcc/arm-none-eabi/7.3.1/thumb/v7e-m/fpv4-sp/hard/crtbegin.o
LOAD c:/st/stm32cubeide_1.2.0/stm32cubeide/plugins/com.st.stm32cube.ide.mcu.externaltools.gnu-tools-for-stm32.7-2018-q2-update.win32_1.4.0.202007081208/tools/bin/../lib/gcc/arm-none-eabi/7.3.1/../../../../arm-none-eabi/lib/thumb/v7e-m/fpv4-sp/hard/crt0.o
LOAD Core/Src/dac.o
LOAD Core/Src/dfsdm.o
LOAD Core/Src/dma.o
LOAD Core/Src/gpio.o
LOAD Core/Src/i2c.o
LOAD Core/Src/main.o
LOAD Core/Src/stm32l4xx_hal_msp.o
LOAD Core/Src/stm32l4xx_it.o
LOAD Core/Src/syscalls.o
LOAD Core/Src/sysmem.o
LOAD Core/Src/system_stm32l4xx.o
LOAD Core/Src/tim.o
LOAD Core/Src/usart.o
LOAD Core/Startup/startup_stm32l451ceux.o
LOAD Drivers/STM32L4xx_HAL_Driver/Src/stm32l4xx_hal.o
LOAD Drivers/STM32L4xx_HAL_Driver/Src/stm32l4xx_hal_cortex.o
LOAD Drivers/STM32L4xx_HAL_Driver/Src/stm32l4xx_hal_dac.o
LOAD Drivers/STM32L4xx_HAL_Driver/Src/stm32l4xx_hal_dac_ex.o
LOAD Drivers/STM32L4xx_HAL_Driver/Src/stm32l4xx_hal_dfsdm.o
LOAD Drivers/STM32L4xx_HAL_Driver/Src/stm32l4xx_hal_dma.o
LOAD Drivers/STM32L4xx_HAL_Driver/Src/stm32l4xx_hal_dma_ex.o
LOAD Drivers/STM32L4xx_HAL_Driver/Src/stm32l4xx_hal_exti.o
LOAD Drivers/STM32L4xx_HAL_Driver/Src/stm32l4xx_hal_flash.o
LOAD Drivers/STM32L4xx_HAL_Driver/Src/stm32l4xx_hal_flash_ex.o
LOAD Drivers/STM32L4xx_HAL_Driver/Src/stm32l4xx_hal_flash_ramfunc.o
LOAD Drivers/STM32L4xx_HAL_Driver/Src/stm32l4xx_hal_gpio.o
LOAD Drivers/STM32L4xx_HAL_Driver/Src/stm32l4xx_hal_i2c.o
LOAD Drivers/STM32L4xx_HAL_Driver/Src/stm32l4xx_hal_i2c_ex.o
LOAD Drivers/STM32L4xx_HAL_Driver/Src/stm32l4xx_hal_pwr.o
LOAD Drivers/STM32L4xx_HAL_Driver/Src/stm32l4xx_hal_pwr_ex.o
LOAD Drivers/STM32L4xx_HAL_Driver/Src/stm32l4xx_hal_rcc.o
LOAD Drivers/STM32L4xx_HAL_Driver/Src/stm32l4xx_hal_rcc_ex.o
LOAD Drivers/STM32L4xx_HAL_Driver/Src/stm32l4xx_hal_tim.o
LOAD Drivers/STM32L4xx_HAL_Driver/Src/stm32l4xx_hal_tim_ex.o
LOAD Drivers/STM32L4xx_HAL_Driver/Src/stm32l4xx_hal_uart.o
LOAD Drivers/STM32L4xx_HAL_Driver/Src/stm32l4xx_hal_uart_ex.o
LOAD ../DSP\libarm_cortexM4lf_math.a
START GROUP
LOAD c:/st/stm32cubeide_1.2.0/stm32cubeide/plugins/com.st.stm32cube.ide.mcu.externaltools.gnu-tools-for-stm32.7-2018-q2-update.win32_1.4.0.202007081208/tools/bin/../lib/gcc/arm-none-eabi/7.3.1/../../../../arm-none-eabi/lib/thumb/v7e-m/fpv4-sp/hard\libc_nano.a
LOAD c:/st/stm32cubeide_1.2.0/stm32cubeide/plugins/com.st.stm32cube.ide.mcu.externaltools.gnu-tools-for-stm32.7-2018-q2-update.win32_1.4.0.202007081208/tools/bin/../lib/gcc/arm-none-eabi/7.3.1/../../../../arm-none-eabi/lib/thumb/v7e-m/fpv4-sp/hard\libm.a
END GROUP
START GROUP
LOAD c:/st/stm32cubeide_1.2.0/stm32cubeide/plugins/com.st.stm32cube.ide.mcu.externaltools.gnu-tools-for-stm32.7-2018-q2-update.win32_1.4.0.202007081208/tools/bin/../lib/gcc/arm-none-eabi/7.3.1/thumb/v7e-m/fpv4-sp/hard\libgcc.a
LOAD c:/st/stm32cubeide_1.2.0/stm32cubeide/plugins/com.st.stm32cube.ide.mcu.externaltools.gnu-tools-for-stm32.7-2018-q2-update.win32_1.4.0.202007081208/tools/bin/../lib/gcc/arm-none-eabi/7.3.1/../../../../arm-none-eabi/lib/thumb/v7e-m/fpv4-sp/hard\libc_nano.a
END GROUP
START GROUP
LOAD c:/st/stm32cubeide_1.2.0/stm32cubeide/plugins/com.st.stm32cube.ide.mcu.externaltools.gnu-tools-for-stm32.7-2018-q2-update.win32_1.4.0.202007081208/tools/bin/../lib/gcc/arm-none-eabi/7.3.1/thumb/v7e-m/fpv4-sp/hard\libgcc.a
LOAD c:/st/stm32cubeide_1.2.0/stm32cubeide/plugins/com.st.stm32cube.ide.mcu.externaltools.gnu-tools-for-stm32.7-2018-q2-update.win32_1.4.0.202007081208/tools/bin/../lib/gcc/arm-none-eabi/7.3.1/../../../../arm-none-eabi/lib/thumb/v7e-m/fpv4-sp/hard\libc_nano.a
LOAD c:/st/stm32cubeide_1.2.0/stm32cubeide/plugins/com.st.stm32cube.ide.mcu.externaltools.gnu-tools-for-stm32.7-2018-q2-update.win32_1.4.0.202007081208/tools/bin/../lib/gcc/arm-none-eabi/7.3.1/../../../../arm-none-eabi/lib/thumb/v7e-m/fpv4-sp/hard\libnosys.a
END GROUP
START GROUP
LOAD c:/st/stm32cubeide_1.2.0/stm32cubeide/plugins/com.st.stm32cube.ide.mcu.externaltools.gnu-tools-for-stm32.7-2018-q2-update.win32_1.4.0.202007081208/tools/bin/../lib/gcc/arm-none-eabi/7.3.1/thumb/v7e-m/fpv4-sp/hard\libgcc.a
LOAD c:/st/stm32cubeide_1.2.0/stm32cubeide/plugins/com.st.stm32cube.ide.mcu.externaltools.gnu-tools-for-stm32.7-2018-q2-update.win32_1.4.0.202007081208/tools/bin/../lib/gcc/arm-none-eabi/7.3.1/../../../../arm-none-eabi/lib/thumb/v7e-m/fpv4-sp/hard\libc_nano.a
LOAD c:/st/stm32cubeide_1.2.0/stm32cubeide/plugins/com.st.stm32cube.ide.mcu.externaltools.gnu-tools-for-stm32.7-2018-q2-update.win32_1.4.0.202007081208/tools/bin/../lib/gcc/arm-none-eabi/7.3.1/../../../../arm-none-eabi/lib/thumb/v7e-m/fpv4-sp/hard\libnosys.a
END GROUP
LOAD c:/st/stm32cubeide_1.2.0/stm32cubeide/plugins/com.st.stm32cube.ide.mcu.externaltools.gnu-tools-for-stm32.7-2018-q2-update.win32_1.4.0.202007081208/tools/bin/../lib/gcc/arm-none-eabi/7.3.1/thumb/v7e-m/fpv4-sp/hard/crtend.o
LOAD c:/st/stm32cubeide_1.2.0/stm32cubeide/plugins/com.st.stm32cube.ide.mcu.externaltools.gnu-tools-for-stm32.7-2018-q2-update.win32_1.4.0.202007081208/tools/bin/../lib/gcc/arm-none-eabi/7.3.1/thumb/v7e-m/fpv4-sp/hard/crtn.o
                0x0000000020028000                _estack = (ORIGIN (RAM) + LENGTH (RAM))
                0x0000000000000200                _Min_Heap_Size = 0x200
                0x0000000000000400                _Min_Stack_Size = 0x400

.isr_vector     0x0000000008000000      0x194
                0x0000000008000000                . = ALIGN (0x4)
 *(.isr_vector)
 .isr_vector    0x0000000008000000      0x194 Core/Startup/startup_stm32l451ceux.o
                0x0000000008000000                g_pfnVectors
                0x0000000008000194                . = ALIGN (0x4)

.text           0x0000000008000194     0x4520
                0x0000000008000194                . = ALIGN (0x4)
 *(.text)
 .text          0x0000000008000194       0x40 c:/st/stm32cubeide_1.2.0/stm32cubeide/plugins/com.st.stm32cube.ide.mcu.externaltools.gnu-tools-for-stm32.7-2018-q2-update.win32_1.4.0.202007081208/tools/bin/../lib/gcc/arm-none-eabi/7.3.1/thumb/v7e-m/fpv4-sp/hard/crtbegin.o
 *(.text*)
 .text.MX_DAC1_Init
                0x00000000080001d4       0x64 Core/Src/dac.o
                0x00000000080001d4                MX_DAC1_Init
 .text.HAL_DAC_MspInit
                0x0000000008000238       0xdc Core/Src/dac.o
                0x0000000008000238                HAL_DAC_MspInit
 .text.MX_DFSDM1_Init
                0x0000000008000314       0xc8 Core/Src/dfsdm.o
                0x0000000008000314                MX_DFSDM1_Init
 .text.HAL_DFSDM_FilterMspInit
                0x00000000080003dc      0x11c Core/Src/dfsdm.o
                0x00000000080003dc                HAL_DFSDM_FilterMspInit
 .text.HAL_DFSDM_ChannelMspInit
                0x00000000080004f8       0xa4 Core/Src/dfsdm.o
                0x00000000080004f8                HAL_DFSDM_ChannelMspInit
 .text.MX_DMA_Init
                0x000000000800059c       0x4c Core/Src/dma.o
                0x000000000800059c                MX_DMA_Init
 .text.MX_GPIO_Init
                0x00000000080005e8       0xb0 Core/Src/gpio.o
                0x00000000080005e8                MX_GPIO_Init
 .text.MX_I2C1_Init
                0x0000000008000698       0x80 Core/Src/i2c.o
                0x0000000008000698                MX_I2C1_Init
 .text.HAL_I2C_MspInit
                0x0000000008000718       0x88 Core/Src/i2c.o
                0x0000000008000718                HAL_I2C_MspInit
 .text.main     0x00000000080007a0      0x388 Core/Src/main.o
                0x00000000080007a0                main
 .text.HAL_UART_RxCpltCallback
                0x0000000008000b28      0x16c Core/Src/main.o
                0x0000000008000b28                HAL_UART_RxCpltCallback
 .text.HAL_DFSDM_FilterRegConvHalfCpltCallback
                0x0000000008000c94       0x20 Core/Src/main.o
                0x0000000008000c94                HAL_DFSDM_FilterRegConvHalfCpltCallback
 .text.HAL_DFSDM_FilterRegConvCpltCallback
                0x0000000008000cb4       0x20 Core/Src/main.o
                0x0000000008000cb4                HAL_DFSDM_FilterRegConvCpltCallback
 .text.TestBlinking
                0x0000000008000cd4       0x34 Core/Src/main.o
                0x0000000008000cd4                TestBlinking
 .text.SystemClock_Config
                0x0000000008000d08       0xf0 Core/Src/main.o
                0x0000000008000d08                SystemClock_Config
 .text.Error_Handler
                0x0000000008000df8        0xe Core/Src/main.o
                0x0000000008000df8                Error_Handler
 *fill*         0x0000000008000e06        0x2 
 .text.HAL_MspInit
                0x0000000008000e08       0x48 Core/Src/stm32l4xx_hal_msp.o
                0x0000000008000e08                HAL_MspInit
 .text.NMI_Handler
                0x0000000008000e50        0xe Core/Src/stm32l4xx_it.o
                0x0000000008000e50                NMI_Handler
 .text.HardFault_Handler
                0x0000000008000e5e        0x6 Core/Src/stm32l4xx_it.o
                0x0000000008000e5e                HardFault_Handler
 .text.MemManage_Handler
                0x0000000008000e64        0x6 Core/Src/stm32l4xx_it.o
                0x0000000008000e64                MemManage_Handler
 .text.BusFault_Handler
                0x0000000008000e6a        0x6 Core/Src/stm32l4xx_it.o
                0x0000000008000e6a                BusFault_Handler
 .text.UsageFault_Handler
                0x0000000008000e70        0x6 Core/Src/stm32l4xx_it.o
                0x0000000008000e70                UsageFault_Handler
 .text.SVC_Handler
                0x0000000008000e76        0xe Core/Src/stm32l4xx_it.o
                0x0000000008000e76                SVC_Handler
 .text.DebugMon_Handler
                0x0000000008000e84        0xe Core/Src/stm32l4xx_it.o
                0x0000000008000e84                DebugMon_Handler
 .text.PendSV_Handler
                0x0000000008000e92        0xe Core/Src/stm32l4xx_it.o
                0x0000000008000e92                PendSV_Handler
 .text.SysTick_Handler
                0x0000000008000ea0        0xc Core/Src/stm32l4xx_it.o
                0x0000000008000ea0                SysTick_Handler
 .text.DMA1_Channel3_IRQHandler
                0x0000000008000eac       0x14 Core/Src/stm32l4xx_it.o
                0x0000000008000eac                DMA1_Channel3_IRQHandler
 .text.DMA1_Channel4_IRQHandler
                0x0000000008000ec0       0x14 Core/Src/stm32l4xx_it.o
                0x0000000008000ec0                DMA1_Channel4_IRQHandler
 .text.SystemInit
                0x0000000008000ed4       0x6c Core/Src/system_stm32l4xx.o
                0x0000000008000ed4                SystemInit
 .text.MX_TIM6_Init
                0x0000000008000f40       0x6c Core/Src/tim.o
                0x0000000008000f40                MX_TIM6_Init
 .text.HAL_TIM_Base_MspInit
                0x0000000008000fac       0x40 Core/Src/tim.o
                0x0000000008000fac                HAL_TIM_Base_MspInit
 .text.Reset_Handler
                0x0000000008000fec       0x50 Core/Startup/startup_stm32l451ceux.o
                0x0000000008000fec                Reset_Handler
 .text.Default_Handler
                0x000000000800103c        0x2 Core/Startup/startup_stm32l451ceux.o
                0x000000000800103c                RTC_Alarm_IRQHandler
                0x000000000800103c                EXTI2_IRQHandler
                0x000000000800103c                TIM1_CC_IRQHandler
                0x000000000800103c                TSC_IRQHandler
                0x000000000800103c                TAMP_STAMP_IRQHandler
                0x000000000800103c                EXTI3_IRQHandler
                0x000000000800103c                LPTIM2_IRQHandler
                0x000000000800103c                DFSDM1_FLT1_IRQHandler
                0x000000000800103c                I2C3_ER_IRQHandler
                0x000000000800103c                EXTI0_IRQHandler
                0x000000000800103c                I2C2_EV_IRQHandler
                0x000000000800103c                CAN1_RX0_IRQHandler
                0x000000000800103c                FPU_IRQHandler
                0x000000000800103c                TIM1_UP_TIM16_IRQHandler
                0x000000000800103c                SPI1_IRQHandler
                0x000000000800103c                TIM6_DAC_IRQHandler
                0x000000000800103c                DMA2_Channel2_IRQHandler
                0x000000000800103c                ADC1_IRQHandler
                0x000000000800103c                USART3_IRQHandler
                0x000000000800103c                DMA1_Channel7_IRQHandler
                0x000000000800103c                CAN1_RX1_IRQHandler
                0x000000000800103c                DMA2_Channel1_IRQHandler
                0x000000000800103c                QUADSPI_IRQHandler
                0x000000000800103c                I2C1_EV_IRQHandler
                0x000000000800103c                DMA1_Channel6_IRQHandler
                0x000000000800103c                UART4_IRQHandler
                0x000000000800103c                DMA2_Channel4_IRQHandler
                0x000000000800103c                TIM3_IRQHandler
                0x000000000800103c                RCC_IRQHandler
                0x000000000800103c                TIM1_TRG_COM_IRQHandler
                0x000000000800103c                DMA1_Channel1_IRQHandler
                0x000000000800103c                Default_Handler
                0x000000000800103c                DMA2_Channel7_IRQHandler
                0x000000000800103c                EXTI15_10_IRQHandler
                0x000000000800103c                SDMMC1_IRQHandler
                0x000000000800103c                I2C3_EV_IRQHandler
                0x000000000800103c                EXTI9_5_IRQHandler
                0x000000000800103c                RTC_WKUP_IRQHandler
                0x000000000800103c                PVD_PVM_IRQHandler
                0x000000000800103c                SPI2_IRQHandler
                0x000000000800103c                CAN1_TX_IRQHandler
                0x000000000800103c                DMA2_Channel5_IRQHandler
                0x000000000800103c                CRS_IRQHandler
                0x000000000800103c                DMA1_Channel5_IRQHandler
                0x000000000800103c                EXTI4_IRQHandler
                0x000000000800103c                RNG_IRQHandler
                0x000000000800103c                COMP_IRQHandler
                0x000000000800103c                WWDG_IRQHandler
                0x000000000800103c                I2C4_EV_IRQHandler
                0x000000000800103c                LPUART1_IRQHandler
                0x000000000800103c                DMA2_Channel6_IRQHandler
                0x000000000800103c                TIM2_IRQHandler
                0x000000000800103c                EXTI1_IRQHandler
                0x000000000800103c                USART2_IRQHandler
                0x000000000800103c                DFSDM1_FLT0_IRQHandler
                0x000000000800103c                I2C2_ER_IRQHandler
                0x000000000800103c                DMA1_Channel2_IRQHandler
                0x000000000800103c                CAN1_SCE_IRQHandler
                0x000000000800103c                FLASH_IRQHandler
                0x000000000800103c                USART1_IRQHandler
                0x000000000800103c                SPI3_IRQHandler
                0x000000000800103c                I2C1_ER_IRQHandler
                0x000000000800103c                LPTIM1_IRQHandler
                0x000000000800103c                I2C4_ER_IRQHandler
                0x000000000800103c                SAI1_IRQHandler
                0x000000000800103c                DMA2_Channel3_IRQHandler
                0x000000000800103c                TIM1_BRK_TIM15_IRQHandler
 .text.HAL_Init
                0x000000000800103e       0x30 Drivers/STM32L4xx_HAL_Driver/Src/stm32l4xx_hal.o
                0x000000000800103e                HAL_Init
 *fill*         0x000000000800106e        0x2 
 .text.HAL_InitTick
                0x0000000008001070       0x78 Drivers/STM32L4xx_HAL_Driver/Src/stm32l4xx_hal.o
                0x0000000008001070                HAL_InitTick
 .text.HAL_IncTick
                0x00000000080010e8       0x28 Drivers/STM32L4xx_HAL_Driver/Src/stm32l4xx_hal.o
                0x00000000080010e8                HAL_IncTick
 .text.HAL_GetTick
                0x0000000008001110       0x18 Drivers/STM32L4xx_HAL_Driver/Src/stm32l4xx_hal.o
                0x0000000008001110                HAL_GetTick
 .text.HAL_Delay
                0x0000000008001128       0x44 Drivers/STM32L4xx_HAL_Driver/Src/stm32l4xx_hal.o
                0x0000000008001128                HAL_Delay
 .text.__NVIC_SetPriorityGrouping
                0x000000000800116c       0x48 Drivers/STM32L4xx_HAL_Driver/Src/stm32l4xx_hal_cortex.o
 .text.__NVIC_GetPriorityGrouping
                0x00000000080011b4       0x1c Drivers/STM32L4xx_HAL_Driver/Src/stm32l4xx_hal_cortex.o
 .text.__NVIC_EnableIRQ
                0x00000000080011d0       0x3c Drivers/STM32L4xx_HAL_Driver/Src/stm32l4xx_hal_cortex.o
 .text.__NVIC_SetPriority
                0x000000000800120c       0x54 Drivers/STM32L4xx_HAL_Driver/Src/stm32l4xx_hal_cortex.o
 .text.NVIC_EncodePriority
                0x0000000008001260       0x66 Drivers/STM32L4xx_HAL_Driver/Src/stm32l4xx_hal_cortex.o
 *fill*         0x00000000080012c6        0x2 
 .text.SysTick_Config
                0x00000000080012c8       0x44 Drivers/STM32L4xx_HAL_Driver/Src/stm32l4xx_hal_cortex.o
 .text.HAL_NVIC_SetPriorityGrouping
                0x000000000800130c       0x16 Drivers/STM32L4xx_HAL_Driver/Src/stm32l4xx_hal_cortex.o
                0x000000000800130c                HAL_NVIC_SetPriorityGrouping
 .text.HAL_NVIC_SetPriority
                0x0000000008001322       0x38 Drivers/STM32L4xx_HAL_Driver/Src/stm32l4xx_hal_cortex.o
                0x0000000008001322                HAL_NVIC_SetPriority
 .text.HAL_NVIC_EnableIRQ
                0x000000000800135a       0x1c Drivers/STM32L4xx_HAL_Driver/Src/stm32l4xx_hal_cortex.o
                0x000000000800135a                HAL_NVIC_EnableIRQ
 .text.HAL_SYSTICK_Config
                0x0000000008001376       0x18 Drivers/STM32L4xx_HAL_Driver/Src/stm32l4xx_hal_cortex.o
                0x0000000008001376                HAL_SYSTICK_Config
 .text.HAL_DAC_Init
                0x000000000800138e       0x44 Drivers/STM32L4xx_HAL_Driver/Src/stm32l4xx_hal_dac.o
                0x000000000800138e                HAL_DAC_Init
 .text.HAL_DAC_Start
                0x00000000080013d2       0x72 Drivers/STM32L4xx_HAL_Driver/Src/stm32l4xx_hal_dac.o
                0x00000000080013d2                HAL_DAC_Start
 .text.HAL_DAC_Start_DMA
                0x0000000008001444       0xec Drivers/STM32L4xx_HAL_Driver/Src/stm32l4xx_hal_dac.o
                0x0000000008001444                HAL_DAC_Start_DMA
 .text.HAL_DAC_ConvCpltCallbackCh1
                0x0000000008001530       0x14 Drivers/STM32L4xx_HAL_Driver/Src/stm32l4xx_hal_dac.o
                0x0000000008001530                HAL_DAC_ConvCpltCallbackCh1
 .text.HAL_DAC_ConvHalfCpltCallbackCh1
                0x0000000008001544       0x14 Drivers/STM32L4xx_HAL_Driver/Src/stm32l4xx_hal_dac.o
                0x0000000008001544                HAL_DAC_ConvHalfCpltCallbackCh1
 .text.HAL_DAC_ErrorCallbackCh1
                0x0000000008001558       0x14 Drivers/STM32L4xx_HAL_Driver/Src/stm32l4xx_hal_dac.o
                0x0000000008001558                HAL_DAC_ErrorCallbackCh1
 .text.HAL_DAC_ConfigChannel
                0x000000000800156c      0x1f4 Drivers/STM32L4xx_HAL_Driver/Src/stm32l4xx_hal_dac.o
                0x000000000800156c                HAL_DAC_ConfigChannel
 .text.DAC_DMAConvCpltCh1
                0x0000000008001760       0x22 Drivers/STM32L4xx_HAL_Driver/Src/stm32l4xx_hal_dac.o
                0x0000000008001760                DAC_DMAConvCpltCh1
 .text.DAC_DMAHalfConvCpltCh1
                0x0000000008001782       0x1c Drivers/STM32L4xx_HAL_Driver/Src/stm32l4xx_hal_dac.o
                0x0000000008001782                DAC_DMAHalfConvCpltCh1
 .text.DAC_DMAErrorCh1
                0x000000000800179e       0x2e Drivers/STM32L4xx_HAL_Driver/Src/stm32l4xx_hal_dac.o
                0x000000000800179e                DAC_DMAErrorCh1
 .text.HAL_DFSDM_ChannelInit
                0x00000000080017cc      0x180 Drivers/STM32L4xx_HAL_Driver/Src/stm32l4xx_hal_dfsdm.o
                0x00000000080017cc                HAL_DFSDM_ChannelInit
 .text.HAL_DFSDM_FilterInit
                0x000000000800194c      0x1b4 Drivers/STM32L4xx_HAL_Driver/Src/stm32l4xx_hal_dfsdm.o
                0x000000000800194c                HAL_DFSDM_FilterInit
 .text.HAL_DFSDM_FilterConfigRegChannel
                0x0000000008001b00       0x8a Drivers/STM32L4xx_HAL_Driver/Src/stm32l4xx_hal_dfsdm.o
                0x0000000008001b00                HAL_DFSDM_FilterConfigRegChannel
 *fill*         0x0000000008001b8a        0x2 
 .text.HAL_DFSDM_FilterRegularStart_DMA
                0x0000000008001b8c      0x104 Drivers/STM32L4xx_HAL_Driver/Src/stm32l4xx_hal_dfsdm.o
                0x0000000008001b8c                HAL_DFSDM_FilterRegularStart_DMA
 .text.HAL_DFSDM_FilterErrorCallback
                0x0000000008001c90       0x14 Drivers/STM32L4xx_HAL_Driver/Src/stm32l4xx_hal_dfsdm.o
                0x0000000008001c90                HAL_DFSDM_FilterErrorCallback
 .text.DFSDM_DMARegularHalfConvCplt
                0x0000000008001ca4       0x1c Drivers/STM32L4xx_HAL_Driver/Src/stm32l4xx_hal_dfsdm.o
 .text.DFSDM_DMARegularConvCplt
                0x0000000008001cc0       0x1c Drivers/STM32L4xx_HAL_Driver/Src/stm32l4xx_hal_dfsdm.o
 .text.DFSDM_DMAError
                0x0000000008001cdc       0x22 Drivers/STM32L4xx_HAL_Driver/Src/stm32l4xx_hal_dfsdm.o
 *fill*         0x0000000008001cfe        0x2 
 .text.DFSDM_GetChannelFromInstance
                0x0000000008001d00       0x50 Drivers/STM32L4xx_HAL_Driver/Src/stm32l4xx_hal_dfsdm.o
 .text.DFSDM_RegConvStart
                0x0000000008001d50       0xac Drivers/STM32L4xx_HAL_Driver/Src/stm32l4xx_hal_dfsdm.o
 .text.HAL_DMA_Init
                0x0000000008001dfc      0x170 Drivers/STM32L4xx_HAL_Driver/Src/stm32l4xx_hal_dma.o
                0x0000000008001dfc                HAL_DMA_Init
 .text.HAL_DMA_Start_IT
                0x0000000008001f6c       0xc0 Drivers/STM32L4xx_HAL_Driver/Src/stm32l4xx_hal_dma.o
                0x0000000008001f6c                HAL_DMA_Start_IT
 .text.HAL_DMA_IRQHandler
                0x000000000800202c      0x15e Drivers/STM32L4xx_HAL_Driver/Src/stm32l4xx_hal_dma.o
                0x000000000800202c                HAL_DMA_IRQHandler
 .text.DMA_SetConfig
                0x000000000800218a       0x60 Drivers/STM32L4xx_HAL_Driver/Src/stm32l4xx_hal_dma.o
 *fill*         0x00000000080021ea        0x2 
 .text.HAL_GPIO_Init
                0x00000000080021ec      0x2f4 Drivers/STM32L4xx_HAL_Driver/Src/stm32l4xx_hal_gpio.o
                0x00000000080021ec                HAL_GPIO_Init
 .text.HAL_GPIO_WritePin
                0x00000000080024e0       0x30 Drivers/STM32L4xx_HAL_Driver/Src/stm32l4xx_hal_gpio.o
                0x00000000080024e0                HAL_GPIO_WritePin
 .text.HAL_GPIO_TogglePin
                0x0000000008002510       0x34 Drivers/STM32L4xx_HAL_Driver/Src/stm32l4xx_hal_gpio.o
                0x0000000008002510                HAL_GPIO_TogglePin
 .text.HAL_I2C_Init
                0x0000000008002544      0x11e Drivers/STM32L4xx_HAL_Driver/Src/stm32l4xx_hal_i2c.o
                0x0000000008002544                HAL_I2C_Init
 .text.HAL_I2C_IsDeviceReady
                0x0000000008002662      0x20e Drivers/STM32L4xx_HAL_Driver/Src/stm32l4xx_hal_i2c.o
                0x0000000008002662                HAL_I2C_IsDeviceReady
 .text.I2C_WaitOnFlagUntilTimeout
                0x0000000008002870       0x80 Drivers/STM32L4xx_HAL_Driver/Src/stm32l4xx_hal_i2c.o
 .text.HAL_I2CEx_ConfigAnalogFilter
                0x00000000080028f0       0x96 Drivers/STM32L4xx_HAL_Driver/Src/stm32l4xx_hal_i2c_ex.o
                0x00000000080028f0                HAL_I2CEx_ConfigAnalogFilter
 .text.HAL_I2CEx_ConfigDigitalFilter
                0x0000000008002986       0x98 Drivers/STM32L4xx_HAL_Driver/Src/stm32l4xx_hal_i2c_ex.o
                0x0000000008002986                HAL_I2CEx_ConfigDigitalFilter
 *fill*         0x0000000008002a1e        0x2 
 .text.HAL_PWREx_GetVoltageRange
                0x0000000008002a20       0x1c Drivers/STM32L4xx_HAL_Driver/Src/stm32l4xx_hal_pwr_ex.o
                0x0000000008002a20                HAL_PWREx_GetVoltageRange
 .text.HAL_PWREx_ControlVoltageScaling
                0x0000000008002a3c       0xac Drivers/STM32L4xx_HAL_Driver/Src/stm32l4xx_hal_pwr_ex.o
                0x0000000008002a3c                HAL_PWREx_ControlVoltageScaling
 .text.HAL_RCC_OscConfig
                0x0000000008002ae8      0x840 Drivers/STM32L4xx_HAL_Driver/Src/stm32l4xx_hal_rcc.o
                0x0000000008002ae8                HAL_RCC_OscConfig
 .text.HAL_RCC_ClockConfig
                0x0000000008003328      0x1c4 Drivers/STM32L4xx_HAL_Driver/Src/stm32l4xx_hal_rcc.o
                0x0000000008003328                HAL_RCC_ClockConfig
 .text.HAL_RCC_GetSysClockFreq
                0x00000000080034ec      0x114 Drivers/STM32L4xx_HAL_Driver/Src/stm32l4xx_hal_rcc.o
                0x00000000080034ec                HAL_RCC_GetSysClockFreq
 .text.RCC_SetFlashLatencyFromMSIRange
                0x0000000008003600       0xc0 Drivers/STM32L4xx_HAL_Driver/Src/stm32l4xx_hal_rcc.o
 .text.HAL_RCCEx_PeriphCLKConfig
                0x00000000080036c0      0x470 Drivers/STM32L4xx_HAL_Driver/Src/stm32l4xx_hal_rcc_ex.o
                0x00000000080036c0                HAL_RCCEx_PeriphCLKConfig
 .text.RCCEx_PLLSAI1_Config
                0x0000000008003b30      0x1e0 Drivers/STM32L4xx_HAL_Driver/Src/stm32l4xx_hal_rcc_ex.o
 .text.HAL_TIM_Base_Init
                0x0000000008003d10       0xae Drivers/STM32L4xx_HAL_Driver/Src/stm32l4xx_hal_tim.o
                0x0000000008003d10                HAL_TIM_Base_Init
 *fill*         0x0000000008003dbe        0x2 
 .text.HAL_TIM_Base_Start
                0x0000000008003dc0       0xa8 Drivers/STM32L4xx_HAL_Driver/Src/stm32l4xx_hal_tim.o
                0x0000000008003dc0                HAL_TIM_Base_Start
 .text.TIM_Base_SetConfig
                0x0000000008003e68       0xdc Drivers/STM32L4xx_HAL_Driver/Src/stm32l4xx_hal_tim.o
                0x0000000008003e68                TIM_Base_SetConfig
 .text.HAL_TIMEx_MasterConfigSynchronization
                0x0000000008003f44       0xdc Drivers/STM32L4xx_HAL_Driver/Src/stm32l4xx_hal_tim_ex.o
                0x0000000008003f44                HAL_TIMEx_MasterConfigSynchronization
 .text.HAL_UART_Receive_DMA
                0x0000000008004020      0x108 Drivers/STM32L4xx_HAL_Driver/Src/stm32l4xx_hal_uart.o
                0x0000000008004020                HAL_UART_Receive_DMA
 .text.HAL_UART_RxHalfCpltCallback
                0x0000000008004128       0x14 Drivers/STM32L4xx_HAL_Driver/Src/stm32l4xx_hal_uart.o
                0x0000000008004128                HAL_UART_RxHalfCpltCallback
 .text.HAL_UART_ErrorCallback
                0x000000000800413c       0x14 Drivers/STM32L4xx_HAL_Driver/Src/stm32l4xx_hal_uart.o
                0x000000000800413c                HAL_UART_ErrorCallback
 .text.UART_EndTxTransfer
                0x0000000008004150       0x2a Drivers/STM32L4xx_HAL_Driver/Src/stm32l4xx_hal_uart.o
 .text.UART_EndRxTransfer
                0x000000000800417a       0x40 Drivers/STM32L4xx_HAL_Driver/Src/stm32l4xx_hal_uart.o
 .text.UART_DMAReceiveCplt
                0x00000000080041ba       0x68 Drivers/STM32L4xx_HAL_Driver/Src/stm32l4xx_hal_uart.o
 .text.UART_DMARxHalfCplt
                0x0000000008004222       0x1c Drivers/STM32L4xx_HAL_Driver/Src/stm32l4xx_hal_uart.o
 .text.UART_DMAError
                0x000000000800423e       0x78 Drivers/STM32L4xx_HAL_Driver/Src/stm32l4xx_hal_uart.o
 .text.arm_biquad_cascade_df2T_f32
                0x00000000080042b6      0x376 ../DSP\libarm_cortexM4lf_math.a(arm_biquad_cascade_df2t_f32.o)
                0x00000000080042b6                arm_biquad_cascade_df2T_f32
 .text.arm_biquad_cascade_df2T_init_f32
                0x000000000800462c       0x18 ../DSP\libarm_cortexM4lf_math.a(arm_biquad_cascade_df2t_init_f32.o)
                0x000000000800462c                arm_biquad_cascade_df2T_init_f32
 .text.__libc_init_array
                0x0000000008004644       0x48 c:/st/stm32cubeide_1.2.0/stm32cubeide/plugins/com.st.stm32cube.ide.mcu.externaltools.gnu-tools-for-stm32.7-2018-q2-update.win32_1.4.0.202007081208/tools/bin/../lib/gcc/arm-none-eabi/7.3.1/../../../../arm-none-eabi/lib/thumb/v7e-m/fpv4-sp/hard\libc_nano.a(lib_a-init.o)
                0x0000000008004644                __libc_init_array
 .text.memset   0x000000000800468c       0x10 c:/st/stm32cubeide_1.2.0/stm32cubeide/plugins/com.st.stm32cube.ide.mcu.externaltools.gnu-tools-for-stm32.7-2018-q2-update.win32_1.4.0.202007081208/tools/bin/../lib/gcc/arm-none-eabi/7.3.1/../../../../arm-none-eabi/lib/thumb/v7e-m/fpv4-sp/hard\libc_nano.a(lib_a-memset.o)
                0x000000000800468c                memset
 *(.glue_7)
 .glue_7        0x000000000800469c        0x0 linker stubs
 *(.glue_7t)
 .glue_7t       0x000000000800469c        0x0 linker stubs
 *(.eh_frame)
 .eh_frame      0x000000000800469c        0x0 c:/st/stm32cubeide_1.2.0/stm32cubeide/plugins/com.st.stm32cube.ide.mcu.externaltools.gnu-tools-for-stm32.7-2018-q2-update.win32_1.4.0.202007081208/tools/bin/../lib/gcc/arm-none-eabi/7.3.1/thumb/v7e-m/fpv4-sp/hard/crtbegin.o
 *(.init)
 .init          0x000000000800469c        0x4 c:/st/stm32cubeide_1.2.0/stm32cubeide/plugins/com.st.stm32cube.ide.mcu.externaltools.gnu-tools-for-stm32.7-2018-q2-update.win32_1.4.0.202007081208/tools/bin/../lib/gcc/arm-none-eabi/7.3.1/thumb/v7e-m/fpv4-sp/hard/crti.o
                0x000000000800469c                _init
 .init          0x00000000080046a0        0x8 c:/st/stm32cubeide_1.2.0/stm32cubeide/plugins/com.st.stm32cube.ide.mcu.externaltools.gnu-tools-for-stm32.7-2018-q2-update.win32_1.4.0.202007081208/tools/bin/../lib/gcc/arm-none-eabi/7.3.1/thumb/v7e-m/fpv4-sp/hard/crtn.o
 *(.fini)
 .fini          0x00000000080046a8        0x4 c:/st/stm32cubeide_1.2.0/stm32cubeide/plugins/com.st.stm32cube.ide.mcu.externaltools.gnu-tools-for-stm32.7-2018-q2-update.win32_1.4.0.202007081208/tools/bin/../lib/gcc/arm-none-eabi/7.3.1/thumb/v7e-m/fpv4-sp/hard/crti.o
                0x00000000080046a8                _fini
 .fini          0x00000000080046ac        0x8 c:/st/stm32cubeide_1.2.0/stm32cubeide/plugins/com.st.stm32cube.ide.mcu.externaltools.gnu-tools-for-stm32.7-2018-q2-update.win32_1.4.0.202007081208/tools/bin/../lib/gcc/arm-none-eabi/7.3.1/thumb/v7e-m/fpv4-sp/hard/crtn.o
                0x00000000080046b4                . = ALIGN (0x4)
                0x00000000080046b4                _etext = .

.vfp11_veneer   0x00000000080046b4        0x0
 .vfp11_veneer  0x00000000080046b4        0x0 linker stubs

.v4_bx          0x00000000080046b4        0x0
 .v4_bx         0x00000000080046b4        0x0 linker stubs

.iplt           0x00000000080046b4        0x0
 .iplt          0x00000000080046b4        0x0 c:/st/stm32cubeide_1.2.0/stm32cubeide/plugins/com.st.stm32cube.ide.mcu.externaltools.gnu-tools-for-stm32.7-2018-q2-update.win32_1.4.0.202007081208/tools/bin/../lib/gcc/arm-none-eabi/7.3.1/thumb/v7e-m/fpv4-sp/hard/crtbegin.o

.rodata         0x00000000080046b4       0x40
                0x00000000080046b4                . = ALIGN (0x4)
 *(.rodata)
 *(.rodata*)
 .rodata.AHBPrescTable
                0x00000000080046b4       0x10 Core/Src/system_stm32l4xx.o
                0x00000000080046b4                AHBPrescTable
 .rodata.MSIRangeTable
                0x00000000080046c4       0x30 Core/Src/system_stm32l4xx.o
                0x00000000080046c4                MSIRangeTable
                0x00000000080046f4                . = ALIGN (0x4)

.rel.dyn        0x00000000080046f4        0x0
 .rel.iplt      0x00000000080046f4        0x0 c:/st/stm32cubeide_1.2.0/stm32cubeide/plugins/com.st.stm32cube.ide.mcu.externaltools.gnu-tools-for-stm32.7-2018-q2-update.win32_1.4.0.202007081208/tools/bin/../lib/gcc/arm-none-eabi/7.3.1/thumb/v7e-m/fpv4-sp/hard/crtbegin.o

.ARM.extab      0x00000000080046f4        0x0
                0x00000000080046f4                . = ALIGN (0x4)
 *(.ARM.extab* .gnu.linkonce.armextab.*)
                0x00000000080046f4                . = ALIGN (0x4)

.ARM            0x00000000080046f4        0x0
                0x00000000080046f4                . = ALIGN (0x4)
                0x00000000080046f4                __exidx_start = .
 *(.ARM.exidx*)
                0x00000000080046f4                __exidx_end = .
                0x00000000080046f4                . = ALIGN (0x4)

.preinit_array  0x00000000080046f4        0x0
                0x00000000080046f4                . = ALIGN (0x4)
                0x00000000080046f4                PROVIDE (__preinit_array_start = .)
 *(.preinit_array*)
                0x00000000080046f4                PROVIDE (__preinit_array_end = .)
                0x00000000080046f4                . = ALIGN (0x4)

.init_array     0x00000000080046f4        0x4
                0x00000000080046f4                . = ALIGN (0x4)
                0x00000000080046f4                PROVIDE (__init_array_start = .)
 *(SORT_BY_NAME(.init_array.*))
 *(.init_array*)
 .init_array    0x00000000080046f4        0x4 c:/st/stm32cubeide_1.2.0/stm32cubeide/plugins/com.st.stm32cube.ide.mcu.externaltools.gnu-tools-for-stm32.7-2018-q2-update.win32_1.4.0.202007081208/tools/bin/../lib/gcc/arm-none-eabi/7.3.1/thumb/v7e-m/fpv4-sp/hard/crtbegin.o
                0x00000000080046f8                PROVIDE (__init_array_end = .)
                0x00000000080046f8                . = ALIGN (0x4)

.fini_array     0x00000000080046f8        0x4
                0x00000000080046f8                . = ALIGN (0x4)
                [!provide]                        PROVIDE (__fini_array_start = .)
 *(SORT_BY_NAME(.fini_array.*))
 *(.fini_array*)
 .fini_array    0x00000000080046f8        0x4 c:/st/stm32cubeide_1.2.0/stm32cubeide/plugins/com.st.stm32cube.ide.mcu.externaltools.gnu-tools-for-stm32.7-2018-q2-update.win32_1.4.0.202007081208/tools/bin/../lib/gcc/arm-none-eabi/7.3.1/thumb/v7e-m/fpv4-sp/hard/crtbegin.o
                [!provide]                        PROVIDE (__fini_array_end = .)
                0x00000000080046fc                . = ALIGN (0x4)
                0x00000000080046fc                _sidata = LOADADDR (.data)

.data           0x0000000020000000     0xebac load address 0x00000000080046fc
                0x0000000020000000                . = ALIGN (0x4)
                0x0000000020000000                _sdata = .
 *(.data)
 *(.data*)
 .data.band1_coeff
                0x0000000020000000     0x2f1c Core/Src/main.o
                0x0000000020000000                band1_coeff
 .data.band2_coeff
                0x0000000020002f1c     0x2f1c Core/Src/main.o
                0x0000000020002f1c                band2_coeff
 .data.band3_coeff
                0x0000000020005e38     0x2f1c Core/Src/main.o
                0x0000000020005e38                band3_coeff
 .data.band4_coeff
                0x0000000020008d54     0x2f1c Core/Src/main.o
                0x0000000020008d54                band4_coeff
 .data.band5_coeff
                0x000000002000bc70     0x2f1c Core/Src/main.o
                0x000000002000bc70                band5_coeff
 .data.gainDB   0x000000002000eb8c       0x14 Core/Src/main.o
                0x000000002000eb8c                gainDB
 .data.SystemCoreClock
                0x000000002000eba0        0x4 Core/Src/system_stm32l4xx.o
                0x000000002000eba0                SystemCoreClock
 .data.uwTickPrio
                0x000000002000eba4        0x4 Drivers/STM32L4xx_HAL_Driver/Src/stm32l4xx_hal.o
                0x000000002000eba4                uwTickPrio
 .data.uwTickFreq
                0x000000002000eba8        0x1 Drivers/STM32L4xx_HAL_Driver/Src/stm32l4xx_hal.o
                0x000000002000eba8                uwTickFreq
                0x000000002000ebac                . = ALIGN (0x4)
 *fill*         0x000000002000eba9        0x3 
                0x000000002000ebac                _edata = .

.igot.plt       0x000000002000ebac        0x0 load address 0x00000000080132a8
 .igot.plt      0x000000002000ebac        0x0 c:/st/stm32cubeide_1.2.0/stm32cubeide/plugins/com.st.stm32cube.ide.mcu.externaltools.gnu-tools-for-stm32.7-2018-q2-update.win32_1.4.0.202007081208/tools/bin/../lib/gcc/arm-none-eabi/7.3.1/thumb/v7e-m/fpv4-sp/hard/crtbegin.o
                0x000000002000ebac                . = ALIGN (0x4)

.bss            0x000000002000ebac      0xb44 load address 0x00000000080132a8
                0x000000002000ebac                _sbss = .
                0x000000002000ebac                __bss_start__ = _sbss
 *(.bss)
 .bss           0x000000002000ebac       0x1c c:/st/stm32cubeide_1.2.0/stm32cubeide/plugins/com.st.stm32cube.ide.mcu.externaltools.gnu-tools-for-stm32.7-2018-q2-update.win32_1.4.0.202007081208/tools/bin/../lib/gcc/arm-none-eabi/7.3.1/thumb/v7e-m/fpv4-sp/hard/crtbegin.o
 *(.bss*)
 .bss.HAL_RCC_DFSDM1_CLK_ENABLED
                0x000000002000ebc8        0x4 Core/Src/dfsdm.o
 .bss.DFSDM1_Init
                0x000000002000ebcc        0x4 Core/Src/dfsdm.o
 .bss.RightRecBuff
                0x000000002000ebd0      0x300 Core/Src/main.o
                0x000000002000ebd0                RightRecBuff
 .bss.txBuf     0x000000002000eed0      0x300 Core/Src/main.o
                0x000000002000eed0                txBuf
 .bss.uSample16
                0x000000002000f1d0        0x2 Core/Src/main.o
                0x000000002000f1d0                uSample16
 .bss.sample16  0x000000002000f1d2        0x2 Core/Src/main.o
                0x000000002000f1d2                sample16
 .bss.DmaRightRecHalfBuffCplt
                0x000000002000f1d4        0x1 Core/Src/main.o
                0x000000002000f1d4                DmaRightRecHalfBuffCplt
 .bss.DmaRightRecBuffCplt
                0x000000002000f1d5        0x1 Core/Src/main.o
                0x000000002000f1d5                DmaRightRecBuffCplt
 .bss.PlaybackStarted
                0x000000002000f1d6        0x1 Core/Src/main.o
                0x000000002000f1d6                PlaybackStarted
 *fill*         0x000000002000f1d7        0x1 
 .bss.v_dfsdm1ChannelCounter
                0x000000002000f1d8        0x4 Drivers/STM32L4xx_HAL_Driver/Src/stm32l4xx_hal_dfsdm.o
 .bss.a_dfsdm1ChannelHandle
                0x000000002000f1dc       0x10 Drivers/STM32L4xx_HAL_Driver/Src/stm32l4xx_hal_dfsdm.o
 *(COMMON)
 COMMON         0x000000002000f1ec       0x5c Core/Src/dac.o
                0x000000002000f1ec                hdac1
                0x000000002000f200                hdma_dac_ch1
 COMMON         0x000000002000f248       0xd4 Core/Src/dfsdm.o
                0x000000002000f248                hdfsdm1_filter0
                0x000000002000f29c                hdma_dfsdm1_flt0
                0x000000002000f2e4                hdfsdm1_channel0
 COMMON         0x000000002000f31c       0x4c Core/Src/i2c.o
                0x000000002000f31c                hi2c1
 COMMON         0x000000002000f368      0x2b8 Core/Src/main.o
                0x000000002000f368                S3
                0x000000002000f374                biquadStateBand1
                0x000000002000f3a4                j
                0x000000002000f3a8                Uart_array
                0x000000002000f3ac                S1
                0x000000002000f3b8                biquadStateBand3
                0x000000002000f3e8                i
                0x000000002000f3ec                buf_out
                0x000000002000f4ac                biquadStateBand5
                0x000000002000f4dc                S4
                0x000000002000f4e8                S2
                0x000000002000f4f4                biquadStateBand2
                0x000000002000f524                buf_in
                0x000000002000f5e4                S5
                0x000000002000f5f0                biquadStateBand4
 COMMON         0x000000002000f620       0x4c Core/Src/tim.o
                0x000000002000f620                htim6
 COMMON         0x000000002000f66c       0x80 Core/Src/usart.o
                0x000000002000f66c                huart1
 COMMON         0x000000002000f6ec        0x4 Drivers/STM32L4xx_HAL_Driver/Src/stm32l4xx_hal.o
                0x000000002000f6ec                uwTick
                0x000000002000f6f0                . = ALIGN (0x4)
                0x000000002000f6f0                _ebss = .
                0x000000002000f6f0                __bss_end__ = _ebss

._user_heap_stack
                0x000000002000f6f0      0x600 load address 0x00000000080132a8
                0x000000002000f6f0                . = ALIGN (0x8)
                0x000000002000f6f0                PROVIDE (end = .)
                [!provide]                        PROVIDE (_end = .)
                0x000000002000f8f0                . = (. + _Min_Heap_Size)
 *fill*         0x000000002000f6f0      0x200 
                0x000000002000fcf0                . = (. + _Min_Stack_Size)
 *fill*         0x000000002000f8f0      0x400 
                0x000000002000fcf0                . = ALIGN (0x8)

/DISCARD/
 libc.a(*)
 libm.a(*)
 libgcc.a(*)

.ARM.attributes
                0x0000000000000000       0x30
 *(.ARM.attributes)
 .ARM.attributes
                0x0000000000000000       0x22 c:/st/stm32cubeide_1.2.0/stm32cubeide/plugins/com.st.stm32cube.ide.mcu.externaltools.gnu-tools-for-stm32.7-2018-q2-update.win32_1.4.0.202007081208/tools/bin/../lib/gcc/arm-none-eabi/7.3.1/thumb/v7e-m/fpv4-sp/hard/crti.o
 .ARM.attributes
                0x0000000000000022       0x34 c:/st/stm32cubeide_1.2.0/stm32cubeide/plugins/com.st.stm32cube.ide.mcu.externaltools.gnu-tools-for-stm32.7-2018-q2-update.win32_1.4.0.202007081208/tools/bin/../lib/gcc/arm-none-eabi/7.3.1/thumb/v7e-m/fpv4-sp/hard/crtbegin.o
 .ARM.attributes
                0x0000000000000056       0x39 Core/Src/dac.o
 .ARM.attributes
                0x000000000000008f       0x39 Core/Src/dfsdm.o
 .ARM.attributes
                0x00000000000000c8       0x39 Core/Src/dma.o
 .ARM.attributes
                0x0000000000000101       0x39 Core/Src/gpio.o
 .ARM.attributes
                0x000000000000013a       0x39 Core/Src/i2c.o
 .ARM.attributes
                0x0000000000000173       0x39 Core/Src/main.o
 .ARM.attributes
                0x00000000000001ac       0x39 Core/Src/stm32l4xx_hal_msp.o
 .ARM.attributes
                0x00000000000001e5       0x39 Core/Src/stm32l4xx_it.o
 .ARM.attributes
                0x000000000000021e       0x39 Core/Src/system_stm32l4xx.o
 .ARM.attributes
                0x0000000000000257       0x39 Core/Src/tim.o
 .ARM.attributes
                0x0000000000000290       0x39 Core/Src/usart.o
 .ARM.attributes
                0x00000000000002c9       0x21 Core/Startup/startup_stm32l451ceux.o
 .ARM.attributes
                0x00000000000002ea       0x39 Drivers/STM32L4xx_HAL_Driver/Src/stm32l4xx_hal.o
 .ARM.attributes
                0x0000000000000323       0x39 Drivers/STM32L4xx_HAL_Driver/Src/stm32l4xx_hal_cortex.o
 .ARM.attributes
                0x000000000000035c       0x39 Drivers/STM32L4xx_HAL_Driver/Src/stm32l4xx_hal_dac.o
 .ARM.attributes
                0x0000000000000395       0x39 Drivers/STM32L4xx_HAL_Driver/Src/stm32l4xx_hal_dfsdm.o
 .ARM.attributes
                0x00000000000003ce       0x39 Drivers/STM32L4xx_HAL_Driver/Src/stm32l4xx_hal_dma.o
 .ARM.attributes
                0x0000000000000407       0x39 Drivers/STM32L4xx_HAL_Driver/Src/stm32l4xx_hal_gpio.o
 .ARM.attributes
                0x0000000000000440       0x39 Drivers/STM32L4xx_HAL_Driver/Src/stm32l4xx_hal_i2c.o
 .ARM.attributes
                0x0000000000000479       0x39 Drivers/STM32L4xx_HAL_Driver/Src/stm32l4xx_hal_i2c_ex.o
 .ARM.attributes
                0x00000000000004b2       0x39 Drivers/STM32L4xx_HAL_Driver/Src/stm32l4xx_hal_pwr_ex.o
 .ARM.attributes
                0x00000000000004eb       0x39 Drivers/STM32L4xx_HAL_Driver/Src/stm32l4xx_hal_rcc.o
 .ARM.attributes
                0x0000000000000524       0x39 Drivers/STM32L4xx_HAL_Driver/Src/stm32l4xx_hal_rcc_ex.o
 .ARM.attributes
                0x000000000000055d       0x39 Drivers/STM32L4xx_HAL_Driver/Src/stm32l4xx_hal_tim.o
 .ARM.attributes
                0x0000000000000596       0x39 Drivers/STM32L4xx_HAL_Driver/Src/stm32l4xx_hal_tim_ex.o
 .ARM.attributes
                0x00000000000005cf       0x39 Drivers/STM32L4xx_HAL_Driver/Src/stm32l4xx_hal_uart.o
 .ARM.attributes
                0x0000000000000608       0x34 ../DSP\libarm_cortexM4lf_math.a(arm_biquad_cascade_df2t_f32.o)
 .ARM.attributes
                0x000000000000063c       0x34 ../DSP\libarm_cortexM4lf_math.a(arm_biquad_cascade_df2t_init_f32.o)
 .ARM.attributes
                0x0000000000000670       0x34 c:/st/stm32cubeide_1.2.0/stm32cubeide/plugins/com.st.stm32cube.ide.mcu.externaltools.gnu-tools-for-stm32.7-2018-q2-update.win32_1.4.0.202007081208/tools/bin/../lib/gcc/arm-none-eabi/7.3.1/../../../../arm-none-eabi/lib/thumb/v7e-m/fpv4-sp/hard\libc_nano.a(lib_a-init.o)
 .ARM.attributes
                0x00000000000006a4       0x34 c:/st/stm32cubeide_1.2.0/stm32cubeide/plugins/com.st.stm32cube.ide.mcu.externaltools.gnu-tools-for-stm32.7-2018-q2-update.win32_1.4.0.202007081208/tools/bin/../lib/gcc/arm-none-eabi/7.3.1/../../../../arm-none-eabi/lib/thumb/v7e-m/fpv4-sp/hard\libc_nano.a(lib_a-memset.o)
 .ARM.attributes
                0x00000000000006d8       0x22 c:/st/stm32cubeide_1.2.0/stm32cubeide/plugins/com.st.stm32cube.ide.mcu.externaltools.gnu-tools-for-stm32.7-2018-q2-update.win32_1.4.0.202007081208/tools/bin/../lib/gcc/arm-none-eabi/7.3.1/thumb/v7e-m/fpv4-sp/hard/crtn.o
OUTPUT(STM32L451CE.elf elf32-littlearm)

.debug_info     0x0000000000000000    0x19ae8
 .debug_info    0x0000000000000000      0xb2c Core/Src/dac.o
 .debug_info    0x0000000000000b2c      0xe5f Core/Src/dfsdm.o
 .debug_info    0x000000000000198b      0x6d3 Core/Src/dma.o
 .debug_info    0x000000000000205e      0x64e Core/Src/gpio.o
 .debug_info    0x00000000000026ac      0xb72 Core/Src/i2c.o
 .debug_info    0x000000000000321e     0x256d Core/Src/main.o
 .debug_info    0x000000000000578b      0x513 Core/Src/stm32l4xx_hal_msp.o
 .debug_info    0x0000000000005c9e      0x572 Core/Src/stm32l4xx_it.o
 .debug_info    0x0000000000006210      0x741 Core/Src/system_stm32l4xx.o
 .debug_info    0x0000000000006951      0xb35 Core/Src/tim.o
 .debug_info    0x0000000000007486      0xbb8 Core/Src/usart.o
 .debug_info    0x000000000000803e       0x22 Core/Startup/startup_stm32l451ceux.o
 .debug_info    0x0000000000008060      0xbec Drivers/STM32L4xx_HAL_Driver/Src/stm32l4xx_hal.o
 .debug_info    0x0000000000008c4c      0xf1f Drivers/STM32L4xx_HAL_Driver/Src/stm32l4xx_hal_cortex.o
 .debug_info    0x0000000000009b6b      0xbd0 Drivers/STM32L4xx_HAL_Driver/Src/stm32l4xx_hal_dac.o
 .debug_info    0x000000000000a73b     0x1ba5 Drivers/STM32L4xx_HAL_Driver/Src/stm32l4xx_hal_dfsdm.o
 .debug_info    0x000000000000c2e0      0x8f2 Drivers/STM32L4xx_HAL_Driver/Src/stm32l4xx_hal_dma.o
 .debug_info    0x000000000000cbd2      0x9cf Drivers/STM32L4xx_HAL_Driver/Src/stm32l4xx_hal_gpio.o
 .debug_info    0x000000000000d5a1     0x210d Drivers/STM32L4xx_HAL_Driver/Src/stm32l4xx_hal_i2c.o
 .debug_info    0x000000000000f6ae      0xb8c Drivers/STM32L4xx_HAL_Driver/Src/stm32l4xx_hal_i2c_ex.o
 .debug_info    0x000000000001023a      0xa81 Drivers/STM32L4xx_HAL_Driver/Src/stm32l4xx_hal_pwr_ex.o
 .debug_info    0x0000000000010cbb      0xceb Drivers/STM32L4xx_HAL_Driver/Src/stm32l4xx_hal_rcc.o
 .debug_info    0x00000000000119a6     0x103c Drivers/STM32L4xx_HAL_Driver/Src/stm32l4xx_hal_rcc_ex.o
 .debug_info    0x00000000000129e2     0x2a61 Drivers/STM32L4xx_HAL_Driver/Src/stm32l4xx_hal_tim.o
 .debug_info    0x0000000000015443     0x167e Drivers/STM32L4xx_HAL_Driver/Src/stm32l4xx_hal_tim_ex.o
 .debug_info    0x0000000000016ac1     0x184a Drivers/STM32L4xx_HAL_Driver/Src/stm32l4xx_hal_uart.o
 .debug_info    0x000000000001830b      0xc72 ../DSP\libarm_cortexM4lf_math.a(arm_biquad_cascade_df2t_f32.o)
 .debug_info    0x0000000000018f7d      0xb6b ../DSP\libarm_cortexM4lf_math.a(arm_biquad_cascade_df2t_init_f32.o)

.debug_abbrev   0x0000000000000000     0x3223
 .debug_abbrev  0x0000000000000000      0x1aa Core/Src/dac.o
 .debug_abbrev  0x00000000000001aa      0x1aa Core/Src/dfsdm.o
 .debug_abbrev  0x0000000000000354      0x123 Core/Src/dma.o
 .debug_abbrev  0x0000000000000477      0x134 Core/Src/gpio.o
 .debug_abbrev  0x00000000000005ab      0x1a4 Core/Src/i2c.o
 .debug_abbrev  0x000000000000074f      0x287 Core/Src/main.o
 .debug_abbrev  0x00000000000009d6      0x125 Core/Src/stm32l4xx_hal_msp.o
 .debug_abbrev  0x0000000000000afb      0x149 Core/Src/stm32l4xx_it.o
 .debug_abbrev  0x0000000000000c44      0x150 Core/Src/system_stm32l4xx.o
 .debug_abbrev  0x0000000000000d94      0x190 Core/Src/tim.o
 .debug_abbrev  0x0000000000000f24      0x199 Core/Src/usart.o
 .debug_abbrev  0x00000000000010bd       0x12 Core/Startup/startup_stm32l451ceux.o
 .debug_abbrev  0x00000000000010cf      0x1fb Drivers/STM32L4xx_HAL_Driver/Src/stm32l4xx_hal.o
 .debug_abbrev  0x00000000000012ca      0x2fa Drivers/STM32L4xx_HAL_Driver/Src/stm32l4xx_hal_cortex.o
 .debug_abbrev  0x00000000000015c4      0x1cc Drivers/STM32L4xx_HAL_Driver/Src/stm32l4xx_hal_dac.o
 .debug_abbrev  0x0000000000001790      0x239 Drivers/STM32L4xx_HAL_Driver/Src/stm32l4xx_hal_dfsdm.o
 .debug_abbrev  0x00000000000019c9      0x1d9 Drivers/STM32L4xx_HAL_Driver/Src/stm32l4xx_hal_dma.o
 .debug_abbrev  0x0000000000001ba2      0x1c0 Drivers/STM32L4xx_HAL_Driver/Src/stm32l4xx_hal_gpio.o
 .debug_abbrev  0x0000000000001d62      0x22a Drivers/STM32L4xx_HAL_Driver/Src/stm32l4xx_hal_i2c.o
 .debug_abbrev  0x0000000000001f8c      0x1b9 Drivers/STM32L4xx_HAL_Driver/Src/stm32l4xx_hal_i2c_ex.o
 .debug_abbrev  0x0000000000002145      0x1cb Drivers/STM32L4xx_HAL_Driver/Src/stm32l4xx_hal_pwr_ex.o
 .debug_abbrev  0x0000000000002310      0x245 Drivers/STM32L4xx_HAL_Driver/Src/stm32l4xx_hal_rcc.o
 .debug_abbrev  0x0000000000002555      0x238 Drivers/STM32L4xx_HAL_Driver/Src/stm32l4xx_hal_rcc_ex.o
 .debug_abbrev  0x000000000000278d      0x230 Drivers/STM32L4xx_HAL_Driver/Src/stm32l4xx_hal_tim.o
 .debug_abbrev  0x00000000000029bd      0x236 Drivers/STM32L4xx_HAL_Driver/Src/stm32l4xx_hal_tim_ex.o
 .debug_abbrev  0x0000000000002bf3      0x205 Drivers/STM32L4xx_HAL_Driver/Src/stm32l4xx_hal_uart.o
 .debug_abbrev  0x0000000000002df8      0x215 ../DSP\libarm_cortexM4lf_math.a(arm_biquad_cascade_df2t_f32.o)
 .debug_abbrev  0x000000000000300d      0x216 ../DSP\libarm_cortexM4lf_math.a(arm_biquad_cascade_df2t_init_f32.o)

.debug_aranges  0x0000000000000000     0x1598
 .debug_aranges
                0x0000000000000000       0x30 Core/Src/dac.o
 .debug_aranges
                0x0000000000000030       0x40 Core/Src/dfsdm.o
 .debug_aranges
                0x0000000000000070       0x20 Core/Src/dma.o
 .debug_aranges
                0x0000000000000090       0x20 Core/Src/gpio.o
 .debug_aranges
                0x00000000000000b0       0x30 Core/Src/i2c.o
 .debug_aranges
                0x00000000000000e0       0x50 Core/Src/main.o
 .debug_aranges
                0x0000000000000130       0x20 Core/Src/stm32l4xx_hal_msp.o
 .debug_aranges
                0x0000000000000150       0x70 Core/Src/stm32l4xx_it.o
 .debug_aranges
                0x00000000000001c0       0x28 Core/Src/system_stm32l4xx.o
 .debug_aranges
                0x00000000000001e8       0x30 Core/Src/tim.o
 .debug_aranges
                0x0000000000000218       0x30 Core/Src/usart.o
 .debug_aranges
                0x0000000000000248       0x28 Core/Startup/startup_stm32l451ceux.o
 .debug_aranges
                0x0000000000000270      0x130 Drivers/STM32L4xx_HAL_Driver/Src/stm32l4xx_hal.o
 .debug_aranges
                0x00000000000003a0      0x118 Drivers/STM32L4xx_HAL_Driver/Src/stm32l4xx_hal_cortex.o
 .debug_aranges
                0x00000000000004b8       0xc0 Drivers/STM32L4xx_HAL_Driver/Src/stm32l4xx_hal_dac.o
 .debug_aranges
                0x0000000000000578      0x248 Drivers/STM32L4xx_HAL_Driver/Src/stm32l4xx_hal_dfsdm.o
 .debug_aranges
                0x00000000000007c0       0x80 Drivers/STM32L4xx_HAL_Driver/Src/stm32l4xx_hal_dma.o
 .debug_aranges
                0x0000000000000840       0x58 Drivers/STM32L4xx_HAL_Driver/Src/stm32l4xx_hal_gpio.o
 .debug_aranges
                0x0000000000000898      0x290 Drivers/STM32L4xx_HAL_Driver/Src/stm32l4xx_hal_i2c.o
 .debug_aranges
                0x0000000000000b28       0x48 Drivers/STM32L4xx_HAL_Driver/Src/stm32l4xx_hal_i2c_ex.o
 .debug_aranges
                0x0000000000000b70      0x100 Drivers/STM32L4xx_HAL_Driver/Src/stm32l4xx_hal_pwr_ex.o
 .debug_aranges
                0x0000000000000c70       0x88 Drivers/STM32L4xx_HAL_Driver/Src/stm32l4xx_hal_rcc.o
 .debug_aranges
                0x0000000000000cf8       0xf0 Drivers/STM32L4xx_HAL_Driver/Src/stm32l4xx_hal_rcc_ex.o
 .debug_aranges
                0x0000000000000de8      0x3e0 Drivers/STM32L4xx_HAL_Driver/Src/stm32l4xx_hal_tim.o
 .debug_aranges
                0x00000000000011c8      0x180 Drivers/STM32L4xx_HAL_Driver/Src/stm32l4xx_hal_tim_ex.o
 .debug_aranges
                0x0000000000001348      0x210 Drivers/STM32L4xx_HAL_Driver/Src/stm32l4xx_hal_uart.o
 .debug_aranges
                0x0000000000001558       0x20 ../DSP\libarm_cortexM4lf_math.a(arm_biquad_cascade_df2t_f32.o)
 .debug_aranges
                0x0000000000001578       0x20 ../DSP\libarm_cortexM4lf_math.a(arm_biquad_cascade_df2t_init_f32.o)

.debug_ranges   0x0000000000000000     0x13e0
 .debug_ranges  0x0000000000000000       0x20 Core/Src/dac.o
 .debug_ranges  0x0000000000000020       0x30 Core/Src/dfsdm.o
 .debug_ranges  0x0000000000000050       0x10 Core/Src/dma.o
 .debug_ranges  0x0000000000000060       0x10 Core/Src/gpio.o
 .debug_ranges  0x0000000000000070       0x20 Core/Src/i2c.o
 .debug_ranges  0x0000000000000090       0x40 Core/Src/main.o
 .debug_ranges  0x00000000000000d0       0x10 Core/Src/stm32l4xx_hal_msp.o
 .debug_ranges  0x00000000000000e0       0x60 Core/Src/stm32l4xx_it.o
 .debug_ranges  0x0000000000000140       0x18 Core/Src/system_stm32l4xx.o
 .debug_ranges  0x0000000000000158       0x20 Core/Src/tim.o
 .debug_ranges  0x0000000000000178       0x20 Core/Src/usart.o
 .debug_ranges  0x0000000000000198       0x20 Core/Startup/startup_stm32l451ceux.o
 .debug_ranges  0x00000000000001b8      0x120 Drivers/STM32L4xx_HAL_Driver/Src/stm32l4xx_hal.o
 .debug_ranges  0x00000000000002d8      0x108 Drivers/STM32L4xx_HAL_Driver/Src/stm32l4xx_hal_cortex.o
 .debug_ranges  0x00000000000003e0       0xb0 Drivers/STM32L4xx_HAL_Driver/Src/stm32l4xx_hal_dac.o
 .debug_ranges  0x0000000000000490      0x238 Drivers/STM32L4xx_HAL_Driver/Src/stm32l4xx_hal_dfsdm.o
 .debug_ranges  0x00000000000006c8       0x70 Drivers/STM32L4xx_HAL_Driver/Src/stm32l4xx_hal_dma.o
 .debug_ranges  0x0000000000000738       0x48 Drivers/STM32L4xx_HAL_Driver/Src/stm32l4xx_hal_gpio.o
 .debug_ranges  0x0000000000000780      0x280 Drivers/STM32L4xx_HAL_Driver/Src/stm32l4xx_hal_i2c.o
 .debug_ranges  0x0000000000000a00       0x38 Drivers/STM32L4xx_HAL_Driver/Src/stm32l4xx_hal_i2c_ex.o
 .debug_ranges  0x0000000000000a38       0xf0 Drivers/STM32L4xx_HAL_Driver/Src/stm32l4xx_hal_pwr_ex.o
 .debug_ranges  0x0000000000000b28       0x78 Drivers/STM32L4xx_HAL_Driver/Src/stm32l4xx_hal_rcc.o
 .debug_ranges  0x0000000000000ba0       0xe0 Drivers/STM32L4xx_HAL_Driver/Src/stm32l4xx_hal_rcc_ex.o
 .debug_ranges  0x0000000000000c80      0x3d0 Drivers/STM32L4xx_HAL_Driver/Src/stm32l4xx_hal_tim.o
 .debug_ranges  0x0000000000001050      0x170 Drivers/STM32L4xx_HAL_Driver/Src/stm32l4xx_hal_tim_ex.o
 .debug_ranges  0x00000000000011c0      0x200 Drivers/STM32L4xx_HAL_Driver/Src/stm32l4xx_hal_uart.o
 .debug_ranges  0x00000000000013c0       0x10 ../DSP\libarm_cortexM4lf_math.a(arm_biquad_cascade_df2t_f32.o)
 .debug_ranges  0x00000000000013d0       0x10 ../DSP\libarm_cortexM4lf_math.a(arm_biquad_cascade_df2t_init_f32.o)

.debug_macro    0x0000000000000000    0x23cdd
 .debug_macro   0x0000000000000000      0x20b Core/Src/dac.o
 .debug_macro   0x000000000000020b      0xa60 Core/Src/dac.o
 .debug_macro   0x0000000000000c6b      0x1b9 Core/Src/dac.o
 .debug_macro   0x0000000000000e24       0x2e Core/Src/dac.o
 .debug_macro   0x0000000000000e52       0x28 Core/Src/dac.o
 .debug_macro   0x0000000000000e7a       0x22 Core/Src/dac.o
 .debug_macro   0x0000000000000e9c       0x8e Core/Src/dac.o
 .debug_macro   0x0000000000000f2a       0x51 Core/Src/dac.o
 .debug_macro   0x0000000000000f7b       0xef Core/Src/dac.o
 .debug_macro   0x000000000000106a       0x6a Core/Src/dac.o
 .debug_macro   0x00000000000010d4      0x1df Core/Src/dac.o
 .debug_macro   0x00000000000012b3       0x1c Core/Src/dac.o
 .debug_macro   0x00000000000012cf       0x22 Core/Src/dac.o
 .debug_macro   0x00000000000012f1      0x101 Core/Src/dac.o
 .debug_macro   0x00000000000013f2     0x1011 Core/Src/dac.o
 .debug_macro   0x0000000000002403      0x11f Core/Src/dac.o
 .debug_macro   0x0000000000002522    0x1560f Core/Src/dac.o
 .debug_macro   0x0000000000017b31       0x43 Core/Src/dac.o
 .debug_macro   0x0000000000017b74     0x3890 Core/Src/dac.o
 .debug_macro   0x000000000001b404      0x174 Core/Src/dac.o
 .debug_macro   0x000000000001b578       0x5c Core/Src/dac.o
 .debug_macro   0x000000000001b5d4     0x1375 Core/Src/dac.o
 .debug_macro   0x000000000001c949      0x607 Core/Src/dac.o
 .debug_macro   0x000000000001cf50      0x13d Core/Src/dac.o
 .debug_macro   0x000000000001d08d      0x161 Core/Src/dac.o
 .debug_macro   0x000000000001d1ee      0x26b Core/Src/dac.o
 .debug_macro   0x000000000001d459      0x26b Core/Src/dac.o
 .debug_macro   0x000000000001d6c4      0x23d Core/Src/dac.o
 .debug_macro   0x000000000001d901      0x130 Core/Src/dac.o
 .debug_macro   0x000000000001da31       0xd8 Core/Src/dac.o
 .debug_macro   0x000000000001db09      0x241 Core/Src/dac.o
 .debug_macro   0x000000000001dd4a      0x375 Core/Src/dac.o
 .debug_macro   0x000000000001e0bf       0xd6 Core/Src/dac.o
 .debug_macro   0x000000000001e195      0x22c Core/Src/dac.o
 .debug_macro   0x000000000001e3c1       0x61 Core/Src/dac.o
 .debug_macro   0x000000000001e422       0xa5 Core/Src/dac.o
 .debug_macro   0x000000000001e4c7      0x122 Core/Src/dac.o
 .debug_macro   0x000000000001e5e9      0x2ef Core/Src/dac.o
 .debug_macro   0x000000000001e8d8      0xa75 Core/Src/dac.o
 .debug_macro   0x000000000001f34d      0x151 Core/Src/dac.o
 .debug_macro   0x000000000001f49e      0x59e Core/Src/dac.o
 .debug_macro   0x000000000001fa3c       0x44 Core/Src/dac.o
 .debug_macro   0x000000000001fa80      0x2ec Core/Src/dac.o
 .debug_macro   0x000000000001fd6c      0x20b Core/Src/dfsdm.o
 .debug_macro   0x000000000001ff77      0x20b Core/Src/dma.o
 .debug_macro   0x0000000000020182      0x20b Core/Src/gpio.o
 .debug_macro   0x000000000002038d      0x20b Core/Src/i2c.o
 .debug_macro   0x0000000000020598      0x381 Core/Src/main.o
 .debug_macro   0x0000000000020919       0x46 Core/Src/main.o
 .debug_macro   0x000000000002095f       0x18 Core/Src/main.o
 .debug_macro   0x0000000000020977       0x3c Core/Src/main.o
 .debug_macro   0x00000000000209b3       0x34 Core/Src/main.o
 .debug_macro   0x00000000000209e7       0x52 Core/Src/main.o
 .debug_macro   0x0000000000020a39       0x1f Core/Src/main.o
 .debug_macro   0x0000000000020a58       0x43 Core/Src/main.o
 .debug_macro   0x0000000000020a9b       0x20 Core/Src/main.o
 .debug_macro   0x0000000000020abb      0x1a3 Core/Src/main.o
 .debug_macro   0x0000000000020c5e      0x32a Core/Src/main.o
 .debug_macro   0x0000000000020f88      0x1e1 Core/Src/main.o
 .debug_macro   0x0000000000021169       0x16 Core/Src/main.o
 .debug_macro   0x000000000002117f       0x35 Core/Src/main.o
 .debug_macro   0x00000000000211b4       0x20 Core/Src/main.o
 .debug_macro   0x00000000000211d4      0x201 Core/Src/main.o
 .debug_macro   0x00000000000213d5       0xc8 Core/Src/main.o
 .debug_macro   0x000000000002149d       0x10 Core/Src/main.o
 .debug_macro   0x00000000000214ad       0x10 Core/Src/main.o
 .debug_macro   0x00000000000214bd       0x10 Core/Src/main.o
 .debug_macro   0x00000000000214cd       0x22 Core/Src/main.o
 .debug_macro   0x00000000000214ef      0x201 Core/Src/stm32l4xx_hal_msp.o
 .debug_macro   0x00000000000216f0      0x20b Core/Src/stm32l4xx_it.o
 .debug_macro   0x00000000000218fb      0x1fd Core/Src/system_stm32l4xx.o
 .debug_macro   0x0000000000021af8      0x20b Core/Src/tim.o
 .debug_macro   0x0000000000021d03      0x20b Core/Src/usart.o
 .debug_macro   0x0000000000021f0e      0x245 Drivers/STM32L4xx_HAL_Driver/Src/stm32l4xx_hal.o
 .debug_macro   0x0000000000022153      0x1f7 Drivers/STM32L4xx_HAL_Driver/Src/stm32l4xx_hal_cortex.o
 .debug_macro   0x000000000002234a      0x206 Drivers/STM32L4xx_HAL_Driver/Src/stm32l4xx_hal_dac.o
 .debug_macro   0x0000000000022550      0x21b Drivers/STM32L4xx_HAL_Driver/Src/stm32l4xx_hal_dfsdm.o
 .debug_macro   0x000000000002276b      0x1f7 Drivers/STM32L4xx_HAL_Driver/Src/stm32l4xx_hal_dma.o
 .debug_macro   0x0000000000022962      0x236 Drivers/STM32L4xx_HAL_Driver/Src/stm32l4xx_hal_gpio.o
 .debug_macro   0x0000000000022b98      0x2bc Drivers/STM32L4xx_HAL_Driver/Src/stm32l4xx_hal_i2c.o
 .debug_macro   0x0000000000022e54      0x1f7 Drivers/STM32L4xx_HAL_Driver/Src/stm32l4xx_hal_i2c_ex.o
 .debug_macro   0x000000000002304b      0x21b Drivers/STM32L4xx_HAL_Driver/Src/stm32l4xx_hal_pwr_ex.o
 .debug_macro   0x0000000000023266      0x239 Drivers/STM32L4xx_HAL_Driver/Src/stm32l4xx_hal_rcc.o
 .debug_macro   0x000000000002349f      0x22d Drivers/STM32L4xx_HAL_Driver/Src/stm32l4xx_hal_rcc_ex.o
 .debug_macro   0x00000000000236cc      0x1f8 Drivers/STM32L4xx_HAL_Driver/Src/stm32l4xx_hal_tim.o
 .debug_macro   0x00000000000238c4      0x1f7 Drivers/STM32L4xx_HAL_Driver/Src/stm32l4xx_hal_tim_ex.o
 .debug_macro   0x0000000000023abb      0x222 Drivers/STM32L4xx_HAL_Driver/Src/stm32l4xx_hal_uart.o

.debug_line     0x0000000000000000    0x134b6
 .debug_line    0x0000000000000000      0x779 Core/Src/dac.o
 .debug_line    0x0000000000000779      0x7c9 Core/Src/dfsdm.o
 .debug_line    0x0000000000000f42      0x73a Core/Src/dma.o
 .debug_line    0x000000000000167c      0x746 Core/Src/gpio.o
 .debug_line    0x0000000000001dc2      0x773 Core/Src/i2c.o
 .debug_line    0x0000000000002535      0xacf Core/Src/main.o
 .debug_line    0x0000000000003004      0x73d Core/Src/stm32l4xx_hal_msp.o
 .debug_line    0x0000000000003741      0x805 Core/Src/stm32l4xx_it.o
 .debug_line    0x0000000000003f46      0x768 Core/Src/system_stm32l4xx.o
 .debug_line    0x00000000000046ae      0x766 Core/Src/tim.o
 .debug_line    0x0000000000004e14      0x773 Core/Src/usart.o
 .debug_line    0x0000000000005587       0x85 Core/Startup/startup_stm32l451ceux.o
 .debug_line    0x000000000000560c      0x9de Drivers/STM32L4xx_HAL_Driver/Src/stm32l4xx_hal.o
 .debug_line    0x0000000000005fea      0xa66 Drivers/STM32L4xx_HAL_Driver/Src/stm32l4xx_hal_cortex.o
 .debug_line    0x0000000000006a50      0x985 Drivers/STM32L4xx_HAL_Driver/Src/stm32l4xx_hal_dac.o
 .debug_line    0x00000000000073d5     0x11a9 Drivers/STM32L4xx_HAL_Driver/Src/stm32l4xx_hal_dfsdm.o
 .debug_line    0x000000000000857e      0x961 Drivers/STM32L4xx_HAL_Driver/Src/stm32l4xx_hal_dma.o
 .debug_line    0x0000000000008edf      0x8cd Drivers/STM32L4xx_HAL_Driver/Src/stm32l4xx_hal_gpio.o
 .debug_line    0x00000000000097ac     0x1b20 Drivers/STM32L4xx_HAL_Driver/Src/stm32l4xx_hal_i2c.o
 .debug_line    0x000000000000b2cc      0x881 Drivers/STM32L4xx_HAL_Driver/Src/stm32l4xx_hal_i2c_ex.o
 .debug_line    0x000000000000bb4d      0xa12 Drivers/STM32L4xx_HAL_Driver/Src/stm32l4xx_hal_pwr_ex.o
 .debug_line    0x000000000000c55f      0xa63 Drivers/STM32L4xx_HAL_Driver/Src/stm32l4xx_hal_rcc.o
 .debug_line    0x000000000000cfc2      0xccb Drivers/STM32L4xx_HAL_Driver/Src/stm32l4xx_hal_rcc_ex.o
 .debug_line    0x000000000000dc8d     0x261d Drivers/STM32L4xx_HAL_Driver/Src/stm32l4xx_hal_tim.o
 .debug_line    0x00000000000102aa     0x1525 Drivers/STM32L4xx_HAL_Driver/Src/stm32l4xx_hal_tim_ex.o
 .debug_line    0x00000000000117cf     0x12c3 Drivers/STM32L4xx_HAL_Driver/Src/stm32l4xx_hal_uart.o
 .debug_line    0x0000000000012a92      0x79b ../DSP\libarm_cortexM4lf_math.a(arm_biquad_cascade_df2t_f32.o)
 .debug_line    0x000000000001322d      0x289 ../DSP\libarm_cortexM4lf_math.a(arm_biquad_cascade_df2t_init_f32.o)

.debug_str      0x0000000000000000    0xd8d8c
 .debug_str     0x0000000000000000    0xcde7c Core/Src/dac.o
                                      0xce196 (size before relaxing)
 .debug_str     0x00000000000cde7c      0x5b7 Core/Src/dfsdm.o
                                      0xce541 (size before relaxing)
 .debug_str     0x00000000000ce433      0x3ec Core/Src/dma.o
                                      0xce13a (size before relaxing)
 .debug_str     0x00000000000ce81f       0x46 Core/Src/gpio.o
                                      0xcdda1 (size before relaxing)
 .debug_str     0x00000000000ce865      0x2a5 Core/Src/i2c.o
                                      0xce22b (size before relaxing)
 .debug_str     0x00000000000ceb0a     0x4d4b Core/Src/main.o
                                      0xd36cd (size before relaxing)
 .debug_str     0x00000000000d3855       0x2c Core/Src/stm32l4xx_hal_msp.o
                                      0xcdd06 (size before relaxing)
 .debug_str     0x00000000000d3881       0xef Core/Src/stm32l4xx_it.o
                                      0xcde35 (size before relaxing)
 .debug_str     0x00000000000d3970       0xcd Core/Src/system_stm32l4xx.o
                                      0xcdd9c (size before relaxing)
 .debug_str     0x00000000000d3a3d       0xb9 Core/Src/tim.o
                                      0xce28f (size before relaxing)
 .debug_str     0x00000000000d3af6       0x57 Core/Src/usart.o
                                      0xce169 (size before relaxing)
 .debug_str     0x00000000000d3b4d       0x36 Core/Startup/startup_stm32l451ceux.o
                                         0x83 (size before relaxing)
 .debug_str     0x00000000000d3b83      0x594 Drivers/STM32L4xx_HAL_Driver/Src/stm32l4xx_hal.o
                                      0xce7d8 (size before relaxing)
 .debug_str     0x00000000000d4117      0x389 Drivers/STM32L4xx_HAL_Driver/Src/stm32l4xx_hal_cortex.o
                                      0xce53e (size before relaxing)
 .debug_str     0x00000000000d44a0      0x20a Drivers/STM32L4xx_HAL_Driver/Src/stm32l4xx_hal_dac.o
                                      0xce1c8 (size before relaxing)
 .debug_str     0x00000000000d46aa      0x8c0 Drivers/STM32L4xx_HAL_Driver/Src/stm32l4xx_hal_dfsdm.o
                                      0xcec5b (size before relaxing)
 .debug_str     0x00000000000d4f6a      0x253 Drivers/STM32L4xx_HAL_Driver/Src/stm32l4xx_hal_dma.o
                                      0xcdfea (size before relaxing)
 .debug_str     0x00000000000d51bd      0x236 Drivers/STM32L4xx_HAL_Driver/Src/stm32l4xx_hal_gpio.o
                                      0xce016 (size before relaxing)
 .debug_str     0x00000000000d53f3      0xd43 Drivers/STM32L4xx_HAL_Driver/Src/stm32l4xx_hal_i2c.o
                                      0xceea3 (size before relaxing)
 .debug_str     0x00000000000d6136       0xb8 Drivers/STM32L4xx_HAL_Driver/Src/stm32l4xx_hal_i2c_ex.o
                                      0xce2a5 (size before relaxing)
 .debug_str     0x00000000000d61ee      0x418 Drivers/STM32L4xx_HAL_Driver/Src/stm32l4xx_hal_pwr_ex.o
                                      0xce1c7 (size before relaxing)
 .debug_str     0x00000000000d6606      0x38a Drivers/STM32L4xx_HAL_Driver/Src/stm32l4xx_hal_rcc.o
                                      0xce318 (size before relaxing)
 .debug_str     0x00000000000d6990      0x515 Drivers/STM32L4xx_HAL_Driver/Src/stm32l4xx_hal_rcc_ex.o
                                      0xce5e2 (size before relaxing)
 .debug_str     0x00000000000d6ea5      0xe4f Drivers/STM32L4xx_HAL_Driver/Src/stm32l4xx_hal_tim.o
                                      0xcf01a (size before relaxing)
 .debug_str     0x00000000000d7cf4      0x61c Drivers/STM32L4xx_HAL_Driver/Src/stm32l4xx_hal_tim_ex.o
                                      0xce90e (size before relaxing)
 .debug_str     0x00000000000d8310      0x819 Drivers/STM32L4xx_HAL_Driver/Src/stm32l4xx_hal_uart.o
                                      0xce953 (size before relaxing)
 .debug_str     0x00000000000d8b29      0x1ee ../DSP\libarm_cortexM4lf_math.a(arm_biquad_cascade_df2t_f32.o)
                                        0x6ea (size before relaxing)
 .debug_str     0x00000000000d8d17       0x75 ../DSP\libarm_cortexM4lf_math.a(arm_biquad_cascade_df2t_init_f32.o)
                                        0x6e1 (size before relaxing)

.comment        0x0000000000000000       0xf0
 .comment       0x0000000000000000       0x7b Core/Src/dac.o
                                         0x7c (size before relaxing)
 .comment       0x000000000000007b       0x7c Core/Src/dfsdm.o
 .comment       0x000000000000007b       0x7c Core/Src/dma.o
 .comment       0x000000000000007b       0x7c Core/Src/gpio.o
 .comment       0x000000000000007b       0x7c Core/Src/i2c.o
 .comment       0x000000000000007b       0x7c Core/Src/main.o
 .comment       0x000000000000007b       0x7c Core/Src/stm32l4xx_hal_msp.o
 .comment       0x000000000000007b       0x7c Core/Src/stm32l4xx_it.o
 .comment       0x000000000000007b       0x7c Core/Src/system_stm32l4xx.o
 .comment       0x000000000000007b       0x7c Core/Src/tim.o
 .comment       0x000000000000007b       0x7c Core/Src/usart.o
 .comment       0x000000000000007b       0x7c Drivers/STM32L4xx_HAL_Driver/Src/stm32l4xx_hal.o
 .comment       0x000000000000007b       0x7c Drivers/STM32L4xx_HAL_Driver/Src/stm32l4xx_hal_cortex.o
 .comment       0x000000000000007b       0x7c Drivers/STM32L4xx_HAL_Driver/Src/stm32l4xx_hal_dac.o
 .comment       0x000000000000007b       0x7c Drivers/STM32L4xx_HAL_Driver/Src/stm32l4xx_hal_dfsdm.o
 .comment       0x000000000000007b       0x7c Drivers/STM32L4xx_HAL_Driver/Src/stm32l4xx_hal_dma.o
 .comment       0x000000000000007b       0x7c Drivers/STM32L4xx_HAL_Driver/Src/stm32l4xx_hal_gpio.o
 .comment       0x000000000000007b       0x7c Drivers/STM32L4xx_HAL_Driver/Src/stm32l4xx_hal_i2c.o
 .comment       0x000000000000007b       0x7c Drivers/STM32L4xx_HAL_Driver/Src/stm32l4xx_hal_i2c_ex.o
 .comment       0x000000000000007b       0x7c Drivers/STM32L4xx_HAL_Driver/Src/stm32l4xx_hal_pwr_ex.o
 .comment       0x000000000000007b       0x7c Drivers/STM32L4xx_HAL_Driver/Src/stm32l4xx_hal_rcc.o
 .comment       0x000000000000007b       0x7c Drivers/STM32L4xx_HAL_Driver/Src/stm32l4xx_hal_rcc_ex.o
 .comment       0x000000000000007b       0x7c Drivers/STM32L4xx_HAL_Driver/Src/stm32l4xx_hal_tim.o
 .comment       0x000000000000007b       0x7c Drivers/STM32L4xx_HAL_Driver/Src/stm32l4xx_hal_tim_ex.o
 .comment       0x000000000000007b       0x7c Drivers/STM32L4xx_HAL_Driver/Src/stm32l4xx_hal_uart.o
 .comment       0x000000000000007b       0x75 ../DSP\libarm_cortexM4lf_math.a(arm_biquad_cascade_df2t_f32.o)
                                         0x76 (size before relaxing)
 .comment       0x00000000000000f0       0x76 ../DSP\libarm_cortexM4lf_math.a(arm_biquad_cascade_df2t_init_f32.o)

.debug_frame    0x0000000000000000     0x59b0
 .debug_frame   0x0000000000000000       0x7c Core/Src/dac.o
 .debug_frame   0x000000000000007c       0xbc Core/Src/dfsdm.o
 .debug_frame   0x0000000000000138       0x34 Core/Src/dma.o
 .debug_frame   0x000000000000016c       0x34 Core/Src/gpio.o
 .debug_frame   0x00000000000001a0       0x74 Core/Src/i2c.o
 .debug_frame   0x0000000000000214      0x108 Core/Src/main.o
 .debug_frame   0x000000000000031c       0x38 Core/Src/stm32l4xx_hal_msp.o
 .debug_frame   0x0000000000000354      0x144 Core/Src/stm32l4xx_it.o
 .debug_frame   0x0000000000000498       0x58 Core/Src/system_stm32l4xx.o
 .debug_frame   0x00000000000004f0       0x84 Core/Src/tim.o
 .debug_frame   0x0000000000000574       0x74 Core/Src/usart.o
 .debug_frame   0x00000000000005e8      0x498 Drivers/STM32L4xx_HAL_Driver/Src/stm32l4xx_hal.o
 .debug_frame   0x0000000000000a80      0x498 Drivers/STM32L4xx_HAL_Driver/Src/stm32l4xx_hal_cortex.o
 .debug_frame   0x0000000000000f18      0x334 Drivers/STM32L4xx_HAL_Driver/Src/stm32l4xx_hal_dac.o
 .debug_frame   0x000000000000124c      0xa78 Drivers/STM32L4xx_HAL_Driver/Src/stm32l4xx_hal_dfsdm.o
 .debug_frame   0x0000000000001cc4      0x204 Drivers/STM32L4xx_HAL_Driver/Src/stm32l4xx_hal_dma.o
 .debug_frame   0x0000000000001ec8      0x14c Drivers/STM32L4xx_HAL_Driver/Src/stm32l4xx_hal_gpio.o
 .debug_frame   0x0000000000002014      0xbe8 Drivers/STM32L4xx_HAL_Driver/Src/stm32l4xx_hal_i2c.o
 .debug_frame   0x0000000000002bfc      0x100 Drivers/STM32L4xx_HAL_Driver/Src/stm32l4xx_hal_i2c_ex.o
 .debug_frame   0x0000000000002cfc      0x404 Drivers/STM32L4xx_HAL_Driver/Src/stm32l4xx_hal_pwr_ex.o
 .debug_frame   0x0000000000003100      0x1f4 Drivers/STM32L4xx_HAL_Driver/Src/stm32l4xx_hal_rcc.o
 .debug_frame   0x00000000000032f4      0x3d0 Drivers/STM32L4xx_HAL_Driver/Src/stm32l4xx_hal_rcc_ex.o
 .debug_frame   0x00000000000036c4     0x121c Drivers/STM32L4xx_HAL_Driver/Src/stm32l4xx_hal_tim.o
 .debug_frame   0x00000000000048e0      0x6b0 Drivers/STM32L4xx_HAL_Driver/Src/stm32l4xx_hal_tim_ex.o
 .debug_frame   0x0000000000004f90      0x974 Drivers/STM32L4xx_HAL_Driver/Src/stm32l4xx_hal_uart.o
 .debug_frame   0x0000000000005904       0x38 ../DSP\libarm_cortexM4lf_math.a(arm_biquad_cascade_df2t_f32.o)
 .debug_frame   0x000000000000593c       0x28 ../DSP\libarm_cortexM4lf_math.a(arm_biquad_cascade_df2t_init_f32.o)
 .debug_frame   0x0000000000005964       0x2c c:/st/stm32cubeide_1.2.0/stm32cubeide/plugins/com.st.stm32cube.ide.mcu.externaltools.gnu-tools-for-stm32.7-2018-q2-update.win32_1.4.0.202007081208/tools/bin/../lib/gcc/arm-none-eabi/7.3.1/../../../../arm-none-eabi/lib/thumb/v7e-m/fpv4-sp/hard\libc_nano.a(lib_a-init.o)
 .debug_frame   0x0000000000005990       0x20 c:/st/stm32cubeide_1.2.0/stm32cubeide/plugins/com.st.stm32cube.ide.mcu.externaltools.gnu-tools-for-stm32.7-2018-q2-update.win32_1.4.0.202007081208/tools/bin/../lib/gcc/arm-none-eabi/7.3.1/../../../../arm-none-eabi/lib/thumb/v7e-m/fpv4-sp/hard\libc_nano.a(lib_a-memset.o)

.debug_loc      0x0000000000000000      0xd34
 .debug_loc     0x0000000000000000      0xc59 ../DSP\libarm_cortexM4lf_math.a(arm_biquad_cascade_df2t_f32.o)
 .debug_loc     0x0000000000000c59       0xdb ../DSP\libarm_cortexM4lf_math.a(arm_biquad_cascade_df2t_init_f32.o)
