stm32f4xx_hal_dfsdm.c:367:19:HAL_DFSDM_ChannelInit	32	static
stm32f4xx_hal_dfsdm.c:575:19:HAL_DFSDM_ChannelDeInit	32	static
stm32f4xx_hal_dfsdm.c:686:13:HAL_DFSDM_ChannelMspInit	16	static
stm32f4xx_hal_dfsdm.c:700:13:HAL_DFSDM_ChannelMspDeInit	16	static
stm32f4xx_hal_dfsdm.c:875:19:HAL_DFSDM_ChannelCkabStart	32	static
stm32f4xx_hal_dfsdm.c:963:19:HAL_DFSDM_ChannelPollForCkab	32	static
stm32f4xx_hal_dfsdm.c:1051:19:HAL_DFSDM_ChannelCkabStop	32	static
stm32f4xx_hal_dfsdm.c:1111:19:HAL_DFSDM_ChannelCkabStart_IT	32	static
stm32f4xx_hal_dfsdm.c:1212:13:HAL_DFSDM_ChannelCkabCallback	16	static
stm32f4xx_hal_dfsdm.c:1227:19:HAL_DFSDM_ChannelCkabStop_IT	32	static
stm32f4xx_hal_dfsdm.c:1295:19:HAL_DFSDM_ChannelScdStart	32	static
stm32f4xx_hal_dfsdm.c:1332:19:HAL_DFSDM_ChannelPollForScd	32	static
stm32f4xx_hal_dfsdm.c:1418:19:HAL_DFSDM_ChannelScdStop	32	static
stm32f4xx_hal_dfsdm.c:1473:19:HAL_DFSDM_ChannelScdStart_IT	32	static
stm32f4xx_hal_dfsdm.c:1529:13:HAL_DFSDM_ChannelScdCallback	16	static
stm32f4xx_hal_dfsdm.c:1544:19:HAL_DFSDM_ChannelScdStop_IT	32	static
stm32f4xx_hal_dfsdm.c:1599:9:HAL_DFSDM_ChannelGetAwdValue	16	static
stm32f4xx_hal_dfsdm.c:1611:19:HAL_DFSDM_ChannelModifyOffset	24	static
stm32f4xx_hal_dfsdm.c:1658:32:HAL_DFSDM_ChannelGetState	16	static
stm32f4xx_hal_dfsdm.c:1688:19:HAL_DFSDM_FilterInit	16	static
stm32f4xx_hal_dfsdm.c:1823:19:HAL_DFSDM_FilterDeInit	16	static
stm32f4xx_hal_dfsdm.c:1859:13:HAL_DFSDM_FilterMspInit	16	static
stm32f4xx_hal_dfsdm.c:1873:13:HAL_DFSDM_FilterMspDeInit	16	static
stm32f4xx_hal_dfsdm.c:2145:19:HAL_DFSDM_FilterConfigRegChannel	32	static
stm32f4xx_hal_dfsdm.c:2190:19:HAL_DFSDM_FilterConfigInjChannel	24	static
stm32f4xx_hal_dfsdm.c:2260:19:HAL_DFSDM_FilterRegularStart	24	static
stm32f4xx_hal_dfsdm.c:2289:19:HAL_DFSDM_FilterPollForRegConversion	24	static
stm32f4xx_hal_dfsdm.c:2354:19:HAL_DFSDM_FilterRegularStop	24	static
stm32f4xx_hal_dfsdm.c:2384:19:HAL_DFSDM_FilterRegularStart_IT	24	static
stm32f4xx_hal_dfsdm.c:2415:19:HAL_DFSDM_FilterRegularStop_IT	24	static
stm32f4xx_hal_dfsdm.c:2453:19:HAL_DFSDM_FilterRegularStart_DMA	32	static
stm32f4xx_hal_dfsdm.c:2530:19:HAL_DFSDM_FilterRegularMsbStart_DMA	32	static
stm32f4xx_hal_dfsdm.c:2601:19:HAL_DFSDM_FilterRegularStop_DMA	24	static
stm32f4xx_hal_dfsdm.c:2640:9:HAL_DFSDM_FilterGetRegularValue	24	static
stm32f4xx_hal_dfsdm.c:2668:19:HAL_DFSDM_FilterInjectedStart	24	static
stm32f4xx_hal_dfsdm.c:2697:19:HAL_DFSDM_FilterPollForInjConversion	24	static
stm32f4xx_hal_dfsdm.c:2772:19:HAL_DFSDM_FilterInjectedStop	24	static
stm32f4xx_hal_dfsdm.c:2802:19:HAL_DFSDM_FilterInjectedStart_IT	24	static
stm32f4xx_hal_dfsdm.c:2833:19:HAL_DFSDM_FilterInjectedStop_IT	24	static
stm32f4xx_hal_dfsdm.c:2871:19:HAL_DFSDM_FilterInjectedStart_DMA	32	static
stm32f4xx_hal_dfsdm.c:2946:19:HAL_DFSDM_FilterInjectedMsbStart_DMA	32	static
stm32f4xx_hal_dfsdm.c:3015:19:HAL_DFSDM_FilterInjectedStop_DMA	24	static
stm32f4xx_hal_dfsdm.c:3054:9:HAL_DFSDM_FilterGetInjectedValue	24	static
stm32f4xx_hal_dfsdm.c:3081:19:HAL_DFSDM_FilterAwdStart_IT	24	static
stm32f4xx_hal_dfsdm.c:3130:19:HAL_DFSDM_FilterAwdStop_IT	24	static
stm32f4xx_hal_dfsdm.c:3170:19:HAL_DFSDM_FilterExdStart	24	static
stm32f4xx_hal_dfsdm.c:3201:19:HAL_DFSDM_FilterExdStop	32	static
stm32f4xx_hal_dfsdm.c:3239:9:HAL_DFSDM_FilterGetExdMaxValue	24	static
stm32f4xx_hal_dfsdm.c:3267:9:HAL_DFSDM_FilterGetExdMinValue	24	static
stm32f4xx_hal_dfsdm.c:3294:10:HAL_DFSDM_FilterGetConvTimeValue	24	static
stm32f4xx_hal_dfsdm.c:3317:6:HAL_DFSDM_IRQHandler	64	static
stm32f4xx_hal_dfsdm.c:3569:13:HAL_DFSDM_FilterRegConvCpltCallback	16	static
stm32f4xx_hal_dfsdm.c:3583:13:HAL_DFSDM_FilterRegConvHalfCpltCallback	16	static
stm32f4xx_hal_dfsdm.c:3599:13:HAL_DFSDM_FilterInjConvCpltCallback	16	static
stm32f4xx_hal_dfsdm.c:3613:13:HAL_DFSDM_FilterInjConvHalfCpltCallback	16	static
stm32f4xx_hal_dfsdm.c:3629:13:HAL_DFSDM_FilterAwdCallback	24	static
stm32f4xx_hal_dfsdm.c:3647:13:HAL_DFSDM_FilterErrorCallback	16	static
stm32f4xx_hal_dfsdm.c:3679:31:HAL_DFSDM_FilterGetState	16	static
stm32f4xx_hal_dfsdm.c:3690:10:HAL_DFSDM_FilterGetError	16	static
stm32f4xx_hal_dfsdm.c:3717:6:HAL_DFSDM_BitstreamClock_Start	16	static
stm32f4xx_hal_dfsdm.c:3733:6:HAL_DFSDM_BitstreamClock_Stop	16	static
stm32f4xx_hal_dfsdm.c:3751:6:HAL_DFSDM_DisableDelayClock	24	static
stm32f4xx_hal_dfsdm.c:3778:6:HAL_DFSDM_EnableDelayClock	24	static
stm32f4xx_hal_dfsdm.c:3798:6:HAL_DFSDM_ClockIn_SourceSelection	24	static
stm32f4xx_hal_dfsdm.c:3831:6:HAL_DFSDM_ClockOut_SourceSelection	24	static
stm32f4xx_hal_dfsdm.c:3864:6:HAL_DFSDM_DataIn0_SourceSelection	24	static
stm32f4xx_hal_dfsdm.c:3895:6:HAL_DFSDM_DataIn2_SourceSelection	24	static
stm32f4xx_hal_dfsdm.c:3924:6:HAL_DFSDM_DataIn4_SourceSelection	24	static
stm32f4xx_hal_dfsdm.c:3942:6:HAL_DFSDM_DataIn6_SourceSelection	24	static
stm32f4xx_hal_dfsdm.c:3972:6:HAL_DFSDM_BitStreamClkDistribution_Config	24	static
stm32f4xx_hal_dfsdm.c:4030:6:HAL_DFSDM_ConfigMultiChannelDelay	24	static
stm32f4xx_hal_dfsdm.c:4070:13:DFSDM_DMARegularHalfConvCplt	24	static
stm32f4xx_hal_dfsdm.c:4088:13:DFSDM_DMARegularConvCplt	24	static
stm32f4xx_hal_dfsdm.c:4106:13:DFSDM_DMAInjectedHalfConvCplt	24	static
stm32f4xx_hal_dfsdm.c:4124:13:DFSDM_DMAInjectedConvCplt	24	static
stm32f4xx_hal_dfsdm.c:4142:13:DFSDM_DMAError	24	static
stm32f4xx_hal_dfsdm.c:4163:17:DFSDM_GetInjChannelsNbr	24	static
stm32f4xx_hal_dfsdm.c:4186:17:DFSDM_GetChannelFromInstance	24	static
stm32f4xx_hal_dfsdm.c:4252:13:DFSDM_RegConvStart	16	static
stm32f4xx_hal_dfsdm.c:4293:13:DFSDM_RegConvStop	16	static
stm32f4xx_hal_dfsdm.c:4329:13:DFSDM_InjConvStart	16	static
stm32f4xx_hal_dfsdm.c:4373:13:DFSDM_InjConvStop	16	static
