Archive member included to satisfy reference by file (symbol)

../Middlewares\GREQ\Lib\GrEq_32b_CM4_GCC.a(greq.o)
                              Core/Src/equalizer.o (greq_reset)
c:/st/stm32cubeide_1.2.0/stm32cubeide/plugins/com.st.stm32cube.ide.mcu.externaltools.gnu-tools-for-stm32.7-2018-q2-update.win32_1.0.0.201904181610/tools/bin/../lib/gcc/arm-none-eabi/7.3.1/../../../../arm-none-eabi/lib/thumb/v7e-m/fpv4-sp/hard\libc_nano.a(lib_a-errno.o)
                              Core/Src/syscalls.o (__errno)
c:/st/stm32cubeide_1.2.0/stm32cubeide/plugins/com.st.stm32cube.ide.mcu.externaltools.gnu-tools-for-stm32.7-2018-q2-update.win32_1.0.0.201904181610/tools/bin/../lib/gcc/arm-none-eabi/7.3.1/../../../../arm-none-eabi/lib/thumb/v7e-m/fpv4-sp/hard\libc_nano.a(lib_a-exit.o)
                              c:/st/stm32cubeide_1.2.0/stm32cubeide/plugins/com.st.stm32cube.ide.mcu.externaltools.gnu-tools-for-stm32.7-2018-q2-update.win32_1.0.0.201904181610/tools/bin/../lib/gcc/arm-none-eabi/7.3.1/../../../../arm-none-eabi/lib/thumb/v7e-m/fpv4-sp/hard/crt0.o (exit)
c:/st/stm32cubeide_1.2.0/stm32cubeide/plugins/com.st.stm32cube.ide.mcu.externaltools.gnu-tools-for-stm32.7-2018-q2-update.win32_1.0.0.201904181610/tools/bin/../lib/gcc/arm-none-eabi/7.3.1/../../../../arm-none-eabi/lib/thumb/v7e-m/fpv4-sp/hard\libc_nano.a(lib_a-impure.o)
                              c:/st/stm32cubeide_1.2.0/stm32cubeide/plugins/com.st.stm32cube.ide.mcu.externaltools.gnu-tools-for-stm32.7-2018-q2-update.win32_1.0.0.201904181610/tools/bin/../lib/gcc/arm-none-eabi/7.3.1/../../../../arm-none-eabi/lib/thumb/v7e-m/fpv4-sp/hard\libc_nano.a(lib_a-exit.o) (_global_impure_ptr)
c:/st/stm32cubeide_1.2.0/stm32cubeide/plugins/com.st.stm32cube.ide.mcu.externaltools.gnu-tools-for-stm32.7-2018-q2-update.win32_1.0.0.201904181610/tools/bin/../lib/gcc/arm-none-eabi/7.3.1/../../../../arm-none-eabi/lib/thumb/v7e-m/fpv4-sp/hard\libc_nano.a(lib_a-init.o)
                              c:/st/stm32cubeide_1.2.0/stm32cubeide/plugins/com.st.stm32cube.ide.mcu.externaltools.gnu-tools-for-stm32.7-2018-q2-update.win32_1.0.0.201904181610/tools/bin/../lib/gcc/arm-none-eabi/7.3.1/../../../../arm-none-eabi/lib/thumb/v7e-m/fpv4-sp/hard/crt0.o (__libc_init_array)
c:/st/stm32cubeide_1.2.0/stm32cubeide/plugins/com.st.stm32cube.ide.mcu.externaltools.gnu-tools-for-stm32.7-2018-q2-update.win32_1.0.0.201904181610/tools/bin/../lib/gcc/arm-none-eabi/7.3.1/../../../../arm-none-eabi/lib/thumb/v7e-m/fpv4-sp/hard\libc_nano.a(lib_a-malloc.o)
                              Core/Src/equalizer.o (malloc)
c:/st/stm32cubeide_1.2.0/stm32cubeide/plugins/com.st.stm32cube.ide.mcu.externaltools.gnu-tools-for-stm32.7-2018-q2-update.win32_1.0.0.201904181610/tools/bin/../lib/gcc/arm-none-eabi/7.3.1/../../../../arm-none-eabi/lib/thumb/v7e-m/fpv4-sp/hard\libc_nano.a(lib_a-memset.o)
                              c:/st/stm32cubeide_1.2.0/stm32cubeide/plugins/com.st.stm32cube.ide.mcu.externaltools.gnu-tools-for-stm32.7-2018-q2-update.win32_1.0.0.201904181610/tools/bin/../lib/gcc/arm-none-eabi/7.3.1/../../../../arm-none-eabi/lib/thumb/v7e-m/fpv4-sp/hard/crt0.o (memset)
c:/st/stm32cubeide_1.2.0/stm32cubeide/plugins/com.st.stm32cube.ide.mcu.externaltools.gnu-tools-for-stm32.7-2018-q2-update.win32_1.0.0.201904181610/tools/bin/../lib/gcc/arm-none-eabi/7.3.1/../../../../arm-none-eabi/lib/thumb/v7e-m/fpv4-sp/hard\libc_nano.a(lib_a-nano-freer.o)
                              c:/st/stm32cubeide_1.2.0/stm32cubeide/plugins/com.st.stm32cube.ide.mcu.externaltools.gnu-tools-for-stm32.7-2018-q2-update.win32_1.0.0.201904181610/tools/bin/../lib/gcc/arm-none-eabi/7.3.1/../../../../arm-none-eabi/lib/thumb/v7e-m/fpv4-sp/hard\libc_nano.a(lib_a-malloc.o) (_free_r)
c:/st/stm32cubeide_1.2.0/stm32cubeide/plugins/com.st.stm32cube.ide.mcu.externaltools.gnu-tools-for-stm32.7-2018-q2-update.win32_1.0.0.201904181610/tools/bin/../lib/gcc/arm-none-eabi/7.3.1/../../../../arm-none-eabi/lib/thumb/v7e-m/fpv4-sp/hard\libc_nano.a(lib_a-nano-mallocr.o)
                              c:/st/stm32cubeide_1.2.0/stm32cubeide/plugins/com.st.stm32cube.ide.mcu.externaltools.gnu-tools-for-stm32.7-2018-q2-update.win32_1.0.0.201904181610/tools/bin/../lib/gcc/arm-none-eabi/7.3.1/../../../../arm-none-eabi/lib/thumb/v7e-m/fpv4-sp/hard\libc_nano.a(lib_a-malloc.o) (_malloc_r)
c:/st/stm32cubeide_1.2.0/stm32cubeide/plugins/com.st.stm32cube.ide.mcu.externaltools.gnu-tools-for-stm32.7-2018-q2-update.win32_1.0.0.201904181610/tools/bin/../lib/gcc/arm-none-eabi/7.3.1/../../../../arm-none-eabi/lib/thumb/v7e-m/fpv4-sp/hard\libc_nano.a(lib_a-sbrkr.o)
                              c:/st/stm32cubeide_1.2.0/stm32cubeide/plugins/com.st.stm32cube.ide.mcu.externaltools.gnu-tools-for-stm32.7-2018-q2-update.win32_1.0.0.201904181610/tools/bin/../lib/gcc/arm-none-eabi/7.3.1/../../../../arm-none-eabi/lib/thumb/v7e-m/fpv4-sp/hard\libc_nano.a(lib_a-nano-mallocr.o) (_sbrk_r)
[...]
Memory Configuration

Name             Origin             Length             Attributes
RAM              0x0000000020000000 0x0000000000050000 xrw
FLASH            0x0000000008000000 0x0000000000100000 xr
*default*        0x0000000000000000 0xffffffffffffffff

Linker script and memory map

LOAD c:/st/stm32cubeide_1.2.0/stm32cubeide/plugins/com.st.stm32cube.ide.mcu.externaltools.gnu-tools-for-stm32.7-2018-q2-update.win32_1.0.0.201904181610/tools/bin/../lib/gcc/arm-none-eabi/7.3.1/thumb/v7e-m/fpv4-sp/hard/crti.o
LOAD c:/st/stm32cubeide_1.2.0/stm32cubeide/plugins/com.st.stm32cube.ide.mcu.externaltools.gnu-tools-for-stm32.7-2018-q2-update.win32_1.0.0.201904181610/tools/bin/../lib/gcc/arm-none-eabi/7.3.1/thumb/v7e-m/fpv4-sp/hard/crtbegin.o
LOAD c:/st/stm32cubeide_1.2.0/stm32cubeide/plugins/com.st.stm32cube.ide.mcu.externaltools.gnu-tools-for-stm32.7-2018-q2-update.win32_1.0.0.201904181610/tools/bin/../lib/gcc/arm-none-eabi/7.3.1/../../../../arm-none-eabi/lib/thumb/v7e-m/fpv4-sp/hard/crt0.o
LOAD Core/Src/dac.o
LOAD Core/Src/dfsdm.o
LOAD Core/Src/dma.o
LOAD Core/Src/equalizer.o
LOAD Core/Src/gpio.o
LOAD Core/Src/i2c.o
LOAD Core/Src/main.o
LOAD Core/Src/stm32f4xx_hal_msp.o
LOAD Core/Src/stm32f4xx_it.o
LOAD Core/Src/syscalls.o
LOAD Core/Src/sysmem.o
LOAD Core/Src/system_stm32f4xx.o
LOAD Core/Src/tim.o
LOAD Core/Src/usart.o
LOAD Core/Startup/startup_stm32f413cgux.o
LOAD Drivers/STM32F4xx_HAL_Driver/Src/stm32f4xx_hal.o
LOAD Drivers/STM32F4xx_HAL_Driver/Src/stm32f4xx_hal_cortex.o
LOAD Drivers/STM32F4xx_HAL_Driver/Src/stm32f4xx_hal_dac.o
LOAD Drivers/STM32F4xx_HAL_Driver/Src/stm32f4xx_hal_dac_ex.o
LOAD Drivers/STM32F4xx_HAL_Driver/Src/stm32f4xx_hal_dfsdm.o
LOAD Drivers/STM32F4xx_HAL_Driver/Src/stm32f4xx_hal_dma.o
LOAD Drivers/STM32F4xx_HAL_Driver/Src/stm32f4xx_hal_dma_ex.o
LOAD Drivers/STM32F4xx_HAL_Driver/Src/stm32f4xx_hal_exti.o
LOAD Drivers/STM32F4xx_HAL_Driver/Src/stm32f4xx_hal_flash.o
LOAD Drivers/STM32F4xx_HAL_Driver/Src/stm32f4xx_hal_flash_ex.o
LOAD Drivers/STM32F4xx_HAL_Driver/Src/stm32f4xx_hal_flash_ramfunc.o
LOAD Drivers/STM32F4xx_HAL_Driver/Src/stm32f4xx_hal_gpio.o
LOAD Drivers/STM32F4xx_HAL_Driver/Src/stm32f4xx_hal_i2c.o
LOAD Drivers/STM32F4xx_HAL_Driver/Src/stm32f4xx_hal_i2c_ex.o
LOAD Drivers/STM32F4xx_HAL_Driver/Src/stm32f4xx_hal_pwr.o
LOAD Drivers/STM32F4xx_HAL_Driver/Src/stm32f4xx_hal_pwr_ex.o
LOAD Drivers/STM32F4xx_HAL_Driver/Src/stm32f4xx_hal_rcc.o
LOAD Drivers/STM32F4xx_HAL_Driver/Src/stm32f4xx_hal_rcc_ex.o
LOAD Drivers/STM32F4xx_HAL_Driver/Src/stm32f4xx_hal_tim.o
LOAD Drivers/STM32F4xx_HAL_Driver/Src/stm32f4xx_hal_tim_ex.o
LOAD Drivers/STM32F4xx_HAL_Driver/Src/stm32f4xx_hal_uart.o
LOAD ../DSP\libarm_cortexM4lf_math.a
LOAD ../Middlewares\GREQ\Lib\GrEq_32b_CM4_GCC.a
START GROUP
LOAD c:/st/stm32cubeide_1.2.0/stm32cubeide/plugins/com.st.stm32cube.ide.mcu.externaltools.gnu-tools-for-stm32.7-2018-q2-update.win32_1.0.0.201904181610/tools/bin/../lib/gcc/arm-none-eabi/7.3.1/../../../../arm-none-eabi/lib/thumb/v7e-m/fpv4-sp/hard\libc_nano.a
LOAD c:/st/stm32cubeide_1.2.0/stm32cubeide/plugins/com.st.stm32cube.ide.mcu.externaltools.gnu-tools-for-stm32.7-2018-q2-update.win32_1.0.0.201904181610/tools/bin/../lib/gcc/arm-none-eabi/7.3.1/../../../../arm-none-eabi/lib/thumb/v7e-m/fpv4-sp/hard\libm.a
END GROUP
START GROUP
LOAD c:/st/stm32cubeide_1.2.0/stm32cubeide/plugins/com.st.stm32cube.ide.mcu.externaltools.gnu-tools-for-stm32.7-2018-q2-update.win32_1.0.0.201904181610/tools/bin/../lib/gcc/arm-none-eabi/7.3.1/thumb/v7e-m/fpv4-sp/hard\libgcc.a
LOAD c:/st/stm32cubeide_1.2.0/stm32cubeide/plugins/com.st.stm32cube.ide.mcu.externaltools.gnu-tools-for-stm32.7-2018-q2-update.win32_1.0.0.201904181610/tools/bin/../lib/gcc/arm-none-eabi/7.3.1/../../../../arm-none-eabi/lib/thumb/v7e-m/fpv4-sp/hard\libc_nano.a
END GROUP
START GROUP
LOAD c:/st/stm32cubeide_1.2.0/stm32cubeide/plugins/com.st.stm32cube.ide.mcu.externaltools.gnu-tools-for-stm32.7-2018-q2-update.win32_1.0.0.201904181610/tools/bin/../lib/gcc/arm-none-eabi/7.3.1/thumb/v7e-m/fpv4-sp/hard\libgcc.a
LOAD c:/st/stm32cubeide_1.2.0/stm32cubeide/plugins/com.st.stm32cube.ide.mcu.externaltools.gnu-tools-for-stm32.7-2018-q2-update.win32_1.0.0.201904181610/tools/bin/../lib/gcc/arm-none-eabi/7.3.1/../../../../arm-none-eabi/lib/thumb/v7e-m/fpv4-sp/hard\libc_nano.a
LOAD c:/st/stm32cubeide_1.2.0/stm32cubeide/plugins/com.st.stm32cube.ide.mcu.externaltools.gnu-tools-for-stm32.7-2018-q2-update.win32_1.0.0.201904181610/tools/bin/../lib/gcc/arm-none-eabi/7.3.1/../../../../arm-none-eabi/lib/thumb/v7e-m/fpv4-sp/hard\libnosys.a
END GROUP
START GROUP
LOAD c:/st/stm32cubeide_1.2.0/stm32cubeide/plugins/com.st.stm32cube.ide.mcu.externaltools.gnu-tools-for-stm32.7-2018-q2-update.win32_1.0.0.201904181610/tools/bin/../lib/gcc/arm-none-eabi/7.3.1/thumb/v7e-m/fpv4-sp/hard\libgcc.a
LOAD c:/st/stm32cubeide_1.2.0/stm32cubeide/plugins/com.st.stm32cube.ide.mcu.externaltools.gnu-tools-for-stm32.7-2018-q2-update.win32_1.0.0.201904181610/tools/bin/../lib/gcc/arm-none-eabi/7.3.1/../../../../arm-none-eabi/lib/thumb/v7e-m/fpv4-sp/hard\libc_nano.a
LOAD c:/st/stm32cubeide_1.2.0/stm32cubeide/plugins/com.st.stm32cube.ide.mcu.externaltools.gnu-tools-for-stm32.7-2018-q2-update.win32_1.0.0.201904181610/tools/bin/../lib/gcc/arm-none-eabi/7.3.1/../../../../arm-none-eabi/lib/thumb/v7e-m/fpv4-sp/hard\libnosys.a
END GROUP
LOAD c:/st/stm32cubeide_1.2.0/stm32cubeide/plugins/com.st.stm32cube.ide.mcu.externaltools.gnu-tools-for-stm32.7-2018-q2-update.win32_1.0.0.201904181610/tools/bin/../lib/gcc/arm-none-eabi/7.3.1/thumb/v7e-m/fpv4-sp/hard/crtend.o
LOAD c:/st/stm32cubeide_1.2.0/stm32cubeide/plugins/com.st.stm32cube.ide.mcu.externaltools.gnu-tools-for-stm32.7-2018-q2-update.win32_1.0.0.201904181610/tools/bin/../lib/gcc/arm-none-eabi/7.3.1/thumb/v7e-m/fpv4-sp/hard/crtn.o
                0x0000000020050000                _estack = (ORIGIN (RAM) + LENGTH (RAM))
                0x0000000000000200                _Min_Heap_Size = 0x200
                0x0000000000000400                _Min_Stack_Size = 0x400

.isr_vector     0x0000000008000000      0x1d8
                0x0000000008000000                . = ALIGN (0x4)
 *(.isr_vector)
 .isr_vector    0x0000000008000000      0x1d8 Core/Startup/startup_stm32f413cgux.o
                0x0000000008000000                g_pfnVectors
                0x00000000080001d8                . = ALIGN (0x4)

.text           0x00000000080001d8     0x49a4
                0x00000000080001d8                . = ALIGN (0x4)
 *(.text)
 .text          0x00000000080001d8       0x40 c:/st/stm32cubeide_1.2.0/stm32cubeide/plugins/com.st.stm32cube.ide.mcu.externaltools.gnu-tools-for-stm32.7-2018-q2-update.win32_1.0.0.201904181610/tools/bin/../lib/gcc/arm-none-eabi/7.3.1/thumb/v7e-m/fpv4-sp/hard/crtbegin.o
 .text          0x0000000008000218       0x30 c:/st/stm32cubeide_1.2.0/stm32cubeide/plugins/com.st.stm32cube.ide.mcu.externaltools.gnu-tools-for-stm32.7-2018-q2-update.win32_1.0.0.201904181610/tools/bin/../lib/gcc/arm-none-eabi/7.3.1/thumb/v7e-m/fpv4-sp/hard\libgcc.a(_aeabi_uldivmod.o)
                0x0000000008000218                __aeabi_uldivmod
 .text          0x0000000008000248      0x2cc c:/st/stm32cubeide_1.2.0/stm32cubeide/plugins/com.st.stm32cube.ide.mcu.externaltools.gnu-tools-for-stm32.7-2018-q2-update.win32_1.0.0.201904181610/tools/bin/../lib/gcc/arm-none-eabi/7.3.1/thumb/v7e-m/fpv4-sp/hard\libgcc.a(_udivmoddi4.o)
                0x0000000008000248                __udivmoddi4
 .text          0x0000000008000514        0x4 c:/st/stm32cubeide_1.2.0/stm32cubeide/plugins/com.st.stm32cube.ide.mcu.externaltools.gnu-tools-for-stm32.7-2018-q2-update.win32_1.0.0.201904181610/tools/bin/../lib/gcc/arm-none-eabi/7.3.1/thumb/v7e-m/fpv4-sp/hard\libgcc.a(_dvmd_tls.o)
                0x0000000008000514                __aeabi_idiv0
                0x0000000008000514                __aeabi_ldiv0
 *(.text*)
 .text.MX_DAC_Init
                0x0000000008000518       0x54 Core/Src/dac.o
                0x0000000008000518                MX_DAC_Init
 .text.HAL_DAC_MspInit
                0x000000000800056c       0xf4 Core/Src/dac.o
                0x000000000800056c                HAL_DAC_MspInit
 .text.MX_DFSDM1_Init
                0x0000000008000660       0xcc Core/Src/dfsdm.o
                0x0000000008000660                MX_DFSDM1_Init
 .text.HAL_DFSDM_FilterMspInit
                0x000000000800072c      0x190 Core/Src/dfsdm.o
                0x000000000800072c                HAL_DFSDM_FilterMspInit
 .text.HAL_DFSDM_ChannelMspInit
                0x00000000080008bc      0x128 Core/Src/dfsdm.o
                0x00000000080008bc                HAL_DFSDM_ChannelMspInit
 .text.MX_DMA_Init
                0x00000000080009e4       0x7c Core/Src/dma.o
                0x00000000080009e4                MX_DMA_Init
 .text.MX_GPIO_Init
                0x0000000008000a60       0xc4 Core/Src/gpio.o
                0x0000000008000a60                MX_GPIO_Init
 .text.MX_I2C1_Init
                0x0000000008000b24       0x5c Core/Src/i2c.o
                0x0000000008000b24                MX_I2C1_Init
 .text.HAL_I2C_MspInit
                0x0000000008000b80       0x90 Core/Src/i2c.o
                0x0000000008000b80                HAL_I2C_MspInit
 .text.main     0x0000000008000c10      0x16c Core/Src/main.o
                0x0000000008000c10                main
 .text.HAL_DFSDM_FilterRegConvHalfCpltCallback
                0x0000000008000d7c       0x20 Core/Src/main.o
                0x0000000008000d7c                HAL_DFSDM_FilterRegConvHalfCpltCallback
 .text.HAL_DFSDM_FilterRegConvCpltCallback
                0x0000000008000d9c       0x20 Core/Src/main.o
                0x0000000008000d9c                HAL_DFSDM_FilterRegConvCpltCallback
 .text.TestBlinking
                0x0000000008000dbc       0x30 Core/Src/main.o
                0x0000000008000dbc                TestBlinking
 .text.SystemClock_Config
                0x0000000008000dec      0x130 Core/Src/main.o
                0x0000000008000dec                SystemClock_Config
 .text.Error_Handler
                0x0000000008000f1c        0xa Core/Src/main.o
                0x0000000008000f1c                Error_Handler
 *fill*         0x0000000008000f26        0x2 
 .text.HAL_MspInit
                0x0000000008000f28       0x50 Core/Src/stm32f4xx_hal_msp.o
                0x0000000008000f28                HAL_MspInit
 .text.NMI_Handler
                0x0000000008000f78        0xe Core/Src/stm32f4xx_it.o
                0x0000000008000f78                NMI_Handler
 .text.HardFault_Handler
                0x0000000008000f86        0x6 Core/Src/stm32f4xx_it.o
                0x0000000008000f86                HardFault_Handler
 .text.MemManage_Handler
                0x0000000008000f8c        0x6 Core/Src/stm32f4xx_it.o
                0x0000000008000f8c                MemManage_Handler
 .text.BusFault_Handler
                0x0000000008000f92        0x6 Core/Src/stm32f4xx_it.o
                0x0000000008000f92                BusFault_Handler
 .text.UsageFault_Handler
                0x0000000008000f98        0x6 Core/Src/stm32f4xx_it.o
                0x0000000008000f98                UsageFault_Handler
 .text.SVC_Handler
                0x0000000008000f9e        0xe Core/Src/stm32f4xx_it.o
                0x0000000008000f9e                SVC_Handler
 .text.DebugMon_Handler
                0x0000000008000fac        0xe Core/Src/stm32f4xx_it.o
                0x0000000008000fac                DebugMon_Handler
 .text.PendSV_Handler
                0x0000000008000fba        0xe Core/Src/stm32f4xx_it.o
                0x0000000008000fba                PendSV_Handler
 .text.SysTick_Handler
                0x0000000008000fc8        0xc Core/Src/stm32f4xx_it.o
                0x0000000008000fc8                SysTick_Handler
 .text.DMA1_Stream0_IRQHandler
                0x0000000008000fd4       0x14 Core/Src/stm32f4xx_it.o
                0x0000000008000fd4                DMA1_Stream0_IRQHandler
 .text.DMA1_Stream5_IRQHandler
                0x0000000008000fe8       0x14 Core/Src/stm32f4xx_it.o
                0x0000000008000fe8                DMA1_Stream5_IRQHandler
 .text.UART5_IRQHandler
                0x0000000008000ffc       0x14 Core/Src/stm32f4xx_it.o
                0x0000000008000ffc                UART5_IRQHandler
 .text.DMA2_Stream0_IRQHandler
                0x0000000008001010       0x14 Core/Src/stm32f4xx_it.o
                0x0000000008001010                DMA2_Stream0_IRQHandler
 .text.SystemInit
                0x0000000008001024       0x2c Core/Src/system_stm32f4xx.o
                0x0000000008001024                SystemInit
 .text.MX_TIM6_Init
                0x0000000008001050       0x68 Core/Src/tim.o
                0x0000000008001050                MX_TIM6_Init
 .text.HAL_TIM_Base_MspInit
                0x00000000080010b8       0x44 Core/Src/tim.o
                0x00000000080010b8                HAL_TIM_Base_MspInit
 .text.MX_UART5_Init
                0x00000000080010fc       0x54 Core/Src/usart.o
                0x00000000080010fc                MX_UART5_Init
 .text.HAL_UART_MspInit
                0x0000000008001150      0x108 Core/Src/usart.o
                0x0000000008001150                HAL_UART_MspInit
 .text.Reset_Handler
                0x0000000008001258       0x50 Core/Startup/startup_stm32f413cgux.o
                0x0000000008001258                Reset_Handler
 .text.Default_Handler
                0x00000000080012a8        0x2 Core/Startup/startup_stm32f413cgux.o
                0x00000000080012a8                RTC_Alarm_IRQHandler
                0x00000000080012a8                EXTI2_IRQHandler
                0x00000000080012a8                TIM8_CC_IRQHandler
                0x00000000080012a8                UART8_IRQHandler
                0x00000000080012a8                FMPI2C1_EV_IRQHandler
                0x00000000080012a8                SPI4_IRQHandler
                0x00000000080012a8                TIM1_CC_IRQHandler
                0x00000000080012a8                DMA2_Stream5_IRQHandler
                0x00000000080012a8                CAN3_RX1_IRQHandler
                0x00000000080012a8                PVD_IRQHandler
                0x00000000080012a8                SDIO_IRQHandler
                0x00000000080012a8                TAMP_STAMP_IRQHandler
                0x00000000080012a8                CAN2_RX1_IRQHandler
                0x00000000080012a8                EXTI3_IRQHandler
                0x00000000080012a8                TIM8_TRG_COM_TIM14_IRQHandler
                0x00000000080012a8                DFSDM1_FLT1_IRQHandler
                0x00000000080012a8                TIM1_UP_TIM10_IRQHandler
                0x00000000080012a8                TIM8_UP_TIM13_IRQHandler
                0x00000000080012a8                I2C3_ER_IRQHandler
                0x00000000080012a8                EXTI0_IRQHandler
                0x00000000080012a8                I2C2_EV_IRQHandler
                0x00000000080012a8                DMA1_Stream2_IRQHandler
                0x00000000080012a8                CAN1_RX0_IRQHandler
                0x00000000080012a8                FPU_IRQHandler
                0x00000000080012a8                CAN3_SCE_IRQHandler
                0x00000000080012a8                CAN2_SCE_IRQHandler
                0x00000000080012a8                DMA2_Stream2_IRQHandler
                0x00000000080012a8                SPI1_IRQHandler
                0x00000000080012a8                TIM6_DAC_IRQHandler
                0x00000000080012a8                TIM1_BRK_TIM9_IRQHandler
                0x00000000080012a8                CAN2_RX0_IRQHandler
                0x00000000080012a8                DMA2_Stream3_IRQHandler
                0x00000000080012a8                USART6_IRQHandler
                0x00000000080012a8                CAN3_RX0_IRQHandler
                0x00000000080012a8                USART3_IRQHandler
                0x00000000080012a8                DFSDM2_FLT3_IRQHandler
                0x00000000080012a8                CAN1_RX1_IRQHandler
                0x00000000080012a8                TIM4_IRQHandler
                0x00000000080012a8                QUADSPI_IRQHandler
                0x00000000080012a8                I2C1_EV_IRQHandler
                0x00000000080012a8                DMA1_Stream6_IRQHandler
                0x00000000080012a8                DMA1_Stream1_IRQHandler
                0x00000000080012a8                UART4_IRQHandler
                0x00000000080012a8                TIM3_IRQHandler
                0x00000000080012a8                RCC_IRQHandler
                0x00000000080012a8                UART9_IRQHandler
                0x00000000080012a8                TIM8_BRK_TIM12_IRQHandler
                0x00000000080012a8                Default_Handler
                0x00000000080012a8                EXTI15_10_IRQHandler
                0x00000000080012a8                ADC_IRQHandler
                0x00000000080012a8                DMA1_Stream7_IRQHandler
                0x00000000080012a8                DFSDM2_FLT0_IRQHandler
                0x00000000080012a8                SPI5_IRQHandler
                0x00000000080012a8                TIM7_IRQHandler
                0x00000000080012a8                CAN2_TX_IRQHandler
                0x00000000080012a8                TIM5_IRQHandler
                0x00000000080012a8                DMA2_Stream7_IRQHandler
                0x00000000080012a8                I2C3_EV_IRQHandler
                0x00000000080012a8                DFSDM2_FLT2_IRQHandler
                0x00000000080012a8                EXTI9_5_IRQHandler
                0x00000000080012a8                RTC_WKUP_IRQHandler
                0x00000000080012a8                SPI2_IRQHandler
                0x00000000080012a8                CAN1_TX_IRQHandler
                0x00000000080012a8                FMPI2C1_ER_IRQHandler
                0x00000000080012a8                EXTI4_IRQHandler
                0x00000000080012a8                DFSDM2_FLT1_IRQHandler
                0x00000000080012a8                RNG_IRQHandler
                0x00000000080012a8                FSMC_IRQHandler
                0x00000000080012a8                WWDG_IRQHandler
                0x00000000080012a8                CAN3_TX_IRQHandler
                0x00000000080012a8                TIM2_IRQHandler
                0x00000000080012a8                OTG_FS_WKUP_IRQHandler
                0x00000000080012a8                TIM1_TRG_COM_TIM11_IRQHandler
                0x00000000080012a8                EXTI1_IRQHandler
                0x00000000080012a8                UART7_IRQHandler
                0x00000000080012a8                USART2_IRQHandler
                0x00000000080012a8                DFSDM1_FLT0_IRQHandler
                0x00000000080012a8                I2C2_ER_IRQHandler
                0x00000000080012a8                DMA2_Stream1_IRQHandler
                0x00000000080012a8                CAN1_SCE_IRQHandler
                0x00000000080012a8                FLASH_IRQHandler
                0x00000000080012a8                DMA2_Stream4_IRQHandler
                0x00000000080012a8                USART1_IRQHandler
                0x00000000080012a8                OTG_FS_IRQHandler
                0x00000000080012a8                SPI3_IRQHandler
                0x00000000080012a8                DMA1_Stream4_IRQHandler
                0x00000000080012a8                I2C1_ER_IRQHandler
                0x00000000080012a8                LPTIM1_IRQHandler
                0x00000000080012a8                DMA2_Stream6_IRQHandler
                0x00000000080012a8                UART10_IRQHandler
                0x00000000080012a8                SAI1_IRQHandler
                0x00000000080012a8                DMA1_Stream3_IRQHandler
 *fill*         0x00000000080012aa        0x2 
 .text.HAL_Init
                0x00000000080012ac       0x44 Drivers/STM32F4xx_HAL_Driver/Src/stm32f4xx_hal.o
                0x00000000080012ac                HAL_Init
 .text.HAL_InitTick
                0x00000000080012f0       0x60 Drivers/STM32F4xx_HAL_Driver/Src/stm32f4xx_hal.o
                0x00000000080012f0                HAL_InitTick
 .text.HAL_IncTick
                0x0000000008001350       0x28 Drivers/STM32F4xx_HAL_Driver/Src/stm32f4xx_hal.o
                0x0000000008001350                HAL_IncTick
 .text.HAL_GetTick
                0x0000000008001378       0x18 Drivers/STM32F4xx_HAL_Driver/Src/stm32f4xx_hal.o
                0x0000000008001378                HAL_GetTick
 .text.HAL_Delay
                0x0000000008001390       0x44 Drivers/STM32F4xx_HAL_Driver/Src/stm32f4xx_hal.o
                0x0000000008001390                HAL_Delay
 .text.__NVIC_SetPriorityGrouping
                0x00000000080013d4       0x48 Drivers/STM32F4xx_HAL_Driver/Src/stm32f4xx_hal_cortex.o
 .text.__NVIC_GetPriorityGrouping
                0x000000000800141c       0x1c Drivers/STM32F4xx_HAL_Driver/Src/stm32f4xx_hal_cortex.o
 .text.__NVIC_EnableIRQ
                0x0000000008001438       0x3c Drivers/STM32F4xx_HAL_Driver/Src/stm32f4xx_hal_cortex.o
 .text.__NVIC_SetPriority
                0x0000000008001474       0x54 Drivers/STM32F4xx_HAL_Driver/Src/stm32f4xx_hal_cortex.o
 .text.NVIC_EncodePriority
                0x00000000080014c8       0x66 Drivers/STM32F4xx_HAL_Driver/Src/stm32f4xx_hal_cortex.o
 *fill*         0x000000000800152e        0x2 
 .text.SysTick_Config
                0x0000000008001530       0x44 Drivers/STM32F4xx_HAL_Driver/Src/stm32f4xx_hal_cortex.o
 .text.HAL_NVIC_SetPriorityGrouping
                0x0000000008001574       0x16 Drivers/STM32F4xx_HAL_Driver/Src/stm32f4xx_hal_cortex.o
                0x0000000008001574                HAL_NVIC_SetPriorityGrouping
 .text.HAL_NVIC_SetPriority
                0x000000000800158a       0x38 Drivers/STM32F4xx_HAL_Driver/Src/stm32f4xx_hal_cortex.o
                0x000000000800158a                HAL_NVIC_SetPriority
 .text.HAL_NVIC_EnableIRQ
                0x00000000080015c2       0x1c Drivers/STM32F4xx_HAL_Driver/Src/stm32f4xx_hal_cortex.o
                0x00000000080015c2                HAL_NVIC_EnableIRQ
 .text.HAL_SYSTICK_Config
                0x00000000080015de       0x18 Drivers/STM32F4xx_HAL_Driver/Src/stm32f4xx_hal_cortex.o
                0x00000000080015de                HAL_SYSTICK_Config
 .text.HAL_DAC_Init
                0x00000000080015f6       0x44 Drivers/STM32F4xx_HAL_Driver/Src/stm32f4xx_hal_dac.o
                0x00000000080015f6                HAL_DAC_Init
 .text.HAL_DAC_Start
                0x000000000800163a       0xcc Drivers/STM32F4xx_HAL_Driver/Src/stm32f4xx_hal_dac.o
                0x000000000800163a                HAL_DAC_Start
 *fill*         0x0000000008001706        0x2 
 .text.HAL_DAC_Start_DMA
                0x0000000008001708      0x15c Drivers/STM32F4xx_HAL_Driver/Src/stm32f4xx_hal_dac.o
                0x0000000008001708                HAL_DAC_Start_DMA
 .text.HAL_DAC_ConvCpltCallbackCh1
                0x0000000008001864       0x14 Drivers/STM32F4xx_HAL_Driver/Src/stm32f4xx_hal_dac.o
                0x0000000008001864                HAL_DAC_ConvCpltCallbackCh1
 .text.HAL_DAC_ConvHalfCpltCallbackCh1
                0x0000000008001878       0x14 Drivers/STM32F4xx_HAL_Driver/Src/stm32f4xx_hal_dac.o
                0x0000000008001878                HAL_DAC_ConvHalfCpltCallbackCh1
 .text.HAL_DAC_ErrorCallbackCh1
                0x000000000800188c       0x14 Drivers/STM32F4xx_HAL_Driver/Src/stm32f4xx_hal_dac.o
                0x000000000800188c                HAL_DAC_ErrorCallbackCh1
 .text.HAL_DAC_ConfigChannel
                0x00000000080018a0       0x9a Drivers/STM32F4xx_HAL_Driver/Src/stm32f4xx_hal_dac.o
                0x00000000080018a0                HAL_DAC_ConfigChannel
 .text.DAC_DMAConvCpltCh1
                0x000000000800193a       0x22 Drivers/STM32F4xx_HAL_Driver/Src/stm32f4xx_hal_dac.o
 .text.DAC_DMAHalfConvCpltCh1
                0x000000000800195c       0x1c Drivers/STM32F4xx_HAL_Driver/Src/stm32f4xx_hal_dac.o
 .text.DAC_DMAErrorCh1
                0x0000000008001978       0x2e Drivers/STM32F4xx_HAL_Driver/Src/stm32f4xx_hal_dac.o
 .text.HAL_DACEx_ConvCpltCallbackCh2
                0x00000000080019a6       0x14 Drivers/STM32F4xx_HAL_Driver/Src/stm32f4xx_hal_dac_ex.o
                0x00000000080019a6                HAL_DACEx_ConvCpltCallbackCh2
 .text.HAL_DACEx_ConvHalfCpltCallbackCh2
                0x00000000080019ba       0x14 Drivers/STM32F4xx_HAL_Driver/Src/stm32f4xx_hal_dac_ex.o
                0x00000000080019ba                HAL_DACEx_ConvHalfCpltCallbackCh2
 .text.HAL_DACEx_ErrorCallbackCh2
                0x00000000080019ce       0x14 Drivers/STM32F4xx_HAL_Driver/Src/stm32f4xx_hal_dac_ex.o
                0x00000000080019ce                HAL_DACEx_ErrorCallbackCh2
 .text.DAC_DMAConvCpltCh2
                0x00000000080019e2       0x22 Drivers/STM32F4xx_HAL_Driver/Src/stm32f4xx_hal_dac_ex.o
                0x00000000080019e2                DAC_DMAConvCpltCh2
 .text.DAC_DMAHalfConvCpltCh2
                0x0000000008001a04       0x1c Drivers/STM32F4xx_HAL_Driver/Src/stm32f4xx_hal_dac_ex.o
                0x0000000008001a04                DAC_DMAHalfConvCpltCh2
 .text.DAC_DMAErrorCh2
                0x0000000008001a20       0x2e Drivers/STM32F4xx_HAL_Driver/Src/stm32f4xx_hal_dac_ex.o
                0x0000000008001a20                DAC_DMAErrorCh2
 *fill*         0x0000000008001a4e        0x2 
 .text.HAL_DFSDM_ChannelInit
                0x0000000008001a50      0x1e0 Drivers/STM32F4xx_HAL_Driver/Src/stm32f4xx_hal_dfsdm.o
                0x0000000008001a50                HAL_DFSDM_ChannelInit
 .text.HAL_DFSDM_FilterInit
                0x0000000008001c30      0x1d8 Drivers/STM32F4xx_HAL_Driver/Src/stm32f4xx_hal_dfsdm.o
                0x0000000008001c30                HAL_DFSDM_FilterInit
 .text.HAL_DFSDM_FilterConfigRegChannel
                0x0000000008001e08       0x8a Drivers/STM32F4xx_HAL_Driver/Src/stm32f4xx_hal_dfsdm.o
                0x0000000008001e08                HAL_DFSDM_FilterConfigRegChannel
 *fill*         0x0000000008001e92        0x2 
 .text.HAL_DFSDM_FilterRegularStart_DMA
                0x0000000008001e94      0x108 Drivers/STM32F4xx_HAL_Driver/Src/stm32f4xx_hal_dfsdm.o
                0x0000000008001e94                HAL_DFSDM_FilterRegularStart_DMA
 .text.HAL_DFSDM_FilterErrorCallback
                0x0000000008001f9c       0x14 Drivers/STM32F4xx_HAL_Driver/Src/stm32f4xx_hal_dfsdm.o
                0x0000000008001f9c                HAL_DFSDM_FilterErrorCallback
 .text.DFSDM_DMARegularHalfConvCplt
                0x0000000008001fb0       0x1c Drivers/STM32F4xx_HAL_Driver/Src/stm32f4xx_hal_dfsdm.o
 .text.DFSDM_DMARegularConvCplt
                0x0000000008001fcc       0x1c Drivers/STM32F4xx_HAL_Driver/Src/stm32f4xx_hal_dfsdm.o
 .text.DFSDM_DMAError
                0x0000000008001fe8       0x22 Drivers/STM32F4xx_HAL_Driver/Src/stm32f4xx_hal_dfsdm.o
 *fill*         0x000000000800200a        0x2 
 .text.DFSDM_GetChannelFromInstance
                0x000000000800200c       0xc8 Drivers/STM32F4xx_HAL_Driver/Src/stm32f4xx_hal_dfsdm.o
 .text.DFSDM_RegConvStart
                0x00000000080020d4       0xac Drivers/STM32F4xx_HAL_Driver/Src/stm32f4xx_hal_dfsdm.o
 .text.HAL_DMA_Init
                0x0000000008002180      0x15c Drivers/STM32F4xx_HAL_Driver/Src/stm32f4xx_hal_dma.o
                0x0000000008002180                HAL_DMA_Init
 .text.HAL_DMA_Start_IT
                0x00000000080022dc       0xb0 Drivers/STM32F4xx_HAL_Driver/Src/stm32f4xx_hal_dma.o
                0x00000000080022dc                HAL_DMA_Start_IT
 .text.HAL_DMA_Abort_IT
                0x000000000800238c       0x44 Drivers/STM32F4xx_HAL_Driver/Src/stm32f4xx_hal_dma.o
                0x000000000800238c                HAL_DMA_Abort_IT
 .text.HAL_DMA_IRQHandler
                0x00000000080023d0      0x314 Drivers/STM32F4xx_HAL_Driver/Src/stm32f4xx_hal_dma.o
                0x00000000080023d0                HAL_DMA_IRQHandler
 .text.DMA_SetConfig
                0x00000000080026e4       0x5c Drivers/STM32F4xx_HAL_Driver/Src/stm32f4xx_hal_dma.o
 .text.DMA_CalcBaseAndBitshift
                0x0000000008002740       0x6c Drivers/STM32F4xx_HAL_Driver/Src/stm32f4xx_hal_dma.o
 .text.DMA_CheckFifoParam
                0x00000000080027ac       0xf4 Drivers/STM32F4xx_HAL_Driver/Src/stm32f4xx_hal_dma.o
 .text.HAL_GPIO_Init
                0x00000000080028a0      0x324 Drivers/STM32F4xx_HAL_Driver/Src/stm32f4xx_hal_gpio.o
                0x00000000080028a0                HAL_GPIO_Init
 .text.HAL_GPIO_WritePin
                0x0000000008002bc4       0x32 Drivers/STM32F4xx_HAL_Driver/Src/stm32f4xx_hal_gpio.o
                0x0000000008002bc4                HAL_GPIO_WritePin
 *fill*         0x0000000008002bf6        0x2 
 .text.HAL_I2C_Init
                0x0000000008002bf8      0x270 Drivers/STM32F4xx_HAL_Driver/Src/stm32f4xx_hal_i2c.o
                0x0000000008002bf8                HAL_I2C_Init
 .text.HAL_RCC_ClockConfig
                0x0000000008002e68      0x1cc Drivers/STM32F4xx_HAL_Driver/Src/stm32f4xx_hal_rcc.o
                0x0000000008002e68                HAL_RCC_ClockConfig
 .text.HAL_RCC_GetSysClockFreq
                0x0000000008003034      0x1b0 Drivers/STM32F4xx_HAL_Driver/Src/stm32f4xx_hal_rcc.o
                0x0000000008003034                HAL_RCC_GetSysClockFreq
 .text.HAL_RCC_GetHCLKFreq
                0x00000000080031e4       0x18 Drivers/STM32F4xx_HAL_Driver/Src/stm32f4xx_hal_rcc.o
                0x00000000080031e4                HAL_RCC_GetHCLKFreq
 .text.HAL_RCC_GetPCLK1Freq
                0x00000000080031fc       0x28 Drivers/STM32F4xx_HAL_Driver/Src/stm32f4xx_hal_rcc.o
                0x00000000080031fc                HAL_RCC_GetPCLK1Freq
 .text.HAL_RCC_GetPCLK2Freq
                0x0000000008003224       0x28 Drivers/STM32F4xx_HAL_Driver/Src/stm32f4xx_hal_rcc.o
                0x0000000008003224                HAL_RCC_GetPCLK2Freq
 .text.HAL_RCCEx_PeriphCLKConfig
                0x000000000800324c      0x518 Drivers/STM32F4xx_HAL_Driver/Src/stm32f4xx_hal_rcc_ex.o
                0x000000000800324c                HAL_RCCEx_PeriphCLKConfig
 .text.HAL_RCC_OscConfig
                0x0000000008003764      0x484 Drivers/STM32F4xx_HAL_Driver/Src/stm32f4xx_hal_rcc_ex.o
                0x0000000008003764                HAL_RCC_OscConfig
 .text.HAL_TIM_Base_Init
                0x0000000008003be8       0x56 Drivers/STM32F4xx_HAL_Driver/Src/stm32f4xx_hal_tim.o
                0x0000000008003be8                HAL_TIM_Base_Init
 .text.HAL_TIM_Base_Start
                0x0000000008003c3e       0x48 Drivers/STM32F4xx_HAL_Driver/Src/stm32f4xx_hal_tim.o
                0x0000000008003c3e                HAL_TIM_Base_Start
 *fill*         0x0000000008003c86        0x2 
 .text.TIM_Base_SetConfig
                0x0000000008003c88      0x140 Drivers/STM32F4xx_HAL_Driver/Src/stm32f4xx_hal_tim.o
                0x0000000008003c88                TIM_Base_SetConfig
 .text.HAL_TIMEx_MasterConfigSynchronization
                0x0000000008003dc8       0xf8 Drivers/STM32F4xx_HAL_Driver/Src/stm32f4xx_hal_tim_ex.o
                0x0000000008003dc8                HAL_TIMEx_MasterConfigSynchronization
 .text.HAL_UART_Init
                0x0000000008003ec0       0x9a Drivers/STM32F4xx_HAL_Driver/Src/stm32f4xx_hal_uart.o
                0x0000000008003ec0                HAL_UART_Init
 *fill*         0x0000000008003f5a        0x2 
 .text.HAL_UART_IRQHandler
                0x0000000008003f5c      0x200 Drivers/STM32F4xx_HAL_Driver/Src/stm32f4xx_hal_uart.o
                0x0000000008003f5c                HAL_UART_IRQHandler
 .text.HAL_UART_TxCpltCallback
                0x000000000800415c       0x14 Drivers/STM32F4xx_HAL_Driver/Src/stm32f4xx_hal_uart.o
                0x000000000800415c                HAL_UART_TxCpltCallback
 .text.HAL_UART_RxCpltCallback
                0x0000000008004170       0x14 Drivers/STM32F4xx_HAL_Driver/Src/stm32f4xx_hal_uart.o
                0x0000000008004170                HAL_UART_RxCpltCallback
 .text.HAL_UART_ErrorCallback
                0x0000000008004184       0x14 Drivers/STM32F4xx_HAL_Driver/Src/stm32f4xx_hal_uart.o
                0x0000000008004184                HAL_UART_ErrorCallback
 .text.UART_EndRxTransfer
                0x0000000008004198       0x3c Drivers/STM32F4xx_HAL_Driver/Src/stm32f4xx_hal_uart.o
 .text.UART_DMAAbortOnError
                0x00000000080041d4       0x28 Drivers/STM32F4xx_HAL_Driver/Src/stm32f4xx_hal_uart.o
 .text.UART_Transmit_IT
                0x00000000080041fc       0xac Drivers/STM32F4xx_HAL_Driver/Src/stm32f4xx_hal_uart.o
 .text.UART_EndTransmit_IT
                0x00000000080042a8       0x30 Drivers/STM32F4xx_HAL_Driver/Src/stm32f4xx_hal_uart.o
 .text.UART_Receive_IT
                0x00000000080042d8      0x102 Drivers/STM32F4xx_HAL_Driver/Src/stm32f4xx_hal_uart.o
 *fill*         0x00000000080043da        0x2 
 .text.UART_SetConfig
                0x00000000080043dc      0x730 Drivers/STM32F4xx_HAL_Driver/Src/stm32f4xx_hal_uart.o
 .text.__libc_init_array
                0x0000000008004b0c       0x48 c:/st/stm32cubeide_1.2.0/stm32cubeide/plugins/com.st.stm32cube.ide.mcu.externaltools.gnu-tools-for-stm32.7-2018-q2-update.win32_1.0.0.201904181610/tools/bin/../lib/gcc/arm-none-eabi/7.3.1/../../../../arm-none-eabi/lib/thumb/v7e-m/fpv4-sp/hard\libc_nano.a(lib_a-init.o)
                0x0000000008004b0c                __libc_init_array
 .text.memset   0x0000000008004b54       0x10 c:/st/stm32cubeide_1.2.0/stm32cubeide/plugins/com.st.stm32cube.ide.mcu.externaltools.gnu-tools-for-stm32.7-2018-q2-update.win32_1.0.0.201904181610/tools/bin/../lib/gcc/arm-none-eabi/7.3.1/../../../../arm-none-eabi/lib/thumb/v7e-m/fpv4-sp/hard\libc_nano.a(lib_a-memset.o)
                0x0000000008004b54                memset
 *(.glue_7)
 .glue_7        0x0000000008004b64        0x0 linker stubs
 *(.glue_7t)
 .glue_7t       0x0000000008004b64        0x0 linker stubs
 *(.eh_frame)
 .eh_frame      0x0000000008004b64        0x0 c:/st/stm32cubeide_1.2.0/stm32cubeide/plugins/com.st.stm32cube.ide.mcu.externaltools.gnu-tools-for-stm32.7-2018-q2-update.win32_1.0.0.201904181610/tools/bin/../lib/gcc/arm-none-eabi/7.3.1/thumb/v7e-m/fpv4-sp/hard/crtbegin.o
 *(.init)
 .init          0x0000000008004b64        0x4 c:/st/stm32cubeide_1.2.0/stm32cubeide/plugins/com.st.stm32cube.ide.mcu.externaltools.gnu-tools-for-stm32.7-2018-q2-update.win32_1.0.0.201904181610/tools/bin/../lib/gcc/arm-none-eabi/7.3.1/thumb/v7e-m/fpv4-sp/hard/crti.o
                0x0000000008004b64                _init
 .init          0x0000000008004b68        0x8 c:/st/stm32cubeide_1.2.0/stm32cubeide/plugins/com.st.stm32cube.ide.mcu.externaltools.gnu-tools-for-stm32.7-2018-q2-update.win32_1.0.0.201904181610/tools/bin/../lib/gcc/arm-none-eabi/7.3.1/thumb/v7e-m/fpv4-sp/hard/crtn.o
 *(.fini)
 .fini          0x0000000008004b70        0x4 c:/st/stm32cubeide_1.2.0/stm32cubeide/plugins/com.st.stm32cube.ide.mcu.externaltools.gnu-tools-for-stm32.7-2018-q2-update.win32_1.0.0.201904181610/tools/bin/../lib/gcc/arm-none-eabi/7.3.1/thumb/v7e-m/fpv4-sp/hard/crti.o
                0x0000000008004b70                _fini
 .fini          0x0000000008004b74        0x8 c:/st/stm32cubeide_1.2.0/stm32cubeide/plugins/com.st.stm32cube.ide.mcu.externaltools.gnu-tools-for-stm32.7-2018-q2-update.win32_1.0.0.201904181610/tools/bin/../lib/gcc/arm-none-eabi/7.3.1/thumb/v7e-m/fpv4-sp/hard/crtn.o
                0x0000000008004b7c                . = ALIGN (0x4)
                0x0000000008004b7c                _etext = .

.vfp11_veneer   0x0000000008004b7c        0x0
 .vfp11_veneer  0x0000000008004b7c        0x0 linker stubs

.v4_bx          0x0000000008004b7c        0x0
 .v4_bx         0x0000000008004b7c        0x0 linker stubs

.iplt           0x0000000008004b7c        0x0
 .iplt          0x0000000008004b7c        0x0 c:/st/stm32cubeide_1.2.0/stm32cubeide/plugins/com.st.stm32cube.ide.mcu.externaltools.gnu-tools-for-stm32.7-2018-q2-update.win32_1.0.0.201904181610/tools/bin/../lib/gcc/arm-none-eabi/7.3.1/thumb/v7e-m/fpv4-sp/hard/crtbegin.o

.rodata         0x0000000008004b7c       0x20
                0x0000000008004b7c                . = ALIGN (0x4)
 *(.rodata)
 *(.rodata*)
 .rodata.AHBPrescTable
                0x0000000008004b7c       0x10 Core/Src/system_stm32f4xx.o
                0x0000000008004b7c                AHBPrescTable
 .rodata.APBPrescTable
                0x0000000008004b8c        0x8 Core/Src/system_stm32f4xx.o
                0x0000000008004b8c                APBPrescTable
 .rodata.flagBitshiftOffset.8778
                0x0000000008004b94        0x8 Drivers/STM32F4xx_HAL_Driver/Src/stm32f4xx_hal_dma.o
                0x0000000008004b9c                . = ALIGN (0x4)

.ARM.extab      0x0000000008004b9c        0x0
                0x0000000008004b9c                . = ALIGN (0x4)
 *(.ARM.extab* .gnu.linkonce.armextab.*)
                0x0000000008004b9c                . = ALIGN (0x4)

.ARM            0x0000000008004b9c        0x8
                0x0000000008004b9c                . = ALIGN (0x4)
                0x0000000008004b9c                __exidx_start = .
 *(.ARM.exidx*)
 .ARM.exidx     0x0000000008004b9c        0x8 c:/st/stm32cubeide_1.2.0/stm32cubeide/plugins/com.st.stm32cube.ide.mcu.externaltools.gnu-tools-for-stm32.7-2018-q2-update.win32_1.0.0.201904181610/tools/bin/../lib/gcc/arm-none-eabi/7.3.1/thumb/v7e-m/fpv4-sp/hard\libgcc.a(_udivmoddi4.o)
                0x0000000008004ba4                __exidx_end = .
                0x0000000008004ba4                . = ALIGN (0x4)

.rel.dyn        0x0000000008004ba4        0x0
 .rel.iplt      0x0000000008004ba4        0x0 c:/st/stm32cubeide_1.2.0/stm32cubeide/plugins/com.st.stm32cube.ide.mcu.externaltools.gnu-tools-for-stm32.7-2018-q2-update.win32_1.0.0.201904181610/tools/bin/../lib/gcc/arm-none-eabi/7.3.1/thumb/v7e-m/fpv4-sp/hard/crtbegin.o

.preinit_array  0x0000000008004ba4        0x0
                0x0000000008004ba4                . = ALIGN (0x4)
                0x0000000008004ba4                PROVIDE (__preinit_array_start = .)
 *(.preinit_array*)
                0x0000000008004ba4                PROVIDE (__preinit_array_end = .)
                0x0000000008004ba4                . = ALIGN (0x4)

.init_array     0x0000000008004ba4        0x4
                0x0000000008004ba4                . = ALIGN (0x4)
                0x0000000008004ba4                PROVIDE (__init_array_start = .)
 *(SORT_BY_NAME(.init_array.*))
 *(.init_array*)
 .init_array    0x0000000008004ba4        0x4 c:/st/stm32cubeide_1.2.0/stm32cubeide/plugins/com.st.stm32cube.ide.mcu.externaltools.gnu-tools-for-stm32.7-2018-q2-update.win32_1.0.0.201904181610/tools/bin/../lib/gcc/arm-none-eabi/7.3.1/thumb/v7e-m/fpv4-sp/hard/crtbegin.o
                0x0000000008004ba8                PROVIDE (__init_array_end = .)
                0x0000000008004ba8                . = ALIGN (0x4)

.fini_array     0x0000000008004ba8        0x4
                0x0000000008004ba8                . = ALIGN (0x4)
                [!provide]                        PROVIDE (__fini_array_start = .)
 *(SORT_BY_NAME(.fini_array.*))
 *(.fini_array*)
 .fini_array    0x0000000008004ba8        0x4 c:/st/stm32cubeide_1.2.0/stm32cubeide/plugins/com.st.stm32cube.ide.mcu.externaltools.gnu-tools-for-stm32.7-2018-q2-update.win32_1.0.0.201904181610/tools/bin/../lib/gcc/arm-none-eabi/7.3.1/thumb/v7e-m/fpv4-sp/hard/crtbegin.o
                [!provide]                        PROVIDE (__fini_array_end = .)
                0x0000000008004bac                . = ALIGN (0x4)
                0x0000000008004bac                _sidata = LOADADDR (.data)

.data           0x0000000020000000        0xc load address 0x0000000008004bac
                0x0000000020000000                . = ALIGN (0x4)
                0x0000000020000000                _sdata = .
 *(.data)
 *(.data*)
 .data.SystemCoreClock
                0x0000000020000000        0x4 Core/Src/system_stm32f4xx.o
                0x0000000020000000                SystemCoreClock
 .data.uwTickPrio
                0x0000000020000004        0x4 Drivers/STM32F4xx_HAL_Driver/Src/stm32f4xx_hal.o
                0x0000000020000004                uwTickPrio
 .data.uwTickFreq
                0x0000000020000008        0x1 Drivers/STM32F4xx_HAL_Driver/Src/stm32f4xx_hal.o
                0x0000000020000008                uwTickFreq
                0x000000002000000c                . = ALIGN (0x4)
 *fill*         0x0000000020000009        0x3 
                0x000000002000000c                _edata = .

.igot.plt       0x000000002000000c        0x0 load address 0x0000000008004bb8
 .igot.plt      0x000000002000000c        0x0 c:/st/stm32cubeide_1.2.0/stm32cubeide/plugins/com.st.stm32cube.ide.mcu.externaltools.gnu-tools-for-stm32.7-2018-q2-update.win32_1.0.0.201904181610/tools/bin/../lib/gcc/arm-none-eabi/7.3.1/thumb/v7e-m/fpv4-sp/hard/crtbegin.o
                0x000000002000000c                . = ALIGN (0x4)

.bss            0x000000002000000c      0xf88 load address 0x0000000008004bb8
                0x000000002000000c                _sbss = .
                0x000000002000000c                __bss_start__ = _sbss
 *(.bss)
 .bss           0x000000002000000c       0x1c c:/st/stm32cubeide_1.2.0/stm32cubeide/plugins/com.st.stm32cube.ide.mcu.externaltools.gnu-tools-for-stm32.7-2018-q2-update.win32_1.0.0.201904181610/tools/bin/../lib/gcc/arm-none-eabi/7.3.1/thumb/v7e-m/fpv4-sp/hard/crtbegin.o
 *(.bss*)
 .bss.HAL_RCC_DFSDM1_CLK_ENABLED
                0x0000000020000028        0x4 Core/Src/dfsdm.o
 .bss.DFSDM1_Init
                0x000000002000002c        0x4 Core/Src/dfsdm.o
 .bss.RightRecBuff
                0x0000000020000030      0x640 Core/Src/main.o
                0x0000000020000030                RightRecBuff
 .bss.txBuf     0x0000000020000670      0x640 Core/Src/main.o
                0x0000000020000670                txBuf
 .bss.uSample16
                0x0000000020000cb0        0x2 Core/Src/main.o
                0x0000000020000cb0                uSample16
 .bss.sample16  0x0000000020000cb2        0x2 Core/Src/main.o
                0x0000000020000cb2                sample16
 .bss.DmaLeftRecHalfBuffCplt
                0x0000000020000cb4        0x1 Core/Src/main.o
                0x0000000020000cb4                DmaLeftRecHalfBuffCplt
 .bss.DmaLeftRecBuffCplt
                0x0000000020000cb5        0x1 Core/Src/main.o
                0x0000000020000cb5                DmaLeftRecBuffCplt
 .bss.DmaRightRecHalfBuffCplt
                0x0000000020000cb6        0x1 Core/Src/main.o
                0x0000000020000cb6                DmaRightRecHalfBuffCplt
 .bss.DmaRightRecBuffCplt
                0x0000000020000cb7        0x1 Core/Src/main.o
                0x0000000020000cb7                DmaRightRecBuffCplt
 .bss.PlaybackStarted
                0x0000000020000cb8        0x1 Core/Src/main.o
                0x0000000020000cb8                PlaybackStarted
 *fill*         0x0000000020000cb9        0x3 
 .bss.v_dfsdm1ChannelCounter
                0x0000000020000cbc        0x4 Drivers/STM32F4xx_HAL_Driver/Src/stm32f4xx_hal_dfsdm.o
                0x0000000020000cbc                v_dfsdm1ChannelCounter
 .bss.a_dfsdm1ChannelHandle
                0x0000000020000cc0       0x10 Drivers/STM32F4xx_HAL_Driver/Src/stm32f4xx_hal_dfsdm.o
                0x0000000020000cc0                a_dfsdm1ChannelHandle
 .bss.v_dfsdm2ChannelCounter
                0x0000000020000cd0        0x4 Drivers/STM32F4xx_HAL_Driver/Src/stm32f4xx_hal_dfsdm.o
                0x0000000020000cd0                v_dfsdm2ChannelCounter
 .bss.a_dfsdm2ChannelHandle
                0x0000000020000cd4       0x20 Drivers/STM32F4xx_HAL_Driver/Src/stm32f4xx_hal_dfsdm.o
                0x0000000020000cd4                a_dfsdm2ChannelHandle
 *(COMMON)
 COMMON         0x0000000020000cf4       0x74 Core/Src/dac.o
                0x0000000020000cf4                hdma_dac1
                0x0000000020000d54                hdac
 COMMON         0x0000000020000d68       0xec Core/Src/dfsdm.o
                0x0000000020000d68                hdfsdm1_channel1
                0x0000000020000da0                hdfsdm1_filter0
                0x0000000020000df4                hdma_dfsdm1_flt0
 COMMON         0x0000000020000e54       0x54 Core/Src/i2c.o
                0x0000000020000e54                hi2c1
 COMMON         0x0000000020000ea8        0x8 Core/Src/main.o
                0x0000000020000ea8                j
                0x0000000020000eac                i
 COMMON         0x0000000020000eb0       0x40 Core/Src/tim.o
                0x0000000020000eb0                htim6
 COMMON         0x0000000020000ef0       0xa0 Core/Src/usart.o
                0x0000000020000ef0                huart5
                0x0000000020000f30                hdma_uart5_rx
 COMMON         0x0000000020000f90        0x4 Drivers/STM32F4xx_HAL_Driver/Src/stm32f4xx_hal.o
                0x0000000020000f90                uwTick
                0x0000000020000f94                . = ALIGN (0x4)
                0x0000000020000f94                _ebss = .
                0x0000000020000f94                __bss_end__ = _ebss

._user_heap_stack
                0x0000000020000f94      0x604 load address 0x0000000008004bb8
                0x0000000020000f98                . = ALIGN (0x8)
 *fill*         0x0000000020000f94        0x4 
                0x0000000020000f98                PROVIDE (end = .)
                [!provide]                        PROVIDE (_end = .)
                0x0000000020001198                . = (. + _Min_Heap_Size)
 *fill*         0x0000000020000f98      0x200 
                0x0000000020001598                . = (. + _Min_Stack_Size)
 *fill*         0x0000000020001198      0x400 
                0x0000000020001598                . = ALIGN (0x8)

/DISCARD/
 libc.a(*)
 libm.a(*)
 libgcc.a(*)

.ARM.attributes
                0x0000000000000000       0x30
 *(.ARM.attributes)
 .ARM.attributes
                0x0000000000000000       0x22 c:/st/stm32cubeide_1.2.0/stm32cubeide/plugins/com.st.stm32cube.ide.mcu.externaltools.gnu-tools-for-stm32.7-2018-q2-update.win32_1.0.0.201904181610/tools/bin/../lib/gcc/arm-none-eabi/7.3.1/thumb/v7e-m/fpv4-sp/hard/crti.o
 .ARM.attributes
                0x0000000000000022       0x34 c:/st/stm32cubeide_1.2.0/stm32cubeide/plugins/com.st.stm32cube.ide.mcu.externaltools.gnu-tools-for-stm32.7-2018-q2-update.win32_1.0.0.201904181610/tools/bin/../lib/gcc/arm-none-eabi/7.3.1/thumb/v7e-m/fpv4-sp/hard/crtbegin.o
 .ARM.attributes
                0x0000000000000056       0x39 Core/Src/dac.o
 .ARM.attributes
                0x000000000000008f       0x39 Core/Src/dfsdm.o
 .ARM.attributes
                0x00000000000000c8       0x39 Core/Src/dma.o
 .ARM.attributes
                0x0000000000000101       0x39 Core/Src/gpio.o
 .ARM.attributes
                0x000000000000013a       0x39 Core/Src/i2c.o
 .ARM.attributes
                0x0000000000000173       0x39 Core/Src/main.o
 .ARM.attributes
                0x00000000000001ac       0x39 Core/Src/stm32f4xx_hal_msp.o
 .ARM.attributes
                0x00000000000001e5       0x39 Core/Src/stm32f4xx_it.o
 .ARM.attributes
                0x000000000000021e       0x39 Core/Src/system_stm32f4xx.o
 .ARM.attributes
                0x0000000000000257       0x39 Core/Src/tim.o
 .ARM.attributes
                0x0000000000000290       0x39 Core/Src/usart.o
 .ARM.attributes
                0x00000000000002c9       0x21 Core/Startup/startup_stm32f413cgux.o
 .ARM.attributes
                0x00000000000002ea       0x39 Drivers/STM32F4xx_HAL_Driver/Src/stm32f4xx_hal.o
 .ARM.attributes
                0x0000000000000323       0x39 Drivers/STM32F4xx_HAL_Driver/Src/stm32f4xx_hal_cortex.o
 .ARM.attributes
                0x000000000000035c       0x39 Drivers/STM32F4xx_HAL_Driver/Src/stm32f4xx_hal_dac.o
 .ARM.attributes
                0x0000000000000395       0x39 Drivers/STM32F4xx_HAL_Driver/Src/stm32f4xx_hal_dac_ex.o
 .ARM.attributes
                0x00000000000003ce       0x39 Drivers/STM32F4xx_HAL_Driver/Src/stm32f4xx_hal_dfsdm.o
 .ARM.attributes
                0x0000000000000407       0x39 Drivers/STM32F4xx_HAL_Driver/Src/stm32f4xx_hal_dma.o
 .ARM.attributes
                0x0000000000000440       0x39 Drivers/STM32F4xx_HAL_Driver/Src/stm32f4xx_hal_gpio.o
 .ARM.attributes
                0x0000000000000479       0x39 Drivers/STM32F4xx_HAL_Driver/Src/stm32f4xx_hal_i2c.o
 .ARM.attributes
                0x00000000000004b2       0x39 Drivers/STM32F4xx_HAL_Driver/Src/stm32f4xx_hal_rcc.o
 .ARM.attributes
                0x00000000000004eb       0x39 Drivers/STM32F4xx_HAL_Driver/Src/stm32f4xx_hal_rcc_ex.o
 .ARM.attributes
                0x0000000000000524       0x39 Drivers/STM32F4xx_HAL_Driver/Src/stm32f4xx_hal_tim.o
 .ARM.attributes
                0x000000000000055d       0x39 Drivers/STM32F4xx_HAL_Driver/Src/stm32f4xx_hal_tim_ex.o
 .ARM.attributes
                0x0000000000000596       0x39 Drivers/STM32F4xx_HAL_Driver/Src/stm32f4xx_hal_uart.o
 .ARM.attributes
                0x00000000000005cf       0x34 c:/st/stm32cubeide_1.2.0/stm32cubeide/plugins/com.st.stm32cube.ide.mcu.externaltools.gnu-tools-for-stm32.7-2018-q2-update.win32_1.0.0.201904181610/tools/bin/../lib/gcc/arm-none-eabi/7.3.1/../../../../arm-none-eabi/lib/thumb/v7e-m/fpv4-sp/hard\libc_nano.a(lib_a-init.o)
 .ARM.attributes
                0x0000000000000603       0x34 c:/st/stm32cubeide_1.2.0/stm32cubeide/plugins/com.st.stm32cube.ide.mcu.externaltools.gnu-tools-for-stm32.7-2018-q2-update.win32_1.0.0.201904181610/tools/bin/../lib/gcc/arm-none-eabi/7.3.1/../../../../arm-none-eabi/lib/thumb/v7e-m/fpv4-sp/hard\libc_nano.a(lib_a-memset.o)
 .ARM.attributes
                0x0000000000000637       0x22 c:/st/stm32cubeide_1.2.0/stm32cubeide/plugins/com.st.stm32cube.ide.mcu.externaltools.gnu-tools-for-stm32.7-2018-q2-update.win32_1.0.0.201904181610/tools/bin/../lib/gcc/arm-none-eabi/7.3.1/thumb/v7e-m/fpv4-sp/hard\libgcc.a(_aeabi_uldivmod.o)
 .ARM.attributes
                0x0000000000000659       0x34 c:/st/stm32cubeide_1.2.0/stm32cubeide/plugins/com.st.stm32cube.ide.mcu.externaltools.gnu-tools-for-stm32.7-2018-q2-update.win32_1.0.0.201904181610/tools/bin/../lib/gcc/arm-none-eabi/7.3.1/thumb/v7e-m/fpv4-sp/hard\libgcc.a(_udivmoddi4.o)
 .ARM.attributes
                0x000000000000068d       0x22 c:/st/stm32cubeide_1.2.0/stm32cubeide/plugins/com.st.stm32cube.ide.mcu.externaltools.gnu-tools-for-stm32.7-2018-q2-update.win32_1.0.0.201904181610/tools/bin/../lib/gcc/arm-none-eabi/7.3.1/thumb/v7e-m/fpv4-sp/hard\libgcc.a(_dvmd_tls.o)
 .ARM.attributes
                0x00000000000006af       0x22 c:/st/stm32cubeide_1.2.0/stm32cubeide/plugins/com.st.stm32cube.ide.mcu.externaltools.gnu-tools-for-stm32.7-2018-q2-update.win32_1.0.0.201904181610/tools/bin/../lib/gcc/arm-none-eabi/7.3.1/thumb/v7e-m/fpv4-sp/hard/crtn.o
OUTPUT(STM32F413CG_DFSDM.elf elf32-littlearm)

.debug_info     0x0000000000000000    0x14e66
 .debug_info    0x0000000000000000      0x93c Core/Src/dac.o
 .debug_info    0x000000000000093c      0xd68 Core/Src/dfsdm.o
 .debug_info    0x00000000000016a4      0x608 Core/Src/dma.o
 .debug_info    0x0000000000001cac      0x4e0 Core/Src/gpio.o
 .debug_info    0x000000000000218c      0xa1e Core/Src/i2c.o
 .debug_info    0x0000000000002baa     0x21f9 Core/Src/main.o
 .debug_info    0x0000000000004da3      0x396 Core/Src/stm32f4xx_hal_msp.o
 .debug_info    0x0000000000005139      0x6d9 Core/Src/stm32f4xx_it.o
 .debug_info    0x0000000000005812      0x588 Core/Src/system_stm32f4xx.o
 .debug_info    0x0000000000005d9a      0x905 Core/Src/tim.o
 .debug_info    0x000000000000669f      0xc01 Core/Src/usart.o
 .debug_info    0x00000000000072a0       0x22 Core/Startup/startup_stm32f413cgux.o
 .debug_info    0x00000000000072c2      0x9c7 Drivers/STM32F4xx_HAL_Driver/Src/stm32f4xx_hal.o
 .debug_info    0x0000000000007c89      0xe76 Drivers/STM32F4xx_HAL_Driver/Src/stm32f4xx_hal_cortex.o
 .debug_info    0x0000000000008aff      0xa3a Drivers/STM32F4xx_HAL_Driver/Src/stm32f4xx_hal_dac.o
 .debug_info    0x0000000000009539      0x7c0 Drivers/STM32F4xx_HAL_Driver/Src/stm32f4xx_hal_dac_ex.o
 .debug_info    0x0000000000009cf9     0x1fa2 Drivers/STM32F4xx_HAL_Driver/Src/stm32f4xx_hal_dfsdm.o
 .debug_info    0x000000000000bc9b      0x968 Drivers/STM32F4xx_HAL_Driver/Src/stm32f4xx_hal_dma.o
 .debug_info    0x000000000000c603      0x81d Drivers/STM32F4xx_HAL_Driver/Src/stm32f4xx_hal_gpio.o
 .debug_info    0x000000000000ce20     0x23c2 Drivers/STM32F4xx_HAL_Driver/Src/stm32f4xx_hal_i2c.o
 .debug_info    0x000000000000f1e2      0x944 Drivers/STM32F4xx_HAL_Driver/Src/stm32f4xx_hal_rcc.o
 .debug_info    0x000000000000fb26      0x873 Drivers/STM32F4xx_HAL_Driver/Src/stm32f4xx_hal_rcc_ex.o
 .debug_info    0x0000000000010399     0x24a9 Drivers/STM32F4xx_HAL_Driver/Src/stm32f4xx_hal_tim.o
 .debug_info    0x0000000000012842     0x13d8 Drivers/STM32F4xx_HAL_Driver/Src/stm32f4xx_hal_tim_ex.o
 .debug_info    0x0000000000013c1a     0x124c Drivers/STM32F4xx_HAL_Driver/Src/stm32f4xx_hal_uart.o

.debug_abbrev   0x0000000000000000     0x2c21
 .debug_abbrev  0x0000000000000000      0x1aa Core/Src/dac.o
 .debug_abbrev  0x00000000000001aa      0x1aa Core/Src/dfsdm.o
 .debug_abbrev  0x0000000000000354      0x112 Core/Src/dma.o
 .debug_abbrev  0x0000000000000466      0x134 Core/Src/gpio.o
 .debug_abbrev  0x000000000000059a      0x199 Core/Src/i2c.o
 .debug_abbrev  0x0000000000000733      0x283 Core/Src/main.o
 .debug_abbrev  0x00000000000009b6      0x109 Core/Src/stm32f4xx_hal_msp.o
 .debug_abbrev  0x0000000000000abf      0x149 Core/Src/stm32f4xx_it.o
 .debug_abbrev  0x0000000000000c08      0x12b Core/Src/system_stm32f4xx.o
 .debug_abbrev  0x0000000000000d33      0x190 Core/Src/tim.o
 .debug_abbrev  0x0000000000000ec3      0x1b3 Core/Src/usart.o
 .debug_abbrev  0x0000000000001076       0x12 Core/Startup/startup_stm32f413cgux.o
 .debug_abbrev  0x0000000000001088      0x1c7 Drivers/STM32F4xx_HAL_Driver/Src/stm32f4xx_hal.o
 .debug_abbrev  0x000000000000124f      0x2fa Drivers/STM32F4xx_HAL_Driver/Src/stm32f4xx_hal_cortex.o
 .debug_abbrev  0x0000000000001549      0x1e4 Drivers/STM32F4xx_HAL_Driver/Src/stm32f4xx_hal_dac.o
 .debug_abbrev  0x000000000000172d      0x1e8 Drivers/STM32F4xx_HAL_Driver/Src/stm32f4xx_hal_dac_ex.o
 .debug_abbrev  0x0000000000001915      0x24a Drivers/STM32F4xx_HAL_Driver/Src/stm32f4xx_hal_dfsdm.o
 .debug_abbrev  0x0000000000001b5f      0x229 Drivers/STM32F4xx_HAL_Driver/Src/stm32f4xx_hal_dma.o
 .debug_abbrev  0x0000000000001d88      0x1c9 Drivers/STM32F4xx_HAL_Driver/Src/stm32f4xx_hal_gpio.o
 .debug_abbrev  0x0000000000001f51      0x254 Drivers/STM32F4xx_HAL_Driver/Src/stm32f4xx_hal_i2c.o
 .debug_abbrev  0x00000000000021a5      0x245 Drivers/STM32F4xx_HAL_Driver/Src/stm32f4xx_hal_rcc.o
 .debug_abbrev  0x00000000000023ea      0x19e Drivers/STM32F4xx_HAL_Driver/Src/stm32f4xx_hal_rcc_ex.o
 .debug_abbrev  0x0000000000002588      0x230 Drivers/STM32F4xx_HAL_Driver/Src/stm32f4xx_hal_tim.o
 .debug_abbrev  0x00000000000027b8      0x227 Drivers/STM32F4xx_HAL_Driver/Src/stm32f4xx_hal_tim_ex.o
 .debug_abbrev  0x00000000000029df      0x242 Drivers/STM32F4xx_HAL_Driver/Src/stm32f4xx_hal_uart.o

.debug_aranges  0x0000000000000000     0x1390
 .debug_aranges
                0x0000000000000000       0x30 Core/Src/dac.o
 .debug_aranges
                0x0000000000000030       0x40 Core/Src/dfsdm.o
 .debug_aranges
                0x0000000000000070       0x20 Core/Src/dma.o
 .debug_aranges
                0x0000000000000090       0x20 Core/Src/gpio.o
 .debug_aranges
                0x00000000000000b0       0x30 Core/Src/i2c.o
 .debug_aranges
                0x00000000000000e0       0x50 Core/Src/main.o
 .debug_aranges
                0x0000000000000130       0x20 Core/Src/stm32f4xx_hal_msp.o
 .debug_aranges
                0x0000000000000150       0x80 Core/Src/stm32f4xx_it.o
 .debug_aranges
                0x00000000000001d0       0x28 Core/Src/system_stm32f4xx.o
 .debug_aranges
                0x00000000000001f8       0x30 Core/Src/tim.o
 .debug_aranges
                0x0000000000000228       0x30 Core/Src/usart.o
 .debug_aranges
                0x0000000000000258       0x28 Core/Startup/startup_stm32f413cgux.o
 .debug_aranges
                0x0000000000000280       0xf0 Drivers/STM32F4xx_HAL_Driver/Src/stm32f4xx_hal.o
 .debug_aranges
                0x0000000000000370      0x118 Drivers/STM32F4xx_HAL_Driver/Src/stm32f4xx_hal_cortex.o
 .debug_aranges
                0x0000000000000488       0xc0 Drivers/STM32F4xx_HAL_Driver/Src/stm32f4xx_hal_dac.o
 .debug_aranges
                0x0000000000000548       0x70 Drivers/STM32F4xx_HAL_Driver/Src/stm32f4xx_hal_dac_ex.o
 .debug_aranges
                0x00000000000005b8      0x2a8 Drivers/STM32F4xx_HAL_Driver/Src/stm32f4xx_hal_dfsdm.o
 .debug_aranges
                0x0000000000000860       0x90 Drivers/STM32F4xx_HAL_Driver/Src/stm32f4xx_hal_dma.o
 .debug_aranges
                0x00000000000008f0       0x58 Drivers/STM32F4xx_HAL_Driver/Src/stm32f4xx_hal_gpio.o
 .debug_aranges
                0x0000000000000948      0x298 Drivers/STM32F4xx_HAL_Driver/Src/stm32f4xx_hal_i2c.o
 .debug_aranges
                0x0000000000000be0       0x88 Drivers/STM32F4xx_HAL_Driver/Src/stm32f4xx_hal_rcc.o
 .debug_aranges
                0x0000000000000c68       0x60 Drivers/STM32F4xx_HAL_Driver/Src/stm32f4xx_hal_rcc_ex.o
 .debug_aranges
                0x0000000000000cc8      0x3a8 Drivers/STM32F4xx_HAL_Driver/Src/stm32f4xx_hal_tim.o
 .debug_aranges
                0x0000000000001070      0x150 Drivers/STM32F4xx_HAL_Driver/Src/stm32f4xx_hal_tim_ex.o
 .debug_aranges
                0x00000000000011c0      0x1d0 Drivers/STM32F4xx_HAL_Driver/Src/stm32f4xx_hal_uart.o

.debug_ranges   0x0000000000000000     0x1228
 .debug_ranges  0x0000000000000000       0x20 Core/Src/dac.o
 .debug_ranges  0x0000000000000020       0x30 Core/Src/dfsdm.o
 .debug_ranges  0x0000000000000050       0x10 Core/Src/dma.o
 .debug_ranges  0x0000000000000060       0x10 Core/Src/gpio.o
 .debug_ranges  0x0000000000000070       0x20 Core/Src/i2c.o
 .debug_ranges  0x0000000000000090       0x40 Core/Src/main.o
 .debug_ranges  0x00000000000000d0       0x10 Core/Src/stm32f4xx_hal_msp.o
 .debug_ranges  0x00000000000000e0       0x70 Core/Src/stm32f4xx_it.o
 .debug_ranges  0x0000000000000150       0x18 Core/Src/system_stm32f4xx.o
 .debug_ranges  0x0000000000000168       0x20 Core/Src/tim.o
 .debug_ranges  0x0000000000000188       0x20 Core/Src/usart.o
 .debug_ranges  0x00000000000001a8       0x20 Core/Startup/startup_stm32f413cgux.o
 .debug_ranges  0x00000000000001c8       0xe0 Drivers/STM32F4xx_HAL_Driver/Src/stm32f4xx_hal.o
 .debug_ranges  0x00000000000002a8      0x108 Drivers/STM32F4xx_HAL_Driver/Src/stm32f4xx_hal_cortex.o
 .debug_ranges  0x00000000000003b0       0xb0 Drivers/STM32F4xx_HAL_Driver/Src/stm32f4xx_hal_dac.o
 .debug_ranges  0x0000000000000460       0x60 Drivers/STM32F4xx_HAL_Driver/Src/stm32f4xx_hal_dac_ex.o
 .debug_ranges  0x00000000000004c0      0x298 Drivers/STM32F4xx_HAL_Driver/Src/stm32f4xx_hal_dfsdm.o
 .debug_ranges  0x0000000000000758       0x80 Drivers/STM32F4xx_HAL_Driver/Src/stm32f4xx_hal_dma.o
 .debug_ranges  0x00000000000007d8       0x48 Drivers/STM32F4xx_HAL_Driver/Src/stm32f4xx_hal_gpio.o
 .debug_ranges  0x0000000000000820      0x2a8 Drivers/STM32F4xx_HAL_Driver/Src/stm32f4xx_hal_i2c.o
 .debug_ranges  0x0000000000000ac8       0x78 Drivers/STM32F4xx_HAL_Driver/Src/stm32f4xx_hal_rcc.o
 .debug_ranges  0x0000000000000b40       0x50 Drivers/STM32F4xx_HAL_Driver/Src/stm32f4xx_hal_rcc_ex.o
 .debug_ranges  0x0000000000000b90      0x398 Drivers/STM32F4xx_HAL_Driver/Src/stm32f4xx_hal_tim.o
 .debug_ranges  0x0000000000000f28      0x140 Drivers/STM32F4xx_HAL_Driver/Src/stm32f4xx_hal_tim_ex.o
 .debug_ranges  0x0000000000001068      0x1c0 Drivers/STM32F4xx_HAL_Driver/Src/stm32f4xx_hal_uart.o

.debug_macro    0x0000000000000000    0x22fe3
 .debug_macro   0x0000000000000000      0x21e Core/Src/dac.o
 .debug_macro   0x000000000000021e      0xa60 Core/Src/dac.o
 .debug_macro   0x0000000000000c7e      0x19c Core/Src/dac.o
 .debug_macro   0x0000000000000e1a       0x2e Core/Src/dac.o
 .debug_macro   0x0000000000000e48       0x28 Core/Src/dac.o
 .debug_macro   0x0000000000000e70       0x22 Core/Src/dac.o
 .debug_macro   0x0000000000000e92       0x8e Core/Src/dac.o
 .debug_macro   0x0000000000000f20       0x51 Core/Src/dac.o
 .debug_macro   0x0000000000000f71       0xef Core/Src/dac.o
 .debug_macro   0x0000000000001060       0x6a Core/Src/dac.o
 .debug_macro   0x00000000000010ca      0x1df Core/Src/dac.o
 .debug_macro   0x00000000000012a9       0x1c Core/Src/dac.o
 .debug_macro   0x00000000000012c5       0x22 Core/Src/dac.o
 .debug_macro   0x00000000000012e7       0xdf Core/Src/dac.o
 .debug_macro   0x00000000000013c6     0x102d Core/Src/dac.o
 .debug_macro   0x00000000000023f3      0x11f Core/Src/dac.o
 .debug_macro   0x0000000000002512    0x15a6f Core/Src/dac.o
 .debug_macro   0x0000000000017f81       0x43 Core/Src/dac.o
 .debug_macro   0x0000000000017fc4     0x3659 Core/Src/dac.o
 .debug_macro   0x000000000001b61d      0x174 Core/Src/dac.o
 .debug_macro   0x000000000001b791       0x5a Core/Src/dac.o
 .debug_macro   0x000000000001b7eb      0xcdd Core/Src/dac.o
 .debug_macro   0x000000000001c4c8      0x9fe Core/Src/dac.o
 .debug_macro   0x000000000001cec6      0x173 Core/Src/dac.o
 .debug_macro   0x000000000001d039      0x117 Core/Src/dac.o
 .debug_macro   0x000000000001d150      0x202 Core/Src/dac.o
 .debug_macro   0x000000000001d352       0x27 Core/Src/dac.o
 .debug_macro   0x000000000001d379      0x2bf Core/Src/dac.o
 .debug_macro   0x000000000001d638       0x5f Core/Src/dac.o
 .debug_macro   0x000000000001d697      0x236 Core/Src/dac.o
 .debug_macro   0x000000000001d8cd       0xea Core/Src/dac.o
 .debug_macro   0x000000000001d9b7       0xa0 Core/Src/dac.o
 .debug_macro   0x000000000001da57       0x3c Core/Src/dac.o
 .debug_macro   0x000000000001da93      0x132 Core/Src/dac.o
 .debug_macro   0x000000000001dbc5      0x30c Core/Src/dac.o
 .debug_macro   0x000000000001ded1       0x2e Core/Src/dac.o
 .debug_macro   0x000000000001deff      0x1b5 Core/Src/dac.o
 .debug_macro   0x000000000001e0b4       0x22 Core/Src/dac.o
 .debug_macro   0x000000000001e0d6       0xd6 Core/Src/dac.o
 .debug_macro   0x000000000001e1ac      0x11a Core/Src/dac.o
 .debug_macro   0x000000000001e2c6       0x91 Core/Src/dac.o
 .debug_macro   0x000000000001e357       0x89 Core/Src/dac.o
 .debug_macro   0x000000000001e3e0      0x8a0 Core/Src/dac.o
 .debug_macro   0x000000000001ec80       0x71 Core/Src/dac.o
 .debug_macro   0x000000000001ecf1      0x287 Core/Src/dac.o
 .debug_macro   0x000000000001ef78      0x4e8 Core/Src/dac.o
 .debug_macro   0x000000000001f460      0x134 Core/Src/dac.o
 .debug_macro   0x000000000001f594      0x21e Core/Src/dfsdm.o
 .debug_macro   0x000000000001f7b2      0x21e Core/Src/dma.o
 .debug_macro   0x000000000001f9d0      0x21e Core/Src/gpio.o
 .debug_macro   0x000000000001fbee      0x21e Core/Src/i2c.o
 .debug_macro   0x000000000001fe0c      0x31d Core/Src/main.o
 .debug_macro   0x0000000000020129       0x46 Core/Src/main.o
 .debug_macro   0x000000000002016f       0x18 Core/Src/main.o
 .debug_macro   0x0000000000020187       0x3c Core/Src/main.o
 .debug_macro   0x00000000000201c3       0x34 Core/Src/main.o
 .debug_macro   0x00000000000201f7       0x52 Core/Src/main.o
 .debug_macro   0x0000000000020249       0x1f Core/Src/main.o
 .debug_macro   0x0000000000020268       0x43 Core/Src/main.o
 .debug_macro   0x00000000000202ab       0x20 Core/Src/main.o
 .debug_macro   0x00000000000202cb      0x1a3 Core/Src/main.o
 .debug_macro   0x000000000002046e      0x32a Core/Src/main.o
 .debug_macro   0x0000000000020798      0x1e1 Core/Src/main.o
 .debug_macro   0x0000000000020979       0x10 Core/Src/main.o
 .debug_macro   0x0000000000020989       0x10 Core/Src/main.o
 .debug_macro   0x0000000000020999       0x1c Core/Src/main.o
 .debug_macro   0x00000000000209b5      0x214 Core/Src/stm32f4xx_hal_msp.o
 .debug_macro   0x0000000000020bc9      0x21e Core/Src/stm32f4xx_it.o
 .debug_macro   0x0000000000020de7      0x210 Core/Src/system_stm32f4xx.o
 .debug_macro   0x0000000000020ff7      0x21e Core/Src/tim.o
 .debug_macro   0x0000000000021215      0x21e Core/Src/usart.o
 .debug_macro   0x0000000000021433      0x26a Drivers/STM32F4xx_HAL_Driver/Src/stm32f4xx_hal.o
 .debug_macro   0x000000000002169d      0x20a Drivers/STM32F4xx_HAL_Driver/Src/stm32f4xx_hal_cortex.o
 .debug_macro   0x00000000000218a7      0x20b Drivers/STM32F4xx_HAL_Driver/Src/stm32f4xx_hal_dac.o
 .debug_macro   0x0000000000021ab2      0x20a Drivers/STM32F4xx_HAL_Driver/Src/stm32f4xx_hal_dac_ex.o
 .debug_macro   0x0000000000021cbc      0x235 Drivers/STM32F4xx_HAL_Driver/Src/stm32f4xx_hal_dfsdm.o
 .debug_macro   0x0000000000021ef1      0x210 Drivers/STM32F4xx_HAL_Driver/Src/stm32f4xx_hal_dma.o
 .debug_macro   0x0000000000022101      0x240 Drivers/STM32F4xx_HAL_Driver/Src/stm32f4xx_hal_gpio.o
 .debug_macro   0x0000000000022341      0x24a Drivers/STM32F4xx_HAL_Driver/Src/stm32f4xx_hal_i2c.o
 .debug_macro   0x000000000002258b      0x22e Drivers/STM32F4xx_HAL_Driver/Src/stm32f4xx_hal_rcc.o
 .debug_macro   0x00000000000227b9      0x20a Drivers/STM32F4xx_HAL_Driver/Src/stm32f4xx_hal_rcc_ex.o
 .debug_macro   0x00000000000229c3      0x20b Drivers/STM32F4xx_HAL_Driver/Src/stm32f4xx_hal_tim.o
 .debug_macro   0x0000000000022bce      0x20a Drivers/STM32F4xx_HAL_Driver/Src/stm32f4xx_hal_tim_ex.o
 .debug_macro   0x0000000000022dd8      0x20b Drivers/STM32F4xx_HAL_Driver/Src/stm32f4xx_hal_uart.o

.debug_line     0x0000000000000000    0x1097d
 .debug_line    0x0000000000000000      0x776 Core/Src/dac.o
 .debug_line    0x0000000000000776      0x814 Core/Src/dfsdm.o
 .debug_line    0x0000000000000f8a      0x73c Core/Src/dma.o
 .debug_line    0x00000000000016c6      0x746 Core/Src/gpio.o
 .debug_line    0x0000000000001e0c      0x76d Core/Src/i2c.o
 .debug_line    0x0000000000002579      0x9db Core/Src/main.o
 .debug_line    0x0000000000002f54      0x73c Core/Src/stm32f4xx_hal_msp.o
 .debug_line    0x0000000000003690      0x828 Core/Src/stm32f4xx_it.o
 .debug_line    0x0000000000003eb8      0x757 Core/Src/system_stm32f4xx.o
 .debug_line    0x000000000000460f      0x765 Core/Src/tim.o
 .debug_line    0x0000000000004d74      0x781 Core/Src/usart.o
 .debug_line    0x00000000000054f5       0x86 Core/Startup/startup_stm32f413cgux.o
 .debug_line    0x000000000000557b      0x941 Drivers/STM32F4xx_HAL_Driver/Src/stm32f4xx_hal.o
 .debug_line    0x0000000000005ebc      0xa65 Drivers/STM32F4xx_HAL_Driver/Src/stm32f4xx_hal_cortex.o
 .debug_line    0x0000000000006921      0x995 Drivers/STM32F4xx_HAL_Driver/Src/stm32f4xx_hal_dac.o
 .debug_line    0x00000000000072b6      0x858 Drivers/STM32F4xx_HAL_Driver/Src/stm32f4xx_hal_dac_ex.o
 .debug_line    0x0000000000007b0e     0x1493 Drivers/STM32F4xx_HAL_Driver/Src/stm32f4xx_hal_dfsdm.o
 .debug_line    0x0000000000008fa1      0xa0f Drivers/STM32F4xx_HAL_Driver/Src/stm32f4xx_hal_dma.o
 .debug_line    0x00000000000099b0      0x90c Drivers/STM32F4xx_HAL_Driver/Src/stm32f4xx_hal_gpio.o
 .debug_line    0x000000000000a2bc     0x1b7b Drivers/STM32F4xx_HAL_Driver/Src/stm32f4xx_hal_i2c.o
 .debug_line    0x000000000000be37      0x999 Drivers/STM32F4xx_HAL_Driver/Src/stm32f4xx_hal_rcc.o
 .debug_line    0x000000000000c7d0      0xa42 Drivers/STM32F4xx_HAL_Driver/Src/stm32f4xx_hal_rcc_ex.o
 .debug_line    0x000000000000d212     0x19ba Drivers/STM32F4xx_HAL_Driver/Src/stm32f4xx_hal_tim.o
 .debug_line    0x000000000000ebcc      0xd50 Drivers/STM32F4xx_HAL_Driver/Src/stm32f4xx_hal_tim_ex.o
 .debug_line    0x000000000000f91c     0x1061 Drivers/STM32F4xx_HAL_Driver/Src/stm32f4xx_hal_uart.o

.debug_str      0x0000000000000000    0xd472f
 .debug_str     0x0000000000000000    0xcb425 Core/Src/dac.o
                                      0xcb77f (size before relaxing)
 .debug_str     0x00000000000cb425      0x5b7 Core/Src/dfsdm.o
                                      0xcbbf7 (size before relaxing)
 .debug_str     0x00000000000cb9dc      0x5a3 Core/Src/dma.o
                                      0xcb8b3 (size before relaxing)
 .debug_str     0x00000000000cbf7f       0x46 Core/Src/gpio.o
                                      0xcb3b3 (size before relaxing)
 .debug_str     0x00000000000cbfc5      0x2c1 Core/Src/i2c.o
                                      0xcb8cc (size before relaxing)
 .debug_str     0x00000000000cc286     0x3f33 Core/Src/main.o
                                      0xcff71 (size before relaxing)
 .debug_str     0x00000000000d01b9       0x2c Core/Src/stm32f4xx_hal_msp.o
                                      0xcb318 (size before relaxing)
 .debug_str     0x00000000000d01e5      0x124 Core/Src/stm32f4xx_it.o
                                      0xcb71b (size before relaxing)
 .debug_str     0x00000000000d0309       0xc4 Core/Src/system_stm32f4xx.o
                                      0xcb39f (size before relaxing)
 .debug_str     0x00000000000d03cd       0xa4 Core/Src/tim.o
                                      0xcb7e4 (size before relaxing)
 .debug_str     0x00000000000d0471       0x51 Core/Src/usart.o
                                      0xcbd9b (size before relaxing)
 .debug_str     0x00000000000d04c2       0x36 Core/Startup/startup_stm32f413cgux.o
                                         0x89 (size before relaxing)
 .debug_str     0x00000000000d04f8      0x58d Drivers/STM32F4xx_HAL_Driver/Src/stm32f4xx_hal.o
                                      0xcbf1e (size before relaxing)
 .debug_str     0x00000000000d0a85      0x399 Drivers/STM32F4xx_HAL_Driver/Src/stm32f4xx_hal_cortex.o
                                      0xcbce9 (size before relaxing)
 .debug_str     0x00000000000d0e1e      0x1cd Drivers/STM32F4xx_HAL_Driver/Src/stm32f4xx_hal_dac.o
                                      0xcb79f (size before relaxing)
 .debug_str     0x00000000000d0feb      0x164 Drivers/STM32F4xx_HAL_Driver/Src/stm32f4xx_hal_dac_ex.o
                                      0xcb6cf (size before relaxing)
 .debug_str     0x00000000000d114f      0xbc6 Drivers/STM32F4xx_HAL_Driver/Src/stm32f4xx_hal_dfsdm.o
                                      0xcc667 (size before relaxing)
 .debug_str     0x00000000000d1d15      0x31d Drivers/STM32F4xx_HAL_Driver/Src/stm32f4xx_hal_dma.o
                                      0xcb790 (size before relaxing)
 .debug_str     0x00000000000d2032      0x1e9 Drivers/STM32F4xx_HAL_Driver/Src/stm32f4xx_hal_gpio.o
                                      0xcb5ed (size before relaxing)
 .debug_str     0x00000000000d221b      0xa7b Drivers/STM32F4xx_HAL_Driver/Src/stm32f4xx_hal_i2c.o
                                      0xcc2c9 (size before relaxing)
 .debug_str     0x00000000000d2c96      0x24e Drivers/STM32F4xx_HAL_Driver/Src/stm32f4xx_hal_rcc.o
                                      0xcb791 (size before relaxing)
 .debug_str     0x00000000000d2ee4      0x136 Drivers/STM32F4xx_HAL_Driver/Src/stm32f4xx_hal_rcc_ex.o
                                      0xcb735 (size before relaxing)
 .debug_str     0x00000000000d301a      0xd58 Drivers/STM32F4xx_HAL_Driver/Src/stm32f4xx_hal_tim.o
                                      0xcc487 (size before relaxing)
 .debug_str     0x00000000000d3d72      0x4b0 Drivers/STM32F4xx_HAL_Driver/Src/stm32f4xx_hal_tim_ex.o
                                      0xcbdbc (size before relaxing)
 .debug_str     0x00000000000d4222      0x50d Drivers/STM32F4xx_HAL_Driver/Src/stm32f4xx_hal_uart.o
                                      0xcbbc7 (size before relaxing)

.comment        0x0000000000000000       0x7b
 .comment       0x0000000000000000       0x7b Core/Src/dac.o
                                         0x7c (size before relaxing)
 .comment       0x000000000000007b       0x7c Core/Src/dfsdm.o
 .comment       0x000000000000007b       0x7c Core/Src/dma.o
 .comment       0x000000000000007b       0x7c Core/Src/gpio.o
 .comment       0x000000000000007b       0x7c Core/Src/i2c.o
 .comment       0x000000000000007b       0x7c Core/Src/main.o
 .comment       0x000000000000007b       0x7c Core/Src/stm32f4xx_hal_msp.o
 .comment       0x000000000000007b       0x7c Core/Src/stm32f4xx_it.o
 .comment       0x000000000000007b       0x7c Core/Src/system_stm32f4xx.o
 .comment       0x000000000000007b       0x7c Core/Src/tim.o
 .comment       0x000000000000007b       0x7c Core/Src/usart.o
 .comment       0x000000000000007b       0x7c Drivers/STM32F4xx_HAL_Driver/Src/stm32f4xx_hal.o
 .comment       0x000000000000007b       0x7c Drivers/STM32F4xx_HAL_Driver/Src/stm32f4xx_hal_cortex.o
 .comment       0x000000000000007b       0x7c Drivers/STM32F4xx_HAL_Driver/Src/stm32f4xx_hal_dac.o
 .comment       0x000000000000007b       0x7c Drivers/STM32F4xx_HAL_Driver/Src/stm32f4xx_hal_dac_ex.o
 .comment       0x000000000000007b       0x7c Drivers/STM32F4xx_HAL_Driver/Src/stm32f4xx_hal_dfsdm.o
 .comment       0x000000000000007b       0x7c Drivers/STM32F4xx_HAL_Driver/Src/stm32f4xx_hal_dma.o
 .comment       0x000000000000007b       0x7c Drivers/STM32F4xx_HAL_Driver/Src/stm32f4xx_hal_gpio.o
 .comment       0x000000000000007b       0x7c Drivers/STM32F4xx_HAL_Driver/Src/stm32f4xx_hal_i2c.o
 .comment       0x000000000000007b       0x7c Drivers/STM32F4xx_HAL_Driver/Src/stm32f4xx_hal_rcc.o
 .comment       0x000000000000007b       0x7c Drivers/STM32F4xx_HAL_Driver/Src/stm32f4xx_hal_rcc_ex.o
 .comment       0x000000000000007b       0x7c Drivers/STM32F4xx_HAL_Driver/Src/stm32f4xx_hal_tim.o
 .comment       0x000000000000007b       0x7c Drivers/STM32F4xx_HAL_Driver/Src/stm32f4xx_hal_tim_ex.o
 .comment       0x000000000000007b       0x7c Drivers/STM32F4xx_HAL_Driver/Src/stm32f4xx_hal_uart.o

.debug_frame    0x0000000000000000     0x523c
 .debug_frame   0x0000000000000000       0x7c Core/Src/dac.o
 .debug_frame   0x000000000000007c       0xbc Core/Src/dfsdm.o
 .debug_frame   0x0000000000000138       0x34 Core/Src/dma.o
 .debug_frame   0x000000000000016c       0x34 Core/Src/gpio.o
 .debug_frame   0x00000000000001a0       0x74 Core/Src/i2c.o
 .debug_frame   0x0000000000000214       0xfc Core/Src/main.o
 .debug_frame   0x0000000000000310       0x38 Core/Src/stm32f4xx_hal_msp.o
 .debug_frame   0x0000000000000348      0x17c Core/Src/stm32f4xx_it.o
 .debug_frame   0x00000000000004c4       0x58 Core/Src/system_stm32f4xx.o
 .debug_frame   0x000000000000051c       0x84 Core/Src/tim.o
 .debug_frame   0x00000000000005a0       0x74 Core/Src/usart.o
 .debug_frame   0x0000000000000614      0x374 Drivers/STM32F4xx_HAL_Driver/Src/stm32f4xx_hal.o
 .debug_frame   0x0000000000000988      0x498 Drivers/STM32F4xx_HAL_Driver/Src/stm32f4xx_hal_cortex.o
 .debug_frame   0x0000000000000e20      0x338 Drivers/STM32F4xx_HAL_Driver/Src/stm32f4xx_hal_dac.o
 .debug_frame   0x0000000000001158      0x1bc Drivers/STM32F4xx_HAL_Driver/Src/stm32f4xx_hal_dac_ex.o
 .debug_frame   0x0000000000001314      0xc58 Drivers/STM32F4xx_HAL_Driver/Src/stm32f4xx_hal_dfsdm.o
 .debug_frame   0x0000000000001f6c      0x250 Drivers/STM32F4xx_HAL_Driver/Src/stm32f4xx_hal_dma.o
 .debug_frame   0x00000000000021bc      0x14c Drivers/STM32F4xx_HAL_Driver/Src/stm32f4xx_hal_gpio.o
 .debug_frame   0x0000000000002308      0xc38 Drivers/STM32F4xx_HAL_Driver/Src/stm32f4xx_hal_i2c.o
 .debug_frame   0x0000000000002f40      0x1f0 Drivers/STM32F4xx_HAL_Driver/Src/stm32f4xx_hal_rcc.o
 .debug_frame   0x0000000000003130      0x16c Drivers/STM32F4xx_HAL_Driver/Src/stm32f4xx_hal_rcc_ex.o
 .debug_frame   0x000000000000329c     0x10f0 Drivers/STM32F4xx_HAL_Driver/Src/stm32f4xx_hal_tim.o
 .debug_frame   0x000000000000438c      0x5c0 Drivers/STM32F4xx_HAL_Driver/Src/stm32f4xx_hal_tim_ex.o
 .debug_frame   0x000000000000494c      0x844 Drivers/STM32F4xx_HAL_Driver/Src/stm32f4xx_hal_uart.o
 .debug_frame   0x0000000000005190       0x2c c:/st/stm32cubeide_1.2.0/stm32cubeide/plugins/com.st.stm32cube.ide.mcu.externaltools.gnu-tools-for-stm32.7-2018-q2-update.win32_1.0.0.201904181610/tools/bin/../lib/gcc/arm-none-eabi/7.3.1/../../../../arm-none-eabi/lib/thumb/v7e-m/fpv4-sp/hard\libc_nano.a(lib_a-init.o)
 .debug_frame   0x00000000000051bc       0x20 c:/st/stm32cubeide_1.2.0/stm32cubeide/plugins/com.st.stm32cube.ide.mcu.externaltools.gnu-tools-for-stm32.7-2018-q2-update.win32_1.0.0.201904181610/tools/bin/../lib/gcc/arm-none-eabi/7.3.1/../../../../arm-none-eabi/lib/thumb/v7e-m/fpv4-sp/hard\libc_nano.a(lib_a-memset.o)
 .debug_frame   0x00000000000051dc       0x2c c:/st/stm32cubeide_1.2.0/stm32cubeide/plugins/com.st.stm32cube.ide.mcu.externaltools.gnu-tools-for-stm32.7-2018-q2-update.win32_1.0.0.201904181610/tools/bin/../lib/gcc/arm-none-eabi/7.3.1/thumb/v7e-m/fpv4-sp/hard\libgcc.a(_aeabi_uldivmod.o)
 .debug_frame   0x0000000000005208       0x34 c:/st/stm32cubeide_1.2.0/stm32cubeide/plugins/com.st.stm32cube.ide.mcu.externaltools.gnu-tools-for-stm32.7-2018-q2-update.win32_1.0.0.201904181610/tools/bin/../lib/gcc/arm-none-eabi/7.3.1/thumb/v7e-m/fpv4-sp/hard\libgcc.a(_udivmoddi4.o)
