Archive member included to satisfy reference by file (symbol)

../DSP\libarm_cortexM4lf_math.a(arm_biquad_cascade_df2t_f32.o)
                              Core/Src/main.o (arm_biquad_cascade_df2T_f32)
../DSP\libarm_cortexM4lf_math.a(arm_biquad_cascade_df2t_init_f32.o)
                              Core/Src/main.o (arm_biquad_cascade_df2T_init_f32)
../Middlewares\GREQ\Lib\GrEq_32b_CM4_GCC.a(greq.o)
                              Core/Src/equalizer.o (greq_reset)
c:/st/stm32cubeide_1.2.0/stm32cubeide/plugins/com.st.stm32cube.ide.mcu.externaltools.gnu-tools-for-stm32.7-2018-q2-update.win32_1.4.0.202007081208/tools/bin/../lib/gcc/arm-none-eabi/7.3.1/../../../../arm-none-eabi/lib/thumb/v7e-m/fpv4-sp/hard\libc_nano.a(lib_a-errno.o)
                              Core/Src/syscalls.o (__errno)
c:/st/stm32cubeide_1.2.0/stm32cubeide/plugins/com.st.stm32cube.ide.mcu.externaltools.gnu-tools-for-stm32.7-2018-q2-update.win32_1.4.0.202007081208/tools/bin/../lib/gcc/arm-none-eabi/7.3.1/../../../../arm-none-eabi/lib/thumb/v7e-m/fpv4-sp/hard\libc_nano.a(lib_a-exit.o)
                              c:/st/stm32cubeide_1.2.0/stm32cubeide/plugins/com.st.stm32cube.ide.mcu.externaltools.gnu-tools-for-stm32.7-2018-q2-update.win32_1.4.0.202007081208/tools/bin/../lib/gcc/arm-none-eabi/7.3.1/../../../../arm-none-eabi/lib/thumb/v7e-m/fpv4-sp/hard/crt0.o (exit)
c:/st/stm32cubeide_1.2.0/stm32cubeide/plugins/com.st.stm32cube.ide.mcu.externaltools.gnu-tools-for-stm32.7-2018-q2-update.win32_1.4.0.202007081208/tools/bin/../lib/gcc/arm-none-eabi/7.3.1/../../../../arm-none-eabi/lib/thumb/v7e-m/fpv4-sp/hard\libc_nano.a(lib_a-impure.o)
                              c:/st/stm32cubeide_1.2.0/stm32cubeide/plugins/com.st.stm32cube.ide.mcu.externaltools.gnu-tools-for-stm32.7-2018-q2-update.win32_1.4.0.202007081208/tools/bin/../lib/gcc/arm-none-eabi/7.3.1/../../../../arm-none-eabi/lib/thumb/v7e-m/fpv4-sp/hard\libc_nano.a(lib_a-exit.o) (_global_impure_ptr)
c:/st/stm32cubeide_1.2.0/stm32cubeide/plugins/com.st.stm32cube.ide.mcu.externaltools.gnu-tools-for-stm32.7-2018-q2-update.win32_1.4.0.202007081208/tools/bin/../lib/gcc/arm-none-eabi/7.3.1/../../../../arm-none-eabi/lib/thumb/v7e-m/fpv4-sp/hard\libc_nano.a(lib_a-init.o)
                              c:/st/stm32cubeide_1.2.0/stm32cubeide/plugins/com.st.stm32cube.ide.mcu.externaltools.gnu-tools-for-stm32.7-2018-q2-update.win32_1.4.0.202007081208/tools/bin/../lib/gcc/arm-none-eabi/7.3.1/../../../../arm-none-eabi/lib/thumb/v7e-m/fpv4-sp/hard/crt0.o (__libc_init_array)
c:/st/stm32cubeide_1.2.0/stm32cubeide/plugins/com.st.stm32cube.ide.mcu.externaltools.gnu-tools-for-stm32.7-2018-q2-update.win32_1.4.0.202007081208/tools/bin/../lib/gcc/arm-none-eabi/7.3.1/../../../../arm-none-eabi/lib/thumb/v7e-m/fpv4-sp/hard\libc_nano.a(lib_a-malloc.o)
                              Core/Src/equalizer.o (malloc)
c:/st/stm32cubeide_1.2.0/stm32cubeide/plugins/com.st.stm32cube.ide.mcu.externaltools.gnu-tools-for-stm32.7-2018-q2-update.win32_1.4.0.202007081208/tools/bin/../lib/gcc/arm-none-eabi/7.3.1/../../../../arm-none-eabi/lib/thumb/v7e-m/fpv4-sp/hard\libc_nano.a(lib_a-memcpy-stub.o)
                              Core/Src/codec_WM8731.o (memcpy)
c:/st/stm32cubeide_1.2.0/stm32cubeide/plugins/com.st.stm32cube.ide.mcu.externaltools.gnu-tools-for-stm32.7-2018-q2-update.win32_1.4.0.202007081208/tools/bin/../lib/gcc/arm-none-eabi/7.3.1/../../../../arm-none-eabi/lib/thumb/v7e-m/fpv4-sp/hard\libc_nano.a(lib_a-memset.o)
                              c:/st/stm32cubeide_1.2.0/stm32cubeide/plugins/com.st.stm32cube.ide.mcu.externaltools.gnu-tools-for-stm32.7-2018-q2-update.win32_1.4.0.202007081208/tools/bin/../lib/gcc/arm-none-eabi/7.3.1/../../../../arm-none-eabi/lib/thumb/v7e-m/fpv4-sp/hard/crt0.o (memset)
c:/st/stm32cubeide_1.2.0/stm32cubeide/plugins/com.st.stm32cube.ide.mcu.externaltools.gnu-tools-for-stm32.7-2018-q2-update.win32_1.4.0.202007081208/tools/bin/../lib/gcc/arm-none-eabi/7.3.1/../../../../arm-none-eabi/lib/thumb/v7e-m/fpv4-sp/hard\libc_nano.a(lib_a-nano-freer.o)
                              c:/st/stm32cubeide_1.2.0/stm32cubeide/plugins/com.st.stm32cube.ide.mcu.externaltools.gnu-tools-for-stm32.7-2018-q2-update.win32_1.4.0.202007081208/tools/bin/../lib/gcc/arm-none-eabi/7.3.1/../../../../arm-none-eabi/lib/thumb/v7e-m/fpv4-sp/hard\libc_nano.a(lib_a-malloc.o) (_free_r)
c:/st/stm32cubeide_1.2.0/stm32cubeide/plugins/com.st.stm32cube.ide.mcu.externaltools.gnu-tools-for-stm32.7-2018-q2-update.win32_1.4.0.202007081208/tools/bin/../lib/gcc/arm-none-eabi/7.3.1/../../../../arm-none-eabi/lib/thumb/v7e-m/fpv4-sp/hard\libc_nano.a(lib_a-nano-mallocr.o)
                              c:/st/stm32cubeide_1.2.0/stm32cubeide/plugins/com.st.stm32cube.ide.mcu.externaltools.gnu-tools-for-stm32.7-2018-q2-update.win32_1.4.0.202007081208/tools/bin/../lib/gcc/arm-none-eabi/7.3.1/../../../../arm-none-eabi/lib/thumb/v7e-m/fpv4-sp/hard\libc_nano.a(lib_a-malloc.o) (_malloc_r)
[...]
Memory Configuration

Name             Origin             Length             Attributes
RAM              0x0000000020000000 0x0000000000050000 xrw
FLASH            0x0000000008000000 0x0000000000100000 xr
*default*        0x0000000000000000 0xffffffffffffffff

Linker script and memory map

LOAD c:/st/stm32cubeide_1.2.0/stm32cubeide/plugins/com.st.stm32cube.ide.mcu.externaltools.gnu-tools-for-stm32.7-2018-q2-update.win32_1.4.0.202007081208/tools/bin/../lib/gcc/arm-none-eabi/7.3.1/thumb/v7e-m/fpv4-sp/hard/crti.o
LOAD c:/st/stm32cubeide_1.2.0/stm32cubeide/plugins/com.st.stm32cube.ide.mcu.externaltools.gnu-tools-for-stm32.7-2018-q2-update.win32_1.4.0.202007081208/tools/bin/../lib/gcc/arm-none-eabi/7.3.1/thumb/v7e-m/fpv4-sp/hard/crtbegin.o
LOAD c:/st/stm32cubeide_1.2.0/stm32cubeide/plugins/com.st.stm32cube.ide.mcu.externaltools.gnu-tools-for-stm32.7-2018-q2-update.win32_1.4.0.202007081208/tools/bin/../lib/gcc/arm-none-eabi/7.3.1/../../../../arm-none-eabi/lib/thumb/v7e-m/fpv4-sp/hard/crt0.o
LOAD Core/Src/codec_WM8731.o
LOAD Core/Src/dfsdm.o
LOAD Core/Src/dma.o
LOAD Core/Src/equalizer.o
LOAD Core/Src/gpio.o
LOAD Core/Src/i2c.o
LOAD Core/Src/i2s.o
LOAD Core/Src/main.o
LOAD Core/Src/stm32f4xx_hal_msp.o
LOAD Core/Src/stm32f4xx_it.o
LOAD Core/Src/syscalls.o
LOAD Core/Src/sysmem.o
LOAD Core/Src/system_stm32f4xx.o
LOAD Core/Src/tim.o
LOAD Core/Src/usart.o
LOAD Core/Startup/startup_stm32f413cgux.o
LOAD Drivers/STM32F4xx_HAL_Driver/Src/stm32f4xx_hal.o
LOAD Drivers/STM32F4xx_HAL_Driver/Src/stm32f4xx_hal_cortex.o
LOAD Drivers/STM32F4xx_HAL_Driver/Src/stm32f4xx_hal_dfsdm.o
LOAD Drivers/STM32F4xx_HAL_Driver/Src/stm32f4xx_hal_dma.o
LOAD Drivers/STM32F4xx_HAL_Driver/Src/stm32f4xx_hal_dma_ex.o
LOAD Drivers/STM32F4xx_HAL_Driver/Src/stm32f4xx_hal_exti.o
LOAD Drivers/STM32F4xx_HAL_Driver/Src/stm32f4xx_hal_flash.o
LOAD Drivers/STM32F4xx_HAL_Driver/Src/stm32f4xx_hal_flash_ex.o
LOAD Drivers/STM32F4xx_HAL_Driver/Src/stm32f4xx_hal_flash_ramfunc.o
LOAD Drivers/STM32F4xx_HAL_Driver/Src/stm32f4xx_hal_gpio.o
LOAD Drivers/STM32F4xx_HAL_Driver/Src/stm32f4xx_hal_i2c.o
LOAD Drivers/STM32F4xx_HAL_Driver/Src/stm32f4xx_hal_i2c_ex.o
LOAD Drivers/STM32F4xx_HAL_Driver/Src/stm32f4xx_hal_i2s.o
LOAD Drivers/STM32F4xx_HAL_Driver/Src/stm32f4xx_hal_i2s_ex.o
LOAD Drivers/STM32F4xx_HAL_Driver/Src/stm32f4xx_hal_pwr.o
LOAD Drivers/STM32F4xx_HAL_Driver/Src/stm32f4xx_hal_pwr_ex.o
LOAD Drivers/STM32F4xx_HAL_Driver/Src/stm32f4xx_hal_rcc.o
LOAD Drivers/STM32F4xx_HAL_Driver/Src/stm32f4xx_hal_rcc_ex.o
LOAD Drivers/STM32F4xx_HAL_Driver/Src/stm32f4xx_hal_tim.o
LOAD Drivers/STM32F4xx_HAL_Driver/Src/stm32f4xx_hal_tim_ex.o
LOAD Drivers/STM32F4xx_HAL_Driver/Src/stm32f4xx_hal_uart.o
LOAD ../DSP\libarm_cortexM4lf_math.a
LOAD ../Middlewares\GREQ\Lib\GrEq_32b_CM4_GCC.a
START GROUP
LOAD c:/st/stm32cubeide_1.2.0/stm32cubeide/plugins/com.st.stm32cube.ide.mcu.externaltools.gnu-tools-for-stm32.7-2018-q2-update.win32_1.4.0.202007081208/tools/bin/../lib/gcc/arm-none-eabi/7.3.1/../../../../arm-none-eabi/lib/thumb/v7e-m/fpv4-sp/hard\libc_nano.a
LOAD c:/st/stm32cubeide_1.2.0/stm32cubeide/plugins/com.st.stm32cube.ide.mcu.externaltools.gnu-tools-for-stm32.7-2018-q2-update.win32_1.4.0.202007081208/tools/bin/../lib/gcc/arm-none-eabi/7.3.1/../../../../arm-none-eabi/lib/thumb/v7e-m/fpv4-sp/hard\libm.a
END GROUP
START GROUP
LOAD c:/st/stm32cubeide_1.2.0/stm32cubeide/plugins/com.st.stm32cube.ide.mcu.externaltools.gnu-tools-for-stm32.7-2018-q2-update.win32_1.4.0.202007081208/tools/bin/../lib/gcc/arm-none-eabi/7.3.1/thumb/v7e-m/fpv4-sp/hard\libgcc.a
LOAD c:/st/stm32cubeide_1.2.0/stm32cubeide/plugins/com.st.stm32cube.ide.mcu.externaltools.gnu-tools-for-stm32.7-2018-q2-update.win32_1.4.0.202007081208/tools/bin/../lib/gcc/arm-none-eabi/7.3.1/../../../../arm-none-eabi/lib/thumb/v7e-m/fpv4-sp/hard\libc_nano.a
END GROUP
START GROUP
LOAD c:/st/stm32cubeide_1.2.0/stm32cubeide/plugins/com.st.stm32cube.ide.mcu.externaltools.gnu-tools-for-stm32.7-2018-q2-update.win32_1.4.0.202007081208/tools/bin/../lib/gcc/arm-none-eabi/7.3.1/thumb/v7e-m/fpv4-sp/hard\libgcc.a
LOAD c:/st/stm32cubeide_1.2.0/stm32cubeide/plugins/com.st.stm32cube.ide.mcu.externaltools.gnu-tools-for-stm32.7-2018-q2-update.win32_1.4.0.202007081208/tools/bin/../lib/gcc/arm-none-eabi/7.3.1/../../../../arm-none-eabi/lib/thumb/v7e-m/fpv4-sp/hard\libc_nano.a
LOAD c:/st/stm32cubeide_1.2.0/stm32cubeide/plugins/com.st.stm32cube.ide.mcu.externaltools.gnu-tools-for-stm32.7-2018-q2-update.win32_1.4.0.202007081208/tools/bin/../lib/gcc/arm-none-eabi/7.3.1/../../../../arm-none-eabi/lib/thumb/v7e-m/fpv4-sp/hard\libnosys.a
END GROUP
START GROUP
LOAD c:/st/stm32cubeide_1.2.0/stm32cubeide/plugins/com.st.stm32cube.ide.mcu.externaltools.gnu-tools-for-stm32.7-2018-q2-update.win32_1.4.0.202007081208/tools/bin/../lib/gcc/arm-none-eabi/7.3.1/thumb/v7e-m/fpv4-sp/hard\libgcc.a
LOAD c:/st/stm32cubeide_1.2.0/stm32cubeide/plugins/com.st.stm32cube.ide.mcu.externaltools.gnu-tools-for-stm32.7-2018-q2-update.win32_1.4.0.202007081208/tools/bin/../lib/gcc/arm-none-eabi/7.3.1/../../../../arm-none-eabi/lib/thumb/v7e-m/fpv4-sp/hard\libc_nano.a
LOAD c:/st/stm32cubeide_1.2.0/stm32cubeide/plugins/com.st.stm32cube.ide.mcu.externaltools.gnu-tools-for-stm32.7-2018-q2-update.win32_1.4.0.202007081208/tools/bin/../lib/gcc/arm-none-eabi/7.3.1/../../../../arm-none-eabi/lib/thumb/v7e-m/fpv4-sp/hard\libnosys.a
END GROUP
LOAD c:/st/stm32cubeide_1.2.0/stm32cubeide/plugins/com.st.stm32cube.ide.mcu.externaltools.gnu-tools-for-stm32.7-2018-q2-update.win32_1.4.0.202007081208/tools/bin/../lib/gcc/arm-none-eabi/7.3.1/thumb/v7e-m/fpv4-sp/hard/crtend.o
LOAD c:/st/stm32cubeide_1.2.0/stm32cubeide/plugins/com.st.stm32cube.ide.mcu.externaltools.gnu-tools-for-stm32.7-2018-q2-update.win32_1.4.0.202007081208/tools/bin/../lib/gcc/arm-none-eabi/7.3.1/thumb/v7e-m/fpv4-sp/hard/crtn.o
                0x0000000020050000                _estack = (ORIGIN (RAM) + LENGTH (RAM))
                0x0000000000000200                _Min_Heap_Size = 0x200
                0x0000000000000400                _Min_Stack_Size = 0x400

.isr_vector     0x0000000008000000      0x1d8
                0x0000000008000000                . = ALIGN (0x4)
 *(.isr_vector)
 .isr_vector    0x0000000008000000      0x1d8 Core/Startup/startup_stm32f413cgux.o
                0x0000000008000000                g_pfnVectors
                0x00000000080001d8                . = ALIGN (0x4)

.text           0x00000000080001d8     0x6374
                0x00000000080001d8                . = ALIGN (0x4)
 *(.text)
 .text          0x00000000080001d8       0x40 c:/st/stm32cubeide_1.2.0/stm32cubeide/plugins/com.st.stm32cube.ide.mcu.externaltools.gnu-tools-for-stm32.7-2018-q2-update.win32_1.4.0.202007081208/tools/bin/../lib/gcc/arm-none-eabi/7.3.1/thumb/v7e-m/fpv4-sp/hard/crtbegin.o
 .text          0x0000000008000218       0x30 c:/st/stm32cubeide_1.2.0/stm32cubeide/plugins/com.st.stm32cube.ide.mcu.externaltools.gnu-tools-for-stm32.7-2018-q2-update.win32_1.4.0.202007081208/tools/bin/../lib/gcc/arm-none-eabi/7.3.1/thumb/v7e-m/fpv4-sp/hard\libgcc.a(_aeabi_uldivmod.o)
                0x0000000008000218                __aeabi_uldivmod
 .text          0x0000000008000248      0x2cc c:/st/stm32cubeide_1.2.0/stm32cubeide/plugins/com.st.stm32cube.ide.mcu.externaltools.gnu-tools-for-stm32.7-2018-q2-update.win32_1.4.0.202007081208/tools/bin/../lib/gcc/arm-none-eabi/7.3.1/thumb/v7e-m/fpv4-sp/hard\libgcc.a(_udivmoddi4.o)
                0x0000000008000248                __udivmoddi4
 .text          0x0000000008000514        0x4 c:/st/stm32cubeide_1.2.0/stm32cubeide/plugins/com.st.stm32cube.ide.mcu.externaltools.gnu-tools-for-stm32.7-2018-q2-update.win32_1.4.0.202007081208/tools/bin/../lib/gcc/arm-none-eabi/7.3.1/thumb/v7e-m/fpv4-sp/hard\libgcc.a(_dvmd_tls.o)
                0x0000000008000514                __aeabi_idiv0
                0x0000000008000514                __aeabi_ldiv0
 *(.text*)
 .text.Codec_Reset
                0x0000000008000518       0x80 Core/Src/codec_WM8731.o
                0x0000000008000518                Codec_Reset
 .text.Codec_WriteRegister
                0x0000000008000598       0x8c Core/Src/codec_WM8731.o
                0x0000000008000598                Codec_WriteRegister
 .text.MX_DFSDM1_Init
                0x0000000008000624       0xcc Core/Src/dfsdm.o
                0x0000000008000624                MX_DFSDM1_Init
 .text.HAL_DFSDM_FilterMspInit
                0x00000000080006f0      0x16c Core/Src/dfsdm.o
                0x00000000080006f0                HAL_DFSDM_FilterMspInit
 .text.HAL_DFSDM_ChannelMspInit
                0x000000000800085c      0x108 Core/Src/dfsdm.o
                0x000000000800085c                HAL_DFSDM_ChannelMspInit
 .text.MX_DMA_Init
                0x0000000008000964       0x7c Core/Src/dma.o
                0x0000000008000964                MX_DMA_Init
 .text.MX_GPIO_Init
                0x00000000080009e0       0xa0 Core/Src/gpio.o
                0x00000000080009e0                MX_GPIO_Init
 .text.MX_I2C1_Init
                0x0000000008000a80       0x5c Core/Src/i2c.o
                0x0000000008000a80                MX_I2C1_Init
 .text.HAL_I2C_MspInit
                0x0000000008000adc       0x90 Core/Src/i2c.o
                0x0000000008000adc                HAL_I2C_MspInit
 .text.MX_I2S3_Init
                0x0000000008000b6c       0x5c Core/Src/i2s.o
                0x0000000008000b6c                MX_I2S3_Init
 .text.HAL_I2S_MspInit
                0x0000000008000bc8      0x13c Core/Src/i2s.o
                0x0000000008000bc8                HAL_I2S_MspInit
 .text.main     0x0000000008000d04      0x3f8 Core/Src/main.o
                0x0000000008000d04                main
 .text.HAL_UART_RxCpltCallback
                0x00000000080010fc      0x16c Core/Src/main.o
                0x00000000080010fc                HAL_UART_RxCpltCallback
 .text.HAL_DFSDM_FilterRegConvHalfCpltCallback
                0x0000000008001268       0x20 Core/Src/main.o
                0x0000000008001268                HAL_DFSDM_FilterRegConvHalfCpltCallback
 .text.HAL_DFSDM_FilterRegConvCpltCallback
                0x0000000008001288       0x20 Core/Src/main.o
                0x0000000008001288                HAL_DFSDM_FilterRegConvCpltCallback
 .text.TestBlinking
                0x00000000080012a8       0x30 Core/Src/main.o
                0x00000000080012a8                TestBlinking
 .text.SystemClock_Config
                0x00000000080012d8      0x130 Core/Src/main.o
                0x00000000080012d8                SystemClock_Config
 .text.Error_Handler
                0x0000000008001408        0xe Core/Src/main.o
                0x0000000008001408                Error_Handler
 *fill*         0x0000000008001416        0x2 
 .text.HAL_MspInit
                0x0000000008001418       0x50 Core/Src/stm32f4xx_hal_msp.o
                0x0000000008001418                HAL_MspInit
 .text.NMI_Handler
                0x0000000008001468        0xe Core/Src/stm32f4xx_it.o
                0x0000000008001468                NMI_Handler
 .text.HardFault_Handler
                0x0000000008001476        0x6 Core/Src/stm32f4xx_it.o
                0x0000000008001476                HardFault_Handler
 .text.MemManage_Handler
                0x000000000800147c        0x6 Core/Src/stm32f4xx_it.o
                0x000000000800147c                MemManage_Handler
 .text.BusFault_Handler
                0x0000000008001482        0x6 Core/Src/stm32f4xx_it.o
                0x0000000008001482                BusFault_Handler
 .text.UsageFault_Handler
                0x0000000008001488        0x6 Core/Src/stm32f4xx_it.o
                0x0000000008001488                UsageFault_Handler
 .text.SVC_Handler
                0x000000000800148e        0xe Core/Src/stm32f4xx_it.o
                0x000000000800148e                SVC_Handler
 .text.DebugMon_Handler
                0x000000000800149c        0xe Core/Src/stm32f4xx_it.o
                0x000000000800149c                DebugMon_Handler
 .text.PendSV_Handler
                0x00000000080014aa        0xe Core/Src/stm32f4xx_it.o
                0x00000000080014aa                PendSV_Handler
 .text.SysTick_Handler
                0x00000000080014b8        0xc Core/Src/stm32f4xx_it.o
                0x00000000080014b8                SysTick_Handler
 .text.DMA1_Stream0_IRQHandler
                0x00000000080014c4       0x14 Core/Src/stm32f4xx_it.o
                0x00000000080014c4                DMA1_Stream0_IRQHandler
 .text.DMA1_Stream7_IRQHandler
                0x00000000080014d8       0x14 Core/Src/stm32f4xx_it.o
                0x00000000080014d8                DMA1_Stream7_IRQHandler
 .text.UART5_IRQHandler
                0x00000000080014ec       0x14 Core/Src/stm32f4xx_it.o
                0x00000000080014ec                UART5_IRQHandler
 .text.DMA2_Stream0_IRQHandler
                0x0000000008001500       0x14 Core/Src/stm32f4xx_it.o
                0x0000000008001500                DMA2_Stream0_IRQHandler
 .text.SystemInit
                0x0000000008001514       0x2c Core/Src/system_stm32f4xx.o
                0x0000000008001514                SystemInit
 .text.MX_UART5_Init
                0x0000000008001540       0x54 Core/Src/usart.o
                0x0000000008001540                MX_UART5_Init
 .text.HAL_UART_MspInit
                0x0000000008001594      0x108 Core/Src/usart.o
                0x0000000008001594                HAL_UART_MspInit
 .text.Reset_Handler
                0x000000000800169c       0x50 Core/Startup/startup_stm32f413cgux.o
                0x000000000800169c                Reset_Handler
 .text.Default_Handler
                0x00000000080016ec        0x2 Core/Startup/startup_stm32f413cgux.o
                0x00000000080016ec                RTC_Alarm_IRQHandler
                0x00000000080016ec                EXTI2_IRQHandler
                0x00000000080016ec                TIM8_CC_IRQHandler
                0x00000000080016ec                UART8_IRQHandler
                0x00000000080016ec                FMPI2C1_EV_IRQHandler
                0x00000000080016ec                SPI4_IRQHandler
                0x00000000080016ec                TIM1_CC_IRQHandler
                0x00000000080016ec                DMA2_Stream5_IRQHandler
                0x00000000080016ec                DMA1_Stream5_IRQHandler
                0x00000000080016ec                CAN3_RX1_IRQHandler
                0x00000000080016ec                PVD_IRQHandler
                0x00000000080016ec                SDIO_IRQHandler
                0x00000000080016ec                TAMP_STAMP_IRQHandler
                0x00000000080016ec                CAN2_RX1_IRQHandler
                0x00000000080016ec                EXTI3_IRQHandler
                0x00000000080016ec                TIM8_TRG_COM_TIM14_IRQHandler
                0x00000000080016ec                DFSDM1_FLT1_IRQHandler
                0x00000000080016ec                TIM1_UP_TIM10_IRQHandler
                0x00000000080016ec                TIM8_UP_TIM13_IRQHandler
                0x00000000080016ec                I2C3_ER_IRQHandler
                0x00000000080016ec                EXTI0_IRQHandler
                0x00000000080016ec                I2C2_EV_IRQHandler
                0x00000000080016ec                DMA1_Stream2_IRQHandler
                0x00000000080016ec                CAN1_RX0_IRQHandler
                0x00000000080016ec                FPU_IRQHandler
                0x00000000080016ec                CAN3_SCE_IRQHandler
                0x00000000080016ec                CAN2_SCE_IRQHandler
                0x00000000080016ec                DMA2_Stream2_IRQHandler
                0x00000000080016ec                SPI1_IRQHandler
                0x00000000080016ec                TIM6_DAC_IRQHandler
                0x00000000080016ec                TIM1_BRK_TIM9_IRQHandler
                0x00000000080016ec                CAN2_RX0_IRQHandler
                0x00000000080016ec                DMA2_Stream3_IRQHandler
                0x00000000080016ec                USART6_IRQHandler
                0x00000000080016ec                CAN3_RX0_IRQHandler
                0x00000000080016ec                USART3_IRQHandler
                0x00000000080016ec                DFSDM2_FLT3_IRQHandler
                0x00000000080016ec                CAN1_RX1_IRQHandler
                0x00000000080016ec                TIM4_IRQHandler
                0x00000000080016ec                QUADSPI_IRQHandler
                0x00000000080016ec                I2C1_EV_IRQHandler
                0x00000000080016ec                DMA1_Stream6_IRQHandler
                0x00000000080016ec                DMA1_Stream1_IRQHandler
                0x00000000080016ec                UART4_IRQHandler
                0x00000000080016ec                TIM3_IRQHandler
                0x00000000080016ec                RCC_IRQHandler
                0x00000000080016ec                UART9_IRQHandler
                0x00000000080016ec                TIM8_BRK_TIM12_IRQHandler
                0x00000000080016ec                Default_Handler
                0x00000000080016ec                EXTI15_10_IRQHandler
                0x00000000080016ec                ADC_IRQHandler
                0x00000000080016ec                DFSDM2_FLT0_IRQHandler
                0x00000000080016ec                SPI5_IRQHandler
                0x00000000080016ec                TIM7_IRQHandler
                0x00000000080016ec                CAN2_TX_IRQHandler
                0x00000000080016ec                TIM5_IRQHandler
                0x00000000080016ec                DMA2_Stream7_IRQHandler
                0x00000000080016ec                I2C3_EV_IRQHandler
                0x00000000080016ec                DFSDM2_FLT2_IRQHandler
                0x00000000080016ec                EXTI9_5_IRQHandler
                0x00000000080016ec                RTC_WKUP_IRQHandler
                0x00000000080016ec                SPI2_IRQHandler
                0x00000000080016ec                CAN1_TX_IRQHandler
                0x00000000080016ec                FMPI2C1_ER_IRQHandler
                0x00000000080016ec                EXTI4_IRQHandler
                0x00000000080016ec                DFSDM2_FLT1_IRQHandler
                0x00000000080016ec                RNG_IRQHandler
                0x00000000080016ec                FSMC_IRQHandler
                0x00000000080016ec                WWDG_IRQHandler
                0x00000000080016ec                CAN3_TX_IRQHandler
                0x00000000080016ec                TIM2_IRQHandler
                0x00000000080016ec                OTG_FS_WKUP_IRQHandler
                0x00000000080016ec                TIM1_TRG_COM_TIM11_IRQHandler
                0x00000000080016ec                EXTI1_IRQHandler
                0x00000000080016ec                UART7_IRQHandler
                0x00000000080016ec                USART2_IRQHandler
                0x00000000080016ec                DFSDM1_FLT0_IRQHandler
                0x00000000080016ec                I2C2_ER_IRQHandler
                0x00000000080016ec                DMA2_Stream1_IRQHandler
                0x00000000080016ec                CAN1_SCE_IRQHandler
                0x00000000080016ec                FLASH_IRQHandler
                0x00000000080016ec                DMA2_Stream4_IRQHandler
                0x00000000080016ec                USART1_IRQHandler
                0x00000000080016ec                OTG_FS_IRQHandler
                0x00000000080016ec                SPI3_IRQHandler
                0x00000000080016ec                DMA1_Stream4_IRQHandler
                0x00000000080016ec                I2C1_ER_IRQHandler
                0x00000000080016ec                LPTIM1_IRQHandler
                0x00000000080016ec                DMA2_Stream6_IRQHandler
                0x00000000080016ec                UART10_IRQHandler
                0x00000000080016ec                SAI1_IRQHandler
                0x00000000080016ec                DMA1_Stream3_IRQHandler
 *fill*         0x00000000080016ee        0x2 
 .text.HAL_Init
                0x00000000080016f0       0x44 Drivers/STM32F4xx_HAL_Driver/Src/stm32f4xx_hal.o
                0x00000000080016f0                HAL_Init
 .text.HAL_InitTick
                0x0000000008001734       0x60 Drivers/STM32F4xx_HAL_Driver/Src/stm32f4xx_hal.o
                0x0000000008001734                HAL_InitTick
 .text.HAL_IncTick
                0x0000000008001794       0x28 Drivers/STM32F4xx_HAL_Driver/Src/stm32f4xx_hal.o
                0x0000000008001794                HAL_IncTick
 .text.HAL_GetTick
                0x00000000080017bc       0x18 Drivers/STM32F4xx_HAL_Driver/Src/stm32f4xx_hal.o
                0x00000000080017bc                HAL_GetTick
 .text.HAL_Delay
                0x00000000080017d4       0x44 Drivers/STM32F4xx_HAL_Driver/Src/stm32f4xx_hal.o
                0x00000000080017d4                HAL_Delay
 .text.__NVIC_SetPriorityGrouping
                0x0000000008001818       0x48 Drivers/STM32F4xx_HAL_Driver/Src/stm32f4xx_hal_cortex.o
 .text.__NVIC_GetPriorityGrouping
                0x0000000008001860       0x1c Drivers/STM32F4xx_HAL_Driver/Src/stm32f4xx_hal_cortex.o
 .text.__NVIC_EnableIRQ
                0x000000000800187c       0x3c Drivers/STM32F4xx_HAL_Driver/Src/stm32f4xx_hal_cortex.o
 .text.__NVIC_SetPriority
                0x00000000080018b8       0x54 Drivers/STM32F4xx_HAL_Driver/Src/stm32f4xx_hal_cortex.o
 .text.NVIC_EncodePriority
                0x000000000800190c       0x66 Drivers/STM32F4xx_HAL_Driver/Src/stm32f4xx_hal_cortex.o
 *fill*         0x0000000008001972        0x2 
 .text.SysTick_Config
                0x0000000008001974       0x44 Drivers/STM32F4xx_HAL_Driver/Src/stm32f4xx_hal_cortex.o
 .text.HAL_NVIC_SetPriorityGrouping
                0x00000000080019b8       0x16 Drivers/STM32F4xx_HAL_Driver/Src/stm32f4xx_hal_cortex.o
                0x00000000080019b8                HAL_NVIC_SetPriorityGrouping
 .text.HAL_NVIC_SetPriority
                0x00000000080019ce       0x38 Drivers/STM32F4xx_HAL_Driver/Src/stm32f4xx_hal_cortex.o
                0x00000000080019ce                HAL_NVIC_SetPriority
 .text.HAL_NVIC_EnableIRQ
                0x0000000008001a06       0x1c Drivers/STM32F4xx_HAL_Driver/Src/stm32f4xx_hal_cortex.o
                0x0000000008001a06                HAL_NVIC_EnableIRQ
 .text.HAL_SYSTICK_Config
                0x0000000008001a22       0x18 Drivers/STM32F4xx_HAL_Driver/Src/stm32f4xx_hal_cortex.o
                0x0000000008001a22                HAL_SYSTICK_Config
 *fill*         0x0000000008001a3a        0x2 
 .text.HAL_DFSDM_ChannelInit
                0x0000000008001a3c      0x1e0 Drivers/STM32F4xx_HAL_Driver/Src/stm32f4xx_hal_dfsdm.o
                0x0000000008001a3c                HAL_DFSDM_ChannelInit
 .text.HAL_DFSDM_FilterInit
                0x0000000008001c1c      0x1d8 Drivers/STM32F4xx_HAL_Driver/Src/stm32f4xx_hal_dfsdm.o
                0x0000000008001c1c                HAL_DFSDM_FilterInit
 .text.HAL_DFSDM_FilterConfigRegChannel
                0x0000000008001df4       0x8a Drivers/STM32F4xx_HAL_Driver/Src/stm32f4xx_hal_dfsdm.o
                0x0000000008001df4                HAL_DFSDM_FilterConfigRegChannel
 *fill*         0x0000000008001e7e        0x2 
 .text.HAL_DFSDM_FilterRegularStart_DMA
                0x0000000008001e80      0x108 Drivers/STM32F4xx_HAL_Driver/Src/stm32f4xx_hal_dfsdm.o
                0x0000000008001e80                HAL_DFSDM_FilterRegularStart_DMA
 .text.HAL_DFSDM_FilterErrorCallback
                0x0000000008001f88       0x14 Drivers/STM32F4xx_HAL_Driver/Src/stm32f4xx_hal_dfsdm.o
                0x0000000008001f88                HAL_DFSDM_FilterErrorCallback
 .text.DFSDM_DMARegularHalfConvCplt
                0x0000000008001f9c       0x1c Drivers/STM32F4xx_HAL_Driver/Src/stm32f4xx_hal_dfsdm.o
 .text.DFSDM_DMARegularConvCplt
                0x0000000008001fb8       0x1c Drivers/STM32F4xx_HAL_Driver/Src/stm32f4xx_hal_dfsdm.o
 .text.DFSDM_DMAError
                0x0000000008001fd4       0x22 Drivers/STM32F4xx_HAL_Driver/Src/stm32f4xx_hal_dfsdm.o
 *fill*         0x0000000008001ff6        0x2 
 .text.DFSDM_GetChannelFromInstance
                0x0000000008001ff8       0xc8 Drivers/STM32F4xx_HAL_Driver/Src/stm32f4xx_hal_dfsdm.o
 .text.DFSDM_RegConvStart
                0x00000000080020c0       0xac Drivers/STM32F4xx_HAL_Driver/Src/stm32f4xx_hal_dfsdm.o
 .text.HAL_DMA_Init
                0x000000000800216c      0x15c Drivers/STM32F4xx_HAL_Driver/Src/stm32f4xx_hal_dma.o
                0x000000000800216c                HAL_DMA_Init
 .text.HAL_DMA_Start_IT
                0x00000000080022c8       0xb0 Drivers/STM32F4xx_HAL_Driver/Src/stm32f4xx_hal_dma.o
                0x00000000080022c8                HAL_DMA_Start_IT
 .text.HAL_DMA_Abort_IT
                0x0000000008002378       0x44 Drivers/STM32F4xx_HAL_Driver/Src/stm32f4xx_hal_dma.o
                0x0000000008002378                HAL_DMA_Abort_IT
 .text.HAL_DMA_IRQHandler
                0x00000000080023bc      0x314 Drivers/STM32F4xx_HAL_Driver/Src/stm32f4xx_hal_dma.o
                0x00000000080023bc                HAL_DMA_IRQHandler
 .text.DMA_SetConfig
                0x00000000080026d0       0x5c Drivers/STM32F4xx_HAL_Driver/Src/stm32f4xx_hal_dma.o
 .text.DMA_CalcBaseAndBitshift
                0x000000000800272c       0x6c Drivers/STM32F4xx_HAL_Driver/Src/stm32f4xx_hal_dma.o
 .text.DMA_CheckFifoParam
                0x0000000008002798       0xf4 Drivers/STM32F4xx_HAL_Driver/Src/stm32f4xx_hal_dma.o
 .text.HAL_GPIO_Init
                0x000000000800288c      0x324 Drivers/STM32F4xx_HAL_Driver/Src/stm32f4xx_hal_gpio.o
                0x000000000800288c                HAL_GPIO_Init
 .text.HAL_GPIO_WritePin
                0x0000000008002bb0       0x32 Drivers/STM32F4xx_HAL_Driver/Src/stm32f4xx_hal_gpio.o
                0x0000000008002bb0                HAL_GPIO_WritePin
 .text.HAL_GPIO_TogglePin
                0x0000000008002be2       0x36 Drivers/STM32F4xx_HAL_Driver/Src/stm32f4xx_hal_gpio.o
                0x0000000008002be2                HAL_GPIO_TogglePin
 .text.HAL_I2C_Init
                0x0000000008002c18      0x270 Drivers/STM32F4xx_HAL_Driver/Src/stm32f4xx_hal_i2c.o
                0x0000000008002c18                HAL_I2C_Init
 .text.HAL_I2C_Master_Transmit
                0x0000000008002e88      0x1fc Drivers/STM32F4xx_HAL_Driver/Src/stm32f4xx_hal_i2c.o
                0x0000000008002e88                HAL_I2C_Master_Transmit
 .text.HAL_I2C_IsDeviceReady
                0x0000000008003084      0x25c Drivers/STM32F4xx_HAL_Driver/Src/stm32f4xx_hal_i2c.o
                0x0000000008003084                HAL_I2C_IsDeviceReady
 .text.I2C_MasterRequestWrite
                0x00000000080032e0      0x104 Drivers/STM32F4xx_HAL_Driver/Src/stm32f4xx_hal_i2c.o
 .text.I2C_WaitOnFlagUntilTimeout
                0x00000000080033e4       0xae Drivers/STM32F4xx_HAL_Driver/Src/stm32f4xx_hal_i2c.o
 .text.I2C_WaitOnMasterAddressFlagUntilTimeout
                0x0000000008003492       0xfe Drivers/STM32F4xx_HAL_Driver/Src/stm32f4xx_hal_i2c.o
 .text.I2C_WaitOnTXEFlagUntilTimeout
                0x0000000008003590       0x82 Drivers/STM32F4xx_HAL_Driver/Src/stm32f4xx_hal_i2c.o
 .text.I2C_WaitOnBTFFlagUntilTimeout
                0x0000000008003612       0x82 Drivers/STM32F4xx_HAL_Driver/Src/stm32f4xx_hal_i2c.o
 .text.I2C_IsAcknowledgeFailed
                0x0000000008003694       0x5e Drivers/STM32F4xx_HAL_Driver/Src/stm32f4xx_hal_i2c.o
 *fill*         0x00000000080036f2        0x2 
 .text.HAL_I2S_Init
                0x00000000080036f4      0x2c4 Drivers/STM32F4xx_HAL_Driver/Src/stm32f4xx_hal_i2s.o
                0x00000000080036f4                HAL_I2S_Init
 .text.HAL_I2S_Transmit_DMA
                0x00000000080039b8      0x150 Drivers/STM32F4xx_HAL_Driver/Src/stm32f4xx_hal_i2s.o
                0x00000000080039b8                HAL_I2S_Transmit_DMA
 .text.HAL_I2S_TxHalfCpltCallback
                0x0000000008003b08       0x14 Drivers/STM32F4xx_HAL_Driver/Src/stm32f4xx_hal_i2s.o
                0x0000000008003b08                HAL_I2S_TxHalfCpltCallback
 .text.HAL_I2S_TxCpltCallback
                0x0000000008003b1c       0x14 Drivers/STM32F4xx_HAL_Driver/Src/stm32f4xx_hal_i2s.o
                0x0000000008003b1c                HAL_I2S_TxCpltCallback
 .text.HAL_I2S_RxCpltCallback
                0x0000000008003b30       0x14 Drivers/STM32F4xx_HAL_Driver/Src/stm32f4xx_hal_i2s.o
                0x0000000008003b30                HAL_I2S_RxCpltCallback
 .text.HAL_I2S_ErrorCallback
                0x0000000008003b44       0x14 Drivers/STM32F4xx_HAL_Driver/Src/stm32f4xx_hal_i2s.o
                0x0000000008003b44                HAL_I2S_ErrorCallback
 .text.I2S_DMATxCplt
                0x0000000008003b58       0x42 Drivers/STM32F4xx_HAL_Driver/Src/stm32f4xx_hal_i2s.o
 .text.I2S_DMATxHalfCplt
                0x0000000008003b9a       0x1c Drivers/STM32F4xx_HAL_Driver/Src/stm32f4xx_hal_i2s.o
 .text.I2S_DMAError
                0x0000000008003bb6       0x4c Drivers/STM32F4xx_HAL_Driver/Src/stm32f4xx_hal_i2s.o
 .text.I2S_Transmit_IT
                0x0000000008003c02       0x5c Drivers/STM32F4xx_HAL_Driver/Src/stm32f4xx_hal_i2s.o
 .text.I2S_Receive_IT
                0x0000000008003c5e       0x5e Drivers/STM32F4xx_HAL_Driver/Src/stm32f4xx_hal_i2s.o
 .text.I2S_IRQHandler
                0x0000000008003cbc      0x114 Drivers/STM32F4xx_HAL_Driver/Src/stm32f4xx_hal_i2s.o
 .text.HAL_I2SEx_FullDuplex_IRQHandler
                0x0000000008003dd0      0x2a8 Drivers/STM32F4xx_HAL_Driver/Src/stm32f4xx_hal_i2s_ex.o
                0x0000000008003dd0                HAL_I2SEx_FullDuplex_IRQHandler
 .text.HAL_I2SEx_TxRxCpltCallback
                0x0000000008004078       0x14 Drivers/STM32F4xx_HAL_Driver/Src/stm32f4xx_hal_i2s_ex.o
                0x0000000008004078                HAL_I2SEx_TxRxCpltCallback
 .text.I2SEx_TxISR_I2S
                0x000000000800408c       0x62 Drivers/STM32F4xx_HAL_Driver/Src/stm32f4xx_hal_i2s_ex.o
 *fill*         0x00000000080040ee        0x2 
 .text.I2SEx_TxISR_I2SExt
                0x00000000080040f0       0x98 Drivers/STM32F4xx_HAL_Driver/Src/stm32f4xx_hal_i2s_ex.o
 .text.I2SEx_RxISR_I2S
                0x0000000008004188       0x64 Drivers/STM32F4xx_HAL_Driver/Src/stm32f4xx_hal_i2s_ex.o
 .text.I2SEx_RxISR_I2SExt
                0x00000000080041ec       0x98 Drivers/STM32F4xx_HAL_Driver/Src/stm32f4xx_hal_i2s_ex.o
 .text.HAL_RCC_ClockConfig
                0x0000000008004284      0x1cc Drivers/STM32F4xx_HAL_Driver/Src/stm32f4xx_hal_rcc.o
                0x0000000008004284                HAL_RCC_ClockConfig
 .text.HAL_RCC_GetSysClockFreq
                0x0000000008004450      0x1b0 Drivers/STM32F4xx_HAL_Driver/Src/stm32f4xx_hal_rcc.o
                0x0000000008004450                HAL_RCC_GetSysClockFreq
 .text.HAL_RCC_GetHCLKFreq
                0x0000000008004600       0x18 Drivers/STM32F4xx_HAL_Driver/Src/stm32f4xx_hal_rcc.o
                0x0000000008004600                HAL_RCC_GetHCLKFreq
 .text.HAL_RCC_GetPCLK1Freq
                0x0000000008004618       0x28 Drivers/STM32F4xx_HAL_Driver/Src/stm32f4xx_hal_rcc.o
                0x0000000008004618                HAL_RCC_GetPCLK1Freq
 .text.HAL_RCC_GetPCLK2Freq
                0x0000000008004640       0x28 Drivers/STM32F4xx_HAL_Driver/Src/stm32f4xx_hal_rcc.o
                0x0000000008004640                HAL_RCC_GetPCLK2Freq
 .text.HAL_RCCEx_PeriphCLKConfig
                0x0000000008004668      0x518 Drivers/STM32F4xx_HAL_Driver/Src/stm32f4xx_hal_rcc_ex.o
                0x0000000008004668                HAL_RCCEx_PeriphCLKConfig
 .text.HAL_RCCEx_GetPeriphCLKFreq
                0x0000000008004b80      0x2a0 Drivers/STM32F4xx_HAL_Driver/Src/stm32f4xx_hal_rcc_ex.o
                0x0000000008004b80                HAL_RCCEx_GetPeriphCLKFreq
 .text.HAL_RCC_OscConfig
                0x0000000008004e20      0x484 Drivers/STM32F4xx_HAL_Driver/Src/stm32f4xx_hal_rcc_ex.o
                0x0000000008004e20                HAL_RCC_OscConfig
 .text.HAL_UART_Init
                0x00000000080052a4       0x9a Drivers/STM32F4xx_HAL_Driver/Src/stm32f4xx_hal_uart.o
                0x00000000080052a4                HAL_UART_Init
 *fill*         0x000000000800533e        0x2 
 .text.HAL_UART_Receive_DMA
                0x0000000008005340      0x100 Drivers/STM32F4xx_HAL_Driver/Src/stm32f4xx_hal_uart.o
                0x0000000008005340                HAL_UART_Receive_DMA
 .text.HAL_UART_IRQHandler
                0x0000000008005440      0x200 Drivers/STM32F4xx_HAL_Driver/Src/stm32f4xx_hal_uart.o
                0x0000000008005440                HAL_UART_IRQHandler
 .text.HAL_UART_TxCpltCallback
                0x0000000008005640       0x14 Drivers/STM32F4xx_HAL_Driver/Src/stm32f4xx_hal_uart.o
                0x0000000008005640                HAL_UART_TxCpltCallback
 .text.HAL_UART_RxHalfCpltCallback
                0x0000000008005654       0x14 Drivers/STM32F4xx_HAL_Driver/Src/stm32f4xx_hal_uart.o
                0x0000000008005654                HAL_UART_RxHalfCpltCallback
 .text.HAL_UART_ErrorCallback
                0x0000000008005668       0x14 Drivers/STM32F4xx_HAL_Driver/Src/stm32f4xx_hal_uart.o
                0x0000000008005668                HAL_UART_ErrorCallback
 .text.UART_DMAReceiveCplt
                0x000000000800567c       0x68 Drivers/STM32F4xx_HAL_Driver/Src/stm32f4xx_hal_uart.o
 .text.UART_DMARxHalfCplt
                0x00000000080056e4       0x1c Drivers/STM32F4xx_HAL_Driver/Src/stm32f4xx_hal_uart.o
 .text.UART_DMAError
                0x0000000008005700       0x94 Drivers/STM32F4xx_HAL_Driver/Src/stm32f4xx_hal_uart.o
 .text.UART_EndTxTransfer
                0x0000000008005794       0x2c Drivers/STM32F4xx_HAL_Driver/Src/stm32f4xx_hal_uart.o
 .text.UART_EndRxTransfer
                0x00000000080057c0       0x3c Drivers/STM32F4xx_HAL_Driver/Src/stm32f4xx_hal_uart.o
 .text.UART_DMAAbortOnError
                0x00000000080057fc       0x28 Drivers/STM32F4xx_HAL_Driver/Src/stm32f4xx_hal_uart.o
 .text.UART_Transmit_IT
                0x0000000008005824       0xac Drivers/STM32F4xx_HAL_Driver/Src/stm32f4xx_hal_uart.o
 .text.UART_EndTransmit_IT
                0x00000000080058d0       0x30 Drivers/STM32F4xx_HAL_Driver/Src/stm32f4xx_hal_uart.o
 .text.UART_Receive_IT
                0x0000000008005900      0x102 Drivers/STM32F4xx_HAL_Driver/Src/stm32f4xx_hal_uart.o
 *fill*         0x0000000008005a02        0x2 
 .text.UART_SetConfig
                0x0000000008005a04      0x730 Drivers/STM32F4xx_HAL_Driver/Src/stm32f4xx_hal_uart.o
 .text.arm_biquad_cascade_df2T_f32
                0x0000000008006134      0x376 ../DSP\libarm_cortexM4lf_math.a(arm_biquad_cascade_df2t_f32.o)
                0x0000000008006134                arm_biquad_cascade_df2T_f32
 *fill*         0x00000000080064aa        0x2 
 .text.arm_biquad_cascade_df2T_init_f32
                0x00000000080064ac       0x18 ../DSP\libarm_cortexM4lf_math.a(arm_biquad_cascade_df2t_init_f32.o)
                0x00000000080064ac                arm_biquad_cascade_df2T_init_f32
 .text.__libc_init_array
                0x00000000080064c4       0x48 c:/st/stm32cubeide_1.2.0/stm32cubeide/plugins/com.st.stm32cube.ide.mcu.externaltools.gnu-tools-for-stm32.7-2018-q2-update.win32_1.4.0.202007081208/tools/bin/../lib/gcc/arm-none-eabi/7.3.1/../../../../arm-none-eabi/lib/thumb/v7e-m/fpv4-sp/hard\libc_nano.a(lib_a-init.o)
                0x00000000080064c4                __libc_init_array
 .text.memcpy   0x000000000800650c       0x16 c:/st/stm32cubeide_1.2.0/stm32cubeide/plugins/com.st.stm32cube.ide.mcu.externaltools.gnu-tools-for-stm32.7-2018-q2-update.win32_1.4.0.202007081208/tools/bin/../lib/gcc/arm-none-eabi/7.3.1/../../../../arm-none-eabi/lib/thumb/v7e-m/fpv4-sp/hard\libc_nano.a(lib_a-memcpy-stub.o)
                0x000000000800650c                memcpy
 .text.memset   0x0000000008006522       0x10 c:/st/stm32cubeide_1.2.0/stm32cubeide/plugins/com.st.stm32cube.ide.mcu.externaltools.gnu-tools-for-stm32.7-2018-q2-update.win32_1.4.0.202007081208/tools/bin/../lib/gcc/arm-none-eabi/7.3.1/../../../../arm-none-eabi/lib/thumb/v7e-m/fpv4-sp/hard\libc_nano.a(lib_a-memset.o)
                0x0000000008006522                memset
 *(.glue_7)
 .glue_7        0x0000000008006532        0x0 linker stubs
 *(.glue_7t)
 .glue_7t       0x0000000008006532        0x0 linker stubs
 *(.eh_frame)
 *fill*         0x0000000008006532        0x2 
 .eh_frame      0x0000000008006534        0x0 c:/st/stm32cubeide_1.2.0/stm32cubeide/plugins/com.st.stm32cube.ide.mcu.externaltools.gnu-tools-for-stm32.7-2018-q2-update.win32_1.4.0.202007081208/tools/bin/../lib/gcc/arm-none-eabi/7.3.1/thumb/v7e-m/fpv4-sp/hard/crtbegin.o
 *(.init)
 .init          0x0000000008006534        0x4 c:/st/stm32cubeide_1.2.0/stm32cubeide/plugins/com.st.stm32cube.ide.mcu.externaltools.gnu-tools-for-stm32.7-2018-q2-update.win32_1.4.0.202007081208/tools/bin/../lib/gcc/arm-none-eabi/7.3.1/thumb/v7e-m/fpv4-sp/hard/crti.o
                0x0000000008006534                _init
 .init          0x0000000008006538        0x8 c:/st/stm32cubeide_1.2.0/stm32cubeide/plugins/com.st.stm32cube.ide.mcu.externaltools.gnu-tools-for-stm32.7-2018-q2-update.win32_1.4.0.202007081208/tools/bin/../lib/gcc/arm-none-eabi/7.3.1/thumb/v7e-m/fpv4-sp/hard/crtn.o
 *(.fini)
 .fini          0x0000000008006540        0x4 c:/st/stm32cubeide_1.2.0/stm32cubeide/plugins/com.st.stm32cube.ide.mcu.externaltools.gnu-tools-for-stm32.7-2018-q2-update.win32_1.4.0.202007081208/tools/bin/../lib/gcc/arm-none-eabi/7.3.1/thumb/v7e-m/fpv4-sp/hard/crti.o
                0x0000000008006540                _fini
 .fini          0x0000000008006544        0x8 c:/st/stm32cubeide_1.2.0/stm32cubeide/plugins/com.st.stm32cube.ide.mcu.externaltools.gnu-tools-for-stm32.7-2018-q2-update.win32_1.4.0.202007081208/tools/bin/../lib/gcc/arm-none-eabi/7.3.1/thumb/v7e-m/fpv4-sp/hard/crtn.o
                0x000000000800654c                . = ALIGN (0x4)
                0x000000000800654c                _etext = .

.vfp11_veneer   0x000000000800654c        0x0
 .vfp11_veneer  0x000000000800654c        0x0 linker stubs

.v4_bx          0x000000000800654c        0x0
 .v4_bx         0x000000000800654c        0x0 linker stubs

.iplt           0x000000000800654c        0x0
 .iplt          0x000000000800654c        0x0 c:/st/stm32cubeide_1.2.0/stm32cubeide/plugins/com.st.stm32cube.ide.mcu.externaltools.gnu-tools-for-stm32.7-2018-q2-update.win32_1.4.0.202007081208/tools/bin/../lib/gcc/arm-none-eabi/7.3.1/thumb/v7e-m/fpv4-sp/hard/crtbegin.o

.rodata         0x000000000800654c       0x34
                0x000000000800654c                . = ALIGN (0x4)
 *(.rodata)
 *(.rodata*)
 .rodata.w8731_init_data
                0x000000000800654c       0x14 Core/Src/codec_WM8731.o
                0x000000000800654c                w8731_init_data
 .rodata.AHBPrescTable
                0x0000000008006560       0x10 Core/Src/system_stm32f4xx.o
                0x0000000008006560                AHBPrescTable
 .rodata.APBPrescTable
                0x0000000008006570        0x8 Core/Src/system_stm32f4xx.o
                0x0000000008006570                APBPrescTable
 .rodata.flagBitshiftOffset.8796
                0x0000000008006578        0x8 Drivers/STM32F4xx_HAL_Driver/Src/stm32f4xx_hal_dma.o
                0x0000000008006580                . = ALIGN (0x4)

.ARM.extab      0x0000000008006580        0x0
                0x0000000008006580                . = ALIGN (0x4)
 *(.ARM.extab* .gnu.linkonce.armextab.*)
                0x0000000008006580                . = ALIGN (0x4)

.ARM            0x0000000008006580        0x8
                0x0000000008006580                . = ALIGN (0x4)
                0x0000000008006580                __exidx_start = .
 *(.ARM.exidx*)
 .ARM.exidx     0x0000000008006580        0x8 c:/st/stm32cubeide_1.2.0/stm32cubeide/plugins/com.st.stm32cube.ide.mcu.externaltools.gnu-tools-for-stm32.7-2018-q2-update.win32_1.4.0.202007081208/tools/bin/../lib/gcc/arm-none-eabi/7.3.1/thumb/v7e-m/fpv4-sp/hard\libgcc.a(_udivmoddi4.o)
                0x0000000008006588                __exidx_end = .
                0x0000000008006588                . = ALIGN (0x4)

.rel.dyn        0x0000000008006588        0x0
 .rel.iplt      0x0000000008006588        0x0 c:/st/stm32cubeide_1.2.0/stm32cubeide/plugins/com.st.stm32cube.ide.mcu.externaltools.gnu-tools-for-stm32.7-2018-q2-update.win32_1.4.0.202007081208/tools/bin/../lib/gcc/arm-none-eabi/7.3.1/thumb/v7e-m/fpv4-sp/hard/crtbegin.o

.preinit_array  0x0000000008006588        0x0
                0x0000000008006588                . = ALIGN (0x4)
                0x0000000008006588                PROVIDE (__preinit_array_start = .)
 *(.preinit_array*)
                0x0000000008006588                PROVIDE (__preinit_array_end = .)
                0x0000000008006588                . = ALIGN (0x4)

.init_array     0x0000000008006588        0x4
                0x0000000008006588                . = ALIGN (0x4)
                0x0000000008006588                PROVIDE (__init_array_start = .)
 *(SORT_BY_NAME(.init_array.*))
 *(.init_array*)
 .init_array    0x0000000008006588        0x4 c:/st/stm32cubeide_1.2.0/stm32cubeide/plugins/com.st.stm32cube.ide.mcu.externaltools.gnu-tools-for-stm32.7-2018-q2-update.win32_1.4.0.202007081208/tools/bin/../lib/gcc/arm-none-eabi/7.3.1/thumb/v7e-m/fpv4-sp/hard/crtbegin.o
                0x000000000800658c                PROVIDE (__init_array_end = .)
                0x000000000800658c                . = ALIGN (0x4)

.fini_array     0x000000000800658c        0x4
                0x000000000800658c                . = ALIGN (0x4)
                [!provide]                        PROVIDE (__fini_array_start = .)
 *(SORT_BY_NAME(.fini_array.*))
 *(.fini_array*)
 .fini_array    0x000000000800658c        0x4 c:/st/stm32cubeide_1.2.0/stm32cubeide/plugins/com.st.stm32cube.ide.mcu.externaltools.gnu-tools-for-stm32.7-2018-q2-update.win32_1.4.0.202007081208/tools/bin/../lib/gcc/arm-none-eabi/7.3.1/thumb/v7e-m/fpv4-sp/hard/crtbegin.o
                [!provide]                        PROVIDE (__fini_array_end = .)
                0x0000000008006590                . = ALIGN (0x4)
                0x0000000008006590                _sidata = LOADADDR (.data)

.data           0x0000000020000000     0xebac load address 0x0000000008006590
                0x0000000020000000                . = ALIGN (0x4)
                0x0000000020000000                _sdata = .
 *(.data)
 *(.data*)
 .data.band1_coeff
                0x0000000020000000     0x2f1c Core/Src/main.o
                0x0000000020000000                band1_coeff
 .data.band2_coeff
                0x0000000020002f1c     0x2f1c Core/Src/main.o
                0x0000000020002f1c                band2_coeff
 .data.band3_coeff
                0x0000000020005e38     0x2f1c Core/Src/main.o
                0x0000000020005e38                band3_coeff
 .data.band4_coeff
                0x0000000020008d54     0x2f1c Core/Src/main.o
                0x0000000020008d54                band4_coeff
 .data.band5_coeff
                0x000000002000bc70     0x2f1c Core/Src/main.o
                0x000000002000bc70                band5_coeff
 .data.gainDB   0x000000002000eb8c       0x14 Core/Src/main.o
                0x000000002000eb8c                gainDB
 .data.SystemCoreClock
                0x000000002000eba0        0x4 Core/Src/system_stm32f4xx.o
                0x000000002000eba0                SystemCoreClock
 .data.uwTickPrio
                0x000000002000eba4        0x4 Drivers/STM32F4xx_HAL_Driver/Src/stm32f4xx_hal.o
                0x000000002000eba4                uwTickPrio
 .data.uwTickFreq
                0x000000002000eba8        0x1 Drivers/STM32F4xx_HAL_Driver/Src/stm32f4xx_hal.o
                0x000000002000eba8                uwTickFreq
                0x000000002000ebac                . = ALIGN (0x4)
 *fill*         0x000000002000eba9        0x3 
                0x000000002000ebac                _edata = .

.igot.plt       0x000000002000ebac        0x0 load address 0x000000000801513c
 .igot.plt      0x000000002000ebac        0x0 c:/st/stm32cubeide_1.2.0/stm32cubeide/plugins/com.st.stm32cube.ide.mcu.externaltools.gnu-tools-for-stm32.7-2018-q2-update.win32_1.4.0.202007081208/tools/bin/../lib/gcc/arm-none-eabi/7.3.1/thumb/v7e-m/fpv4-sp/hard/crtbegin.o
                0x000000002000ebac                . = ALIGN (0x4)

.bss            0x000000002000ebac     0x1418 load address 0x000000000801513c
                0x000000002000ebac                _sbss = .
                0x000000002000ebac                __bss_start__ = _sbss
 *(.bss)
 .bss           0x000000002000ebac       0x1c c:/st/stm32cubeide_1.2.0/stm32cubeide/plugins/com.st.stm32cube.ide.mcu.externaltools.gnu-tools-for-stm32.7-2018-q2-update.win32_1.4.0.202007081208/tools/bin/../lib/gcc/arm-none-eabi/7.3.1/thumb/v7e-m/fpv4-sp/hard/crtbegin.o
 *(.bss*)
 .bss.i2cx      0x000000002000ebc8       0x54 Core/Src/codec_WM8731.o
 .bss.iData     0x000000002000ec1c        0x2 Core/Src/codec_WM8731.o
 *fill*         0x000000002000ec1e        0x2 
 .bss.HAL_RCC_DFSDM1_CLK_ENABLED
                0x000000002000ec20        0x4 Core/Src/dfsdm.o
 .bss.DFSDM1_Init
                0x000000002000ec24        0x4 Core/Src/dfsdm.o
 .bss.RightRecBuff
                0x000000002000ec28      0x320 Core/Src/main.o
                0x000000002000ec28                RightRecBuff
 .bss.txBuf     0x000000002000ef48      0x640 Core/Src/main.o
                0x000000002000ef48                txBuf
 .bss.DmaRightRecHalfBuffCplt
                0x000000002000f588        0x1 Core/Src/main.o
                0x000000002000f588                DmaRightRecHalfBuffCplt
 .bss.DmaRightRecBuffCplt
                0x000000002000f589        0x1 Core/Src/main.o
                0x000000002000f589                DmaRightRecBuffCplt
 .bss.PlaybackStarted
                0x000000002000f58a        0x1 Core/Src/main.o
                0x000000002000f58a                PlaybackStarted
 *fill*         0x000000002000f58b        0x1 
 .bss.v_dfsdm1ChannelCounter
                0x000000002000f58c        0x4 Drivers/STM32F4xx_HAL_Driver/Src/stm32f4xx_hal_dfsdm.o
                0x000000002000f58c                v_dfsdm1ChannelCounter
 .bss.a_dfsdm1ChannelHandle
                0x000000002000f590       0x10 Drivers/STM32F4xx_HAL_Driver/Src/stm32f4xx_hal_dfsdm.o
                0x000000002000f590                a_dfsdm1ChannelHandle
 .bss.v_dfsdm2ChannelCounter
                0x000000002000f5a0        0x4 Drivers/STM32F4xx_HAL_Driver/Src/stm32f4xx_hal_dfsdm.o
                0x000000002000f5a0                v_dfsdm2ChannelCounter
 .bss.a_dfsdm2ChannelHandle
                0x000000002000f5a4       0x20 Drivers/STM32F4xx_HAL_Driver/Src/stm32f4xx_hal_dfsdm.o
                0x000000002000f5a4                a_dfsdm2ChannelHandle
 *(COMMON)
 COMMON         0x000000002000f5c4       0xec Core/Src/dfsdm.o
                0x000000002000f5c4                hdfsdm1_channel1
                0x000000002000f5fc                hdfsdm1_filter0
                0x000000002000f650                hdma_dfsdm1_flt0
 COMMON         0x000000002000f6b0       0x54 Core/Src/i2c.o
                0x000000002000f6b0                hi2c1
 COMMON         0x000000002000f704       0xa8 Core/Src/i2s.o
                0x000000002000f704                hdma_spi3_tx
                0x000000002000f764                hi2s3
 COMMON         0x000000002000f7ac      0x774 Core/Src/main.o
                0x000000002000f7ac                S3
                0x000000002000f7b8                biquadStateBand1
                0x000000002000f7e8                Uart_array
                0x000000002000f7ec                S1
                0x000000002000f7f8                biquadStateBand3
                0x000000002000f828                i
                0x000000002000f82c                buf_out
                0x000000002000fb4c                biquadStateBand5
                0x000000002000fb7c                S4
                0x000000002000fb88                S2
                0x000000002000fb94                biquadStateBand2
                0x000000002000fbc4                buf_in
                0x000000002000fee4                S5
                0x000000002000fef0                biquadStateBand4
 COMMON         0x000000002000ff20       0xa0 Core/Src/usart.o
                0x000000002000ff20                huart5
                0x000000002000ff60                hdma_uart5_rx
 COMMON         0x000000002000ffc0        0x4 Drivers/STM32F4xx_HAL_Driver/Src/stm32f4xx_hal.o
                0x000000002000ffc0                uwTick
                0x000000002000ffc4                . = ALIGN (0x4)
                0x000000002000ffc4                _ebss = .
                0x000000002000ffc4                __bss_end__ = _ebss

._user_heap_stack
                0x000000002000ffc4      0x604 load address 0x000000000801513c
                0x000000002000ffc8                . = ALIGN (0x8)
 *fill*         0x000000002000ffc4        0x4 
                0x000000002000ffc8                PROVIDE (end = .)
                [!provide]                        PROVIDE (_end = .)
                0x00000000200101c8                . = (. + _Min_Heap_Size)
 *fill*         0x000000002000ffc8      0x200 
                0x00000000200105c8                . = (. + _Min_Stack_Size)
 *fill*         0x00000000200101c8      0x400 
                0x00000000200105c8                . = ALIGN (0x8)

/DISCARD/
 libc.a(*)
 libm.a(*)
 libgcc.a(*)

.ARM.attributes
                0x0000000000000000       0x30
 *(.ARM.attributes)
 .ARM.attributes
                0x0000000000000000       0x22 c:/st/stm32cubeide_1.2.0/stm32cubeide/plugins/com.st.stm32cube.ide.mcu.externaltools.gnu-tools-for-stm32.7-2018-q2-update.win32_1.4.0.202007081208/tools/bin/../lib/gcc/arm-none-eabi/7.3.1/thumb/v7e-m/fpv4-sp/hard/crti.o
 .ARM.attributes
                0x0000000000000022       0x34 c:/st/stm32cubeide_1.2.0/stm32cubeide/plugins/com.st.stm32cube.ide.mcu.externaltools.gnu-tools-for-stm32.7-2018-q2-update.win32_1.4.0.202007081208/tools/bin/../lib/gcc/arm-none-eabi/7.3.1/thumb/v7e-m/fpv4-sp/hard/crtbegin.o
 .ARM.attributes
                0x0000000000000056       0x39 Core/Src/codec_WM8731.o
 .ARM.attributes
                0x000000000000008f       0x39 Core/Src/dfsdm.o
 .ARM.attributes
                0x00000000000000c8       0x39 Core/Src/dma.o
 .ARM.attributes
                0x0000000000000101       0x39 Core/Src/gpio.o
 .ARM.attributes
                0x000000000000013a       0x39 Core/Src/i2c.o
 .ARM.attributes
                0x0000000000000173       0x39 Core/Src/i2s.o
 .ARM.attributes
                0x00000000000001ac       0x39 Core/Src/main.o
 .ARM.attributes
                0x00000000000001e5       0x39 Core/Src/stm32f4xx_hal_msp.o
 .ARM.attributes
                0x000000000000021e       0x39 Core/Src/stm32f4xx_it.o
 .ARM.attributes
                0x0000000000000257       0x39 Core/Src/system_stm32f4xx.o
 .ARM.attributes
                0x0000000000000290       0x39 Core/Src/usart.o
 .ARM.attributes
                0x00000000000002c9       0x21 Core/Startup/startup_stm32f413cgux.o
 .ARM.attributes
                0x00000000000002ea       0x39 Drivers/STM32F4xx_HAL_Driver/Src/stm32f4xx_hal.o
 .ARM.attributes
                0x0000000000000323       0x39 Drivers/STM32F4xx_HAL_Driver/Src/stm32f4xx_hal_cortex.o
 .ARM.attributes
                0x000000000000035c       0x39 Drivers/STM32F4xx_HAL_Driver/Src/stm32f4xx_hal_dfsdm.o
 .ARM.attributes
                0x0000000000000395       0x39 Drivers/STM32F4xx_HAL_Driver/Src/stm32f4xx_hal_dma.o
 .ARM.attributes
                0x00000000000003ce       0x39 Drivers/STM32F4xx_HAL_Driver/Src/stm32f4xx_hal_gpio.o
 .ARM.attributes
                0x0000000000000407       0x39 Drivers/STM32F4xx_HAL_Driver/Src/stm32f4xx_hal_i2c.o
 .ARM.attributes
                0x0000000000000440       0x39 Drivers/STM32F4xx_HAL_Driver/Src/stm32f4xx_hal_i2s.o
 .ARM.attributes
                0x0000000000000479       0x39 Drivers/STM32F4xx_HAL_Driver/Src/stm32f4xx_hal_i2s_ex.o
 .ARM.attributes
                0x00000000000004b2       0x39 Drivers/STM32F4xx_HAL_Driver/Src/stm32f4xx_hal_rcc.o
 .ARM.attributes
                0x00000000000004eb       0x39 Drivers/STM32F4xx_HAL_Driver/Src/stm32f4xx_hal_rcc_ex.o
 .ARM.attributes
                0x0000000000000524       0x39 Drivers/STM32F4xx_HAL_Driver/Src/stm32f4xx_hal_uart.o
 .ARM.attributes
                0x000000000000055d       0x34 ../DSP\libarm_cortexM4lf_math.a(arm_biquad_cascade_df2t_f32.o)
 .ARM.attributes
                0x0000000000000591       0x34 ../DSP\libarm_cortexM4lf_math.a(arm_biquad_cascade_df2t_init_f32.o)
 .ARM.attributes
                0x00000000000005c5       0x34 c:/st/stm32cubeide_1.2.0/stm32cubeide/plugins/com.st.stm32cube.ide.mcu.externaltools.gnu-tools-for-stm32.7-2018-q2-update.win32_1.4.0.202007081208/tools/bin/../lib/gcc/arm-none-eabi/7.3.1/../../../../arm-none-eabi/lib/thumb/v7e-m/fpv4-sp/hard\libc_nano.a(lib_a-init.o)
 .ARM.attributes
                0x00000000000005f9       0x34 c:/st/stm32cubeide_1.2.0/stm32cubeide/plugins/com.st.stm32cube.ide.mcu.externaltools.gnu-tools-for-stm32.7-2018-q2-update.win32_1.4.0.202007081208/tools/bin/../lib/gcc/arm-none-eabi/7.3.1/../../../../arm-none-eabi/lib/thumb/v7e-m/fpv4-sp/hard\libc_nano.a(lib_a-memcpy-stub.o)
 .ARM.attributes
                0x000000000000062d       0x34 c:/st/stm32cubeide_1.2.0/stm32cubeide/plugins/com.st.stm32cube.ide.mcu.externaltools.gnu-tools-for-stm32.7-2018-q2-update.win32_1.4.0.202007081208/tools/bin/../lib/gcc/arm-none-eabi/7.3.1/../../../../arm-none-eabi/lib/thumb/v7e-m/fpv4-sp/hard\libc_nano.a(lib_a-memset.o)
 .ARM.attributes
                0x0000000000000661       0x22 c:/st/stm32cubeide_1.2.0/stm32cubeide/plugins/com.st.stm32cube.ide.mcu.externaltools.gnu-tools-for-stm32.7-2018-q2-update.win32_1.4.0.202007081208/tools/bin/../lib/gcc/arm-none-eabi/7.3.1/thumb/v7e-m/fpv4-sp/hard\libgcc.a(_aeabi_uldivmod.o)
 .ARM.attributes
                0x0000000000000683       0x34 c:/st/stm32cubeide_1.2.0/stm32cubeide/plugins/com.st.stm32cube.ide.mcu.externaltools.gnu-tools-for-stm32.7-2018-q2-update.win32_1.4.0.202007081208/tools/bin/../lib/gcc/arm-none-eabi/7.3.1/thumb/v7e-m/fpv4-sp/hard\libgcc.a(_udivmoddi4.o)
 .ARM.attributes
                0x00000000000006b7       0x22 c:/st/stm32cubeide_1.2.0/stm32cubeide/plugins/com.st.stm32cube.ide.mcu.externaltools.gnu-tools-for-stm32.7-2018-q2-update.win32_1.4.0.202007081208/tools/bin/../lib/gcc/arm-none-eabi/7.3.1/thumb/v7e-m/fpv4-sp/hard\libgcc.a(_dvmd_tls.o)
 .ARM.attributes
                0x00000000000006d9       0x22 c:/st/stm32cubeide_1.2.0/stm32cubeide/plugins/com.st.stm32cube.ide.mcu.externaltools.gnu-tools-for-stm32.7-2018-q2-update.win32_1.4.0.202007081208/tools/bin/../lib/gcc/arm-none-eabi/7.3.1/thumb/v7e-m/fpv4-sp/hard/crtn.o
OUTPUT(STM32F413CG_DFSDM.elf elf32-littlearm)

.debug_info     0x0000000000000000    0x13987
 .debug_info    0x0000000000000000      0xa8f Core/Src/codec_WM8731.o
 .debug_info    0x0000000000000a8f      0xd30 Core/Src/dfsdm.o
 .debug_info    0x00000000000017bf      0x608 Core/Src/dma.o
 .debug_info    0x0000000000001dc7      0x4e0 Core/Src/gpio.o
 .debug_info    0x00000000000022a7      0xa1e Core/Src/i2c.o
 .debug_info    0x0000000000002cc5      0x9ed Core/Src/i2s.o
 .debug_info    0x00000000000036b2     0x23e1 Core/Src/main.o
 .debug_info    0x0000000000005a93      0x396 Core/Src/stm32f4xx_hal_msp.o
 .debug_info    0x0000000000005e29      0x6d9 Core/Src/stm32f4xx_it.o
 .debug_info    0x0000000000006502      0x588 Core/Src/system_stm32f4xx.o
 .debug_info    0x0000000000006a8a      0xc01 Core/Src/usart.o
 .debug_info    0x000000000000768b       0x22 Core/Startup/startup_stm32f413cgux.o
 .debug_info    0x00000000000076ad      0x9c7 Drivers/STM32F4xx_HAL_Driver/Src/stm32f4xx_hal.o
 .debug_info    0x0000000000008074      0xe76 Drivers/STM32F4xx_HAL_Driver/Src/stm32f4xx_hal_cortex.o
 .debug_info    0x0000000000008eea     0x1fa2 Drivers/STM32F4xx_HAL_Driver/Src/stm32f4xx_hal_dfsdm.o
 .debug_info    0x000000000000ae8c      0x968 Drivers/STM32F4xx_HAL_Driver/Src/stm32f4xx_hal_dma.o
 .debug_info    0x000000000000b7f4      0x81d Drivers/STM32F4xx_HAL_Driver/Src/stm32f4xx_hal_gpio.o
 .debug_info    0x000000000000c011     0x23c2 Drivers/STM32F4xx_HAL_Driver/Src/stm32f4xx_hal_i2c.o
 .debug_info    0x000000000000e3d3      0xe5e Drivers/STM32F4xx_HAL_Driver/Src/stm32f4xx_hal_i2s.o
 .debug_info    0x000000000000f231      0xb76 Drivers/STM32F4xx_HAL_Driver/Src/stm32f4xx_hal_i2s_ex.o
 .debug_info    0x000000000000fda7      0x944 Drivers/STM32F4xx_HAL_Driver/Src/stm32f4xx_hal_rcc.o
 .debug_info    0x00000000000106eb      0x873 Drivers/STM32F4xx_HAL_Driver/Src/stm32f4xx_hal_rcc_ex.o
 .debug_info    0x0000000000010f5e     0x124c Drivers/STM32F4xx_HAL_Driver/Src/stm32f4xx_hal_uart.o
 .debug_info    0x00000000000121aa      0xc72 ../DSP\libarm_cortexM4lf_math.a(arm_biquad_cascade_df2t_f32.o)
 .debug_info    0x0000000000012e1c      0xb6b ../DSP\libarm_cortexM4lf_math.a(arm_biquad_cascade_df2t_init_f32.o)

.debug_abbrev   0x0000000000000000     0x2c96
 .debug_abbrev  0x0000000000000000      0x18d Core/Src/codec_WM8731.o
 .debug_abbrev  0x000000000000018d      0x1aa Core/Src/dfsdm.o
 .debug_abbrev  0x0000000000000337      0x112 Core/Src/dma.o
 .debug_abbrev  0x0000000000000449      0x134 Core/Src/gpio.o
 .debug_abbrev  0x000000000000057d      0x199 Core/Src/i2c.o
 .debug_abbrev  0x0000000000000716      0x1aa Core/Src/i2s.o
 .debug_abbrev  0x00000000000008c0      0x292 Core/Src/main.o
 .debug_abbrev  0x0000000000000b52      0x109 Core/Src/stm32f4xx_hal_msp.o
 .debug_abbrev  0x0000000000000c5b      0x149 Core/Src/stm32f4xx_it.o
 .debug_abbrev  0x0000000000000da4      0x12b Core/Src/system_stm32f4xx.o
 .debug_abbrev  0x0000000000000ecf      0x1b3 Core/Src/usart.o
 .debug_abbrev  0x0000000000001082       0x12 Core/Startup/startup_stm32f413cgux.o
 .debug_abbrev  0x0000000000001094      0x1c7 Drivers/STM32F4xx_HAL_Driver/Src/stm32f4xx_hal.o
 .debug_abbrev  0x000000000000125b      0x2fa Drivers/STM32F4xx_HAL_Driver/Src/stm32f4xx_hal_cortex.o
 .debug_abbrev  0x0000000000001555      0x24a Drivers/STM32F4xx_HAL_Driver/Src/stm32f4xx_hal_dfsdm.o
 .debug_abbrev  0x000000000000179f      0x229 Drivers/STM32F4xx_HAL_Driver/Src/stm32f4xx_hal_dma.o
 .debug_abbrev  0x00000000000019c8      0x1c9 Drivers/STM32F4xx_HAL_Driver/Src/stm32f4xx_hal_gpio.o
 .debug_abbrev  0x0000000000001b91      0x254 Drivers/STM32F4xx_HAL_Driver/Src/stm32f4xx_hal_i2c.o
 .debug_abbrev  0x0000000000001de5      0x21b Drivers/STM32F4xx_HAL_Driver/Src/stm32f4xx_hal_i2s.o
 .debug_abbrev  0x0000000000002000      0x246 Drivers/STM32F4xx_HAL_Driver/Src/stm32f4xx_hal_i2s_ex.o
 .debug_abbrev  0x0000000000002246      0x245 Drivers/STM32F4xx_HAL_Driver/Src/stm32f4xx_hal_rcc.o
 .debug_abbrev  0x000000000000248b      0x19e Drivers/STM32F4xx_HAL_Driver/Src/stm32f4xx_hal_rcc_ex.o
 .debug_abbrev  0x0000000000002629      0x242 Drivers/STM32F4xx_HAL_Driver/Src/stm32f4xx_hal_uart.o
 .debug_abbrev  0x000000000000286b      0x215 ../DSP\libarm_cortexM4lf_math.a(arm_biquad_cascade_df2t_f32.o)
 .debug_abbrev  0x0000000000002a80      0x216 ../DSP\libarm_cortexM4lf_math.a(arm_biquad_cascade_df2t_init_f32.o)

.debug_aranges  0x0000000000000000      0xf30
 .debug_aranges
                0x0000000000000000       0x28 Core/Src/codec_WM8731.o
 .debug_aranges
                0x0000000000000028       0x40 Core/Src/dfsdm.o
 .debug_aranges
                0x0000000000000068       0x20 Core/Src/dma.o
 .debug_aranges
                0x0000000000000088       0x20 Core/Src/gpio.o
 .debug_aranges
                0x00000000000000a8       0x30 Core/Src/i2c.o
 .debug_aranges
                0x00000000000000d8       0x30 Core/Src/i2s.o
 .debug_aranges
                0x0000000000000108       0x50 Core/Src/main.o
 .debug_aranges
                0x0000000000000158       0x20 Core/Src/stm32f4xx_hal_msp.o
 .debug_aranges
                0x0000000000000178       0x80 Core/Src/stm32f4xx_it.o
 .debug_aranges
                0x00000000000001f8       0x28 Core/Src/system_stm32f4xx.o
 .debug_aranges
                0x0000000000000220       0x30 Core/Src/usart.o
 .debug_aranges
                0x0000000000000250       0x28 Core/Startup/startup_stm32f413cgux.o
 .debug_aranges
                0x0000000000000278       0xf0 Drivers/STM32F4xx_HAL_Driver/Src/stm32f4xx_hal.o
 .debug_aranges
                0x0000000000000368      0x118 Drivers/STM32F4xx_HAL_Driver/Src/stm32f4xx_hal_cortex.o
 .debug_aranges
                0x0000000000000480      0x2a8 Drivers/STM32F4xx_HAL_Driver/Src/stm32f4xx_hal_dfsdm.o
 .debug_aranges
                0x0000000000000728       0x90 Drivers/STM32F4xx_HAL_Driver/Src/stm32f4xx_hal_dma.o
 .debug_aranges
                0x00000000000007b8       0x58 Drivers/STM32F4xx_HAL_Driver/Src/stm32f4xx_hal_gpio.o
 .debug_aranges
                0x0000000000000810      0x298 Drivers/STM32F4xx_HAL_Driver/Src/stm32f4xx_hal_i2c.o
 .debug_aranges
                0x0000000000000aa8      0x108 Drivers/STM32F4xx_HAL_Driver/Src/stm32f4xx_hal_i2s.o
 .debug_aranges
                0x0000000000000bb0       0x88 Drivers/STM32F4xx_HAL_Driver/Src/stm32f4xx_hal_i2s_ex.o
 .debug_aranges
                0x0000000000000c38       0x88 Drivers/STM32F4xx_HAL_Driver/Src/stm32f4xx_hal_rcc.o
 .debug_aranges
                0x0000000000000cc0       0x60 Drivers/STM32F4xx_HAL_Driver/Src/stm32f4xx_hal_rcc_ex.o
 .debug_aranges
                0x0000000000000d20      0x1d0 Drivers/STM32F4xx_HAL_Driver/Src/stm32f4xx_hal_uart.o
 .debug_aranges
                0x0000000000000ef0       0x20 ../DSP\libarm_cortexM4lf_math.a(arm_biquad_cascade_df2t_f32.o)
 .debug_aranges
                0x0000000000000f10       0x20 ../DSP\libarm_cortexM4lf_math.a(arm_biquad_cascade_df2t_init_f32.o)

.debug_ranges   0x0000000000000000      0xdc8
 .debug_ranges  0x0000000000000000       0x18 Core/Src/codec_WM8731.o
 .debug_ranges  0x0000000000000018       0x30 Core/Src/dfsdm.o
 .debug_ranges  0x0000000000000048       0x10 Core/Src/dma.o
 .debug_ranges  0x0000000000000058       0x10 Core/Src/gpio.o
 .debug_ranges  0x0000000000000068       0x20 Core/Src/i2c.o
 .debug_ranges  0x0000000000000088       0x20 Core/Src/i2s.o
 .debug_ranges  0x00000000000000a8       0x40 Core/Src/main.o
 .debug_ranges  0x00000000000000e8       0x10 Core/Src/stm32f4xx_hal_msp.o
 .debug_ranges  0x00000000000000f8       0x70 Core/Src/stm32f4xx_it.o
 .debug_ranges  0x0000000000000168       0x18 Core/Src/system_stm32f4xx.o
 .debug_ranges  0x0000000000000180       0x20 Core/Src/usart.o
 .debug_ranges  0x00000000000001a0       0x20 Core/Startup/startup_stm32f413cgux.o
 .debug_ranges  0x00000000000001c0       0xe0 Drivers/STM32F4xx_HAL_Driver/Src/stm32f4xx_hal.o
 .debug_ranges  0x00000000000002a0      0x108 Drivers/STM32F4xx_HAL_Driver/Src/stm32f4xx_hal_cortex.o
 .debug_ranges  0x00000000000003a8      0x298 Drivers/STM32F4xx_HAL_Driver/Src/stm32f4xx_hal_dfsdm.o
 .debug_ranges  0x0000000000000640       0x80 Drivers/STM32F4xx_HAL_Driver/Src/stm32f4xx_hal_dma.o
 .debug_ranges  0x00000000000006c0       0x48 Drivers/STM32F4xx_HAL_Driver/Src/stm32f4xx_hal_gpio.o
 .debug_ranges  0x0000000000000708      0x2a8 Drivers/STM32F4xx_HAL_Driver/Src/stm32f4xx_hal_i2c.o
 .debug_ranges  0x00000000000009b0       0xf8 Drivers/STM32F4xx_HAL_Driver/Src/stm32f4xx_hal_i2s.o
 .debug_ranges  0x0000000000000aa8       0x78 Drivers/STM32F4xx_HAL_Driver/Src/stm32f4xx_hal_i2s_ex.o
 .debug_ranges  0x0000000000000b20       0x78 Drivers/STM32F4xx_HAL_Driver/Src/stm32f4xx_hal_rcc.o
 .debug_ranges  0x0000000000000b98       0x50 Drivers/STM32F4xx_HAL_Driver/Src/stm32f4xx_hal_rcc_ex.o
 .debug_ranges  0x0000000000000be8      0x1c0 Drivers/STM32F4xx_HAL_Driver/Src/stm32f4xx_hal_uart.o
 .debug_ranges  0x0000000000000da8       0x10 ../DSP\libarm_cortexM4lf_math.a(arm_biquad_cascade_df2t_f32.o)
 .debug_ranges  0x0000000000000db8       0x10 ../DSP\libarm_cortexM4lf_math.a(arm_biquad_cascade_df2t_init_f32.o)

.debug_macro    0x0000000000000000    0x230e9
 .debug_macro   0x0000000000000000      0x22c Core/Src/codec_WM8731.o
 .debug_macro   0x000000000000022c      0xa60 Core/Src/codec_WM8731.o
 .debug_macro   0x0000000000000c8c       0x2e Core/Src/codec_WM8731.o
 .debug_macro   0x0000000000000cba       0x28 Core/Src/codec_WM8731.o
 .debug_macro   0x0000000000000ce2       0x22 Core/Src/codec_WM8731.o
 .debug_macro   0x0000000000000d04       0x8e Core/Src/codec_WM8731.o
 .debug_macro   0x0000000000000d92       0x51 Core/Src/codec_WM8731.o
 .debug_macro   0x0000000000000de3       0xef Core/Src/codec_WM8731.o
 .debug_macro   0x0000000000000ed2       0x6a Core/Src/codec_WM8731.o
 .debug_macro   0x0000000000000f3c      0x1df Core/Src/codec_WM8731.o
 .debug_macro   0x000000000000111b       0x1c Core/Src/codec_WM8731.o
 .debug_macro   0x0000000000001137       0x22 Core/Src/codec_WM8731.o
 .debug_macro   0x0000000000001159       0xdf Core/Src/codec_WM8731.o
 .debug_macro   0x0000000000001238     0x102d Core/Src/codec_WM8731.o
 .debug_macro   0x0000000000002265      0x11f Core/Src/codec_WM8731.o
 .debug_macro   0x0000000000002384    0x15a6f Core/Src/codec_WM8731.o
 .debug_macro   0x0000000000017df3       0x43 Core/Src/codec_WM8731.o
 .debug_macro   0x0000000000017e36      0x2a6 Core/Src/codec_WM8731.o
 .debug_macro   0x00000000000180dc     0x3659 Core/Src/codec_WM8731.o
 .debug_macro   0x000000000001b735      0x174 Core/Src/codec_WM8731.o
 .debug_macro   0x000000000001b8a9       0x5a Core/Src/codec_WM8731.o
 .debug_macro   0x000000000001b903      0xcdd Core/Src/codec_WM8731.o
 .debug_macro   0x000000000001c5e0      0x9fe Core/Src/codec_WM8731.o
 .debug_macro   0x000000000001cfde      0x117 Core/Src/codec_WM8731.o
 .debug_macro   0x000000000001d0f5      0x202 Core/Src/codec_WM8731.o
 .debug_macro   0x000000000001d2f7       0x27 Core/Src/codec_WM8731.o
 .debug_macro   0x000000000001d31e      0x173 Core/Src/codec_WM8731.o
 .debug_macro   0x000000000001d491      0x2bf Core/Src/codec_WM8731.o
 .debug_macro   0x000000000001d750       0x5f Core/Src/codec_WM8731.o
 .debug_macro   0x000000000001d7af      0x236 Core/Src/codec_WM8731.o
 .debug_macro   0x000000000001d9e5      0x132 Core/Src/codec_WM8731.o
 .debug_macro   0x000000000001db17      0x30c Core/Src/codec_WM8731.o
 .debug_macro   0x000000000001de23       0x2e Core/Src/codec_WM8731.o
 .debug_macro   0x000000000001de51      0x1b5 Core/Src/codec_WM8731.o
 .debug_macro   0x000000000001e006       0x22 Core/Src/codec_WM8731.o
 .debug_macro   0x000000000001e028       0xd6 Core/Src/codec_WM8731.o
 .debug_macro   0x000000000001e0fe      0x1b5 Core/Src/codec_WM8731.o
 .debug_macro   0x000000000001e2b3       0x46 Core/Src/codec_WM8731.o
 .debug_macro   0x000000000001e2f9       0x4a Core/Src/codec_WM8731.o
 .debug_macro   0x000000000001e343      0x11a Core/Src/codec_WM8731.o
 .debug_macro   0x000000000001e45d       0x91 Core/Src/codec_WM8731.o
 .debug_macro   0x000000000001e4ee       0x89 Core/Src/codec_WM8731.o
 .debug_macro   0x000000000001e577      0x8a0 Core/Src/codec_WM8731.o
 .debug_macro   0x000000000001ee17       0x71 Core/Src/codec_WM8731.o
 .debug_macro   0x000000000001ee88      0x287 Core/Src/codec_WM8731.o
 .debug_macro   0x000000000001f10f      0x4e8 Core/Src/codec_WM8731.o
 .debug_macro   0x000000000001f5f7      0x134 Core/Src/codec_WM8731.o
 .debug_macro   0x000000000001f72b      0x21e Core/Src/dfsdm.o
 .debug_macro   0x000000000001f949      0x21e Core/Src/dma.o
 .debug_macro   0x000000000001fb67      0x21e Core/Src/gpio.o
 .debug_macro   0x000000000001fd85      0x21e Core/Src/i2c.o
 .debug_macro   0x000000000001ffa3      0x21e Core/Src/i2s.o
 .debug_macro   0x00000000000201c1      0x380 Core/Src/main.o
 .debug_macro   0x0000000000020541       0x46 Core/Src/main.o
 .debug_macro   0x0000000000020587       0x18 Core/Src/main.o
 .debug_macro   0x000000000002059f       0x3c Core/Src/main.o
 .debug_macro   0x00000000000205db       0x34 Core/Src/main.o
 .debug_macro   0x000000000002060f       0x52 Core/Src/main.o
 .debug_macro   0x0000000000020661       0x1f Core/Src/main.o
 .debug_macro   0x0000000000020680       0x43 Core/Src/main.o
 .debug_macro   0x00000000000206c3       0x20 Core/Src/main.o
 .debug_macro   0x00000000000206e3      0x1a3 Core/Src/main.o
 .debug_macro   0x0000000000020886      0x32a Core/Src/main.o
 .debug_macro   0x0000000000020bb0       0x10 Core/Src/main.o
 .debug_macro   0x0000000000020bc0       0x35 Core/Src/main.o
 .debug_macro   0x0000000000020bf5       0x20 Core/Src/main.o
 .debug_macro   0x0000000000020c15      0x1e1 Core/Src/main.o
 .debug_macro   0x0000000000020df6      0x201 Core/Src/main.o
 .debug_macro   0x0000000000020ff7       0xc8 Core/Src/main.o
 .debug_macro   0x00000000000210bf       0x28 Core/Src/main.o
 .debug_macro   0x00000000000210e7      0x214 Core/Src/stm32f4xx_hal_msp.o
 .debug_macro   0x00000000000212fb      0x21e Core/Src/stm32f4xx_it.o
 .debug_macro   0x0000000000021519      0x210 Core/Src/system_stm32f4xx.o
 .debug_macro   0x0000000000021729      0x21e Core/Src/usart.o
 .debug_macro   0x0000000000021947      0x26a Drivers/STM32F4xx_HAL_Driver/Src/stm32f4xx_hal.o
 .debug_macro   0x0000000000021bb1      0x20a Drivers/STM32F4xx_HAL_Driver/Src/stm32f4xx_hal_cortex.o
 .debug_macro   0x0000000000021dbb      0x235 Drivers/STM32F4xx_HAL_Driver/Src/stm32f4xx_hal_dfsdm.o
 .debug_macro   0x0000000000021ff0      0x210 Drivers/STM32F4xx_HAL_Driver/Src/stm32f4xx_hal_dma.o
 .debug_macro   0x0000000000022200      0x240 Drivers/STM32F4xx_HAL_Driver/Src/stm32f4xx_hal_gpio.o
 .debug_macro   0x0000000000022440      0x24a Drivers/STM32F4xx_HAL_Driver/Src/stm32f4xx_hal_i2c.o
 .debug_macro   0x000000000002268a      0x212 Drivers/STM32F4xx_HAL_Driver/Src/stm32f4xx_hal_i2s.o
 .debug_macro   0x000000000002289c      0x20a Drivers/STM32F4xx_HAL_Driver/Src/stm32f4xx_hal_i2s_ex.o
 .debug_macro   0x0000000000022aa6      0x22e Drivers/STM32F4xx_HAL_Driver/Src/stm32f4xx_hal_rcc.o
 .debug_macro   0x0000000000022cd4      0x20a Drivers/STM32F4xx_HAL_Driver/Src/stm32f4xx_hal_rcc_ex.o
 .debug_macro   0x0000000000022ede      0x20b Drivers/STM32F4xx_HAL_Driver/Src/stm32f4xx_hal_uart.o

.debug_line     0x0000000000000000     0xf88a
 .debug_line    0x0000000000000000      0x76f Core/Src/codec_WM8731.o
 .debug_line    0x000000000000076f      0x811 Core/Src/dfsdm.o
 .debug_line    0x0000000000000f80      0x73c Core/Src/dma.o
 .debug_line    0x00000000000016bc      0x740 Core/Src/gpio.o
 .debug_line    0x0000000000001dfc      0x76e Core/Src/i2c.o
 .debug_line    0x000000000000256a      0x783 Core/Src/i2s.o
 .debug_line    0x0000000000002ced      0xab2 Core/Src/main.o
 .debug_line    0x000000000000379f      0x73c Core/Src/stm32f4xx_hal_msp.o
 .debug_line    0x0000000000003edb      0x828 Core/Src/stm32f4xx_it.o
 .debug_line    0x0000000000004703      0x757 Core/Src/system_stm32f4xx.o
 .debug_line    0x0000000000004e5a      0x781 Core/Src/usart.o
 .debug_line    0x00000000000055db       0x86 Core/Startup/startup_stm32f413cgux.o
 .debug_line    0x0000000000005661      0x941 Drivers/STM32F4xx_HAL_Driver/Src/stm32f4xx_hal.o
 .debug_line    0x0000000000005fa2      0xa65 Drivers/STM32F4xx_HAL_Driver/Src/stm32f4xx_hal_cortex.o
 .debug_line    0x0000000000006a07     0x1493 Drivers/STM32F4xx_HAL_Driver/Src/stm32f4xx_hal_dfsdm.o
 .debug_line    0x0000000000007e9a      0xa0f Drivers/STM32F4xx_HAL_Driver/Src/stm32f4xx_hal_dma.o
 .debug_line    0x00000000000088a9      0x90c Drivers/STM32F4xx_HAL_Driver/Src/stm32f4xx_hal_gpio.o
 .debug_line    0x00000000000091b5     0x1b7b Drivers/STM32F4xx_HAL_Driver/Src/stm32f4xx_hal_i2c.o
 .debug_line    0x000000000000ad30      0xdef Drivers/STM32F4xx_HAL_Driver/Src/stm32f4xx_hal_i2s.o
 .debug_line    0x000000000000bb1f      0xf0b Drivers/STM32F4xx_HAL_Driver/Src/stm32f4xx_hal_i2s_ex.o
 .debug_line    0x000000000000ca2a      0x999 Drivers/STM32F4xx_HAL_Driver/Src/stm32f4xx_hal_rcc.o
 .debug_line    0x000000000000d3c3      0xa42 Drivers/STM32F4xx_HAL_Driver/Src/stm32f4xx_hal_rcc_ex.o
 .debug_line    0x000000000000de05     0x1061 Drivers/STM32F4xx_HAL_Driver/Src/stm32f4xx_hal_uart.o
 .debug_line    0x000000000000ee66      0x79b ../DSP\libarm_cortexM4lf_math.a(arm_biquad_cascade_df2t_f32.o)
 .debug_line    0x000000000000f601      0x289 ../DSP\libarm_cortexM4lf_math.a(arm_biquad_cascade_df2t_init_f32.o)

.debug_str      0x0000000000000000    0xd4c60
 .debug_str     0x0000000000000000    0xcbd8b Core/Src/codec_WM8731.o
                                      0xcc133 (size before relaxing)
 .debug_str     0x00000000000cbd8b      0x722 Core/Src/dfsdm.o
                                      0xcc33e (size before relaxing)
 .debug_str     0x00000000000cc4ad      0x5a3 Core/Src/dma.o
                                      0xcbffa (size before relaxing)
 .debug_str     0x00000000000cca50       0x2a Core/Src/gpio.o
                                      0xcbafa (size before relaxing)
 .debug_str     0x00000000000cca7a       0x5a Core/Src/i2c.o
                                      0xcc013 (size before relaxing)
 .debug_str     0x00000000000ccad4       0x61 Core/Src/i2s.o
                                      0xcbf54 (size before relaxing)
 .debug_str     0x00000000000ccb35     0x4ab8 Core/Src/main.o
                                      0xd13ef (size before relaxing)
 .debug_str     0x00000000000d15ed       0x2c Core/Src/stm32f4xx_hal_msp.o
                                      0xcba5f (size before relaxing)
 .debug_str     0x00000000000d1619      0x124 Core/Src/stm32f4xx_it.o
                                      0xcbe65 (size before relaxing)
 .debug_str     0x00000000000d173d       0xc4 Core/Src/system_stm32f4xx.o
                                      0xcbae6 (size before relaxing)
 .debug_str     0x00000000000d1801       0x51 Core/Src/usart.o
                                      0xcc4e2 (size before relaxing)
 .debug_str     0x00000000000d1852       0x36 Core/Startup/startup_stm32f413cgux.o
                                         0x89 (size before relaxing)
 .debug_str     0x00000000000d1888      0x58d Drivers/STM32F4xx_HAL_Driver/Src/stm32f4xx_hal.o
                                      0xcc665 (size before relaxing)
 .debug_str     0x00000000000d1e15      0x399 Drivers/STM32F4xx_HAL_Driver/Src/stm32f4xx_hal_cortex.o
                                      0xcc430 (size before relaxing)
 .debug_str     0x00000000000d21ae      0xbd1 Drivers/STM32F4xx_HAL_Driver/Src/stm32f4xx_hal_dfsdm.o
                                      0xccdae (size before relaxing)
 .debug_str     0x00000000000d2d7f      0x31d Drivers/STM32F4xx_HAL_Driver/Src/stm32f4xx_hal_dma.o
                                      0xcbed7 (size before relaxing)
 .debug_str     0x00000000000d309c      0x1e9 Drivers/STM32F4xx_HAL_Driver/Src/stm32f4xx_hal_gpio.o
                                      0xcbd34 (size before relaxing)
 .debug_str     0x00000000000d3285      0xa85 Drivers/STM32F4xx_HAL_Driver/Src/stm32f4xx_hal_i2c.o
                                      0xcca10 (size before relaxing)
 .debug_str     0x00000000000d3d0a      0x281 Drivers/STM32F4xx_HAL_Driver/Src/stm32f4xx_hal_i2s.o
                                      0xcc076 (size before relaxing)
 .debug_str     0x00000000000d3f8b      0x1f1 Drivers/STM32F4xx_HAL_Driver/Src/stm32f4xx_hal_i2s_ex.o
                                      0xcbfb4 (size before relaxing)
 .debug_str     0x00000000000d417c      0x24e Drivers/STM32F4xx_HAL_Driver/Src/stm32f4xx_hal_rcc.o
                                      0xcbed8 (size before relaxing)
 .debug_str     0x00000000000d43ca      0x13e Drivers/STM32F4xx_HAL_Driver/Src/stm32f4xx_hal_rcc_ex.o
                                      0xcbe7c (size before relaxing)
 .debug_str     0x00000000000d4508      0x4f5 Drivers/STM32F4xx_HAL_Driver/Src/stm32f4xx_hal_uart.o
                                      0xcc30e (size before relaxing)
 .debug_str     0x00000000000d49fd      0x1ee ../DSP\libarm_cortexM4lf_math.a(arm_biquad_cascade_df2t_f32.o)
                                        0x6ea (size before relaxing)
 .debug_str     0x00000000000d4beb       0x75 ../DSP\libarm_cortexM4lf_math.a(arm_biquad_cascade_df2t_init_f32.o)
                                        0x6e1 (size before relaxing)

.comment        0x0000000000000000       0xf0
 .comment       0x0000000000000000       0x7b Core/Src/codec_WM8731.o
                                         0x7c (size before relaxing)
 .comment       0x000000000000007b       0x7c Core/Src/dfsdm.o
 .comment       0x000000000000007b       0x7c Core/Src/dma.o
 .comment       0x000000000000007b       0x7c Core/Src/gpio.o
 .comment       0x000000000000007b       0x7c Core/Src/i2c.o
 .comment       0x000000000000007b       0x7c Core/Src/i2s.o
 .comment       0x000000000000007b       0x7c Core/Src/main.o
 .comment       0x000000000000007b       0x7c Core/Src/stm32f4xx_hal_msp.o
 .comment       0x000000000000007b       0x7c Core/Src/stm32f4xx_it.o
 .comment       0x000000000000007b       0x7c Core/Src/system_stm32f4xx.o
 .comment       0x000000000000007b       0x7c Core/Src/usart.o
 .comment       0x000000000000007b       0x7c Drivers/STM32F4xx_HAL_Driver/Src/stm32f4xx_hal.o
 .comment       0x000000000000007b       0x7c Drivers/STM32F4xx_HAL_Driver/Src/stm32f4xx_hal_cortex.o
 .comment       0x000000000000007b       0x7c Drivers/STM32F4xx_HAL_Driver/Src/stm32f4xx_hal_dfsdm.o
 .comment       0x000000000000007b       0x7c Drivers/STM32F4xx_HAL_Driver/Src/stm32f4xx_hal_dma.o
 .comment       0x000000000000007b       0x7c Drivers/STM32F4xx_HAL_Driver/Src/stm32f4xx_hal_gpio.o
 .comment       0x000000000000007b       0x7c Drivers/STM32F4xx_HAL_Driver/Src/stm32f4xx_hal_i2c.o
 .comment       0x000000000000007b       0x7c Drivers/STM32F4xx_HAL_Driver/Src/stm32f4xx_hal_i2s.o
 .comment       0x000000000000007b       0x7c Drivers/STM32F4xx_HAL_Driver/Src/stm32f4xx_hal_i2s_ex.o
 .comment       0x000000000000007b       0x7c Drivers/STM32F4xx_HAL_Driver/Src/stm32f4xx_hal_rcc.o
 .comment       0x000000000000007b       0x7c Drivers/STM32F4xx_HAL_Driver/Src/stm32f4xx_hal_rcc_ex.o
 .comment       0x000000000000007b       0x7c Drivers/STM32F4xx_HAL_Driver/Src/stm32f4xx_hal_uart.o
 .comment       0x000000000000007b       0x75 ../DSP\libarm_cortexM4lf_math.a(arm_biquad_cascade_df2t_f32.o)
                                         0x76 (size before relaxing)
 .comment       0x00000000000000f0       0x76 ../DSP\libarm_cortexM4lf_math.a(arm_biquad_cascade_df2t_init_f32.o)

.debug_frame    0x0000000000000000     0x3d98
 .debug_frame   0x0000000000000000       0x58 Core/Src/codec_WM8731.o
 .debug_frame   0x0000000000000058       0xbc Core/Src/dfsdm.o
 .debug_frame   0x0000000000000114       0x34 Core/Src/dma.o
 .debug_frame   0x0000000000000148       0x34 Core/Src/gpio.o
 .debug_frame   0x000000000000017c       0x74 Core/Src/i2c.o
 .debug_frame   0x00000000000001f0       0x74 Core/Src/i2s.o
 .debug_frame   0x0000000000000264      0x104 Core/Src/main.o
 .debug_frame   0x0000000000000368       0x38 Core/Src/stm32f4xx_hal_msp.o
 .debug_frame   0x00000000000003a0      0x17c Core/Src/stm32f4xx_it.o
 .debug_frame   0x000000000000051c       0x58 Core/Src/system_stm32f4xx.o
 .debug_frame   0x0000000000000574       0x74 Core/Src/usart.o
 .debug_frame   0x00000000000005e8      0x374 Drivers/STM32F4xx_HAL_Driver/Src/stm32f4xx_hal.o
 .debug_frame   0x000000000000095c      0x498 Drivers/STM32F4xx_HAL_Driver/Src/stm32f4xx_hal_cortex.o
 .debug_frame   0x0000000000000df4      0xc58 Drivers/STM32F4xx_HAL_Driver/Src/stm32f4xx_hal_dfsdm.o
 .debug_frame   0x0000000000001a4c      0x250 Drivers/STM32F4xx_HAL_Driver/Src/stm32f4xx_hal_dma.o
 .debug_frame   0x0000000000001c9c      0x14c Drivers/STM32F4xx_HAL_Driver/Src/stm32f4xx_hal_gpio.o
 .debug_frame   0x0000000000001de8      0xc38 Drivers/STM32F4xx_HAL_Driver/Src/stm32f4xx_hal_i2c.o
 .debug_frame   0x0000000000002a20      0x484 Drivers/STM32F4xx_HAL_Driver/Src/stm32f4xx_hal_i2s.o
 .debug_frame   0x0000000000002ea4      0x220 Drivers/STM32F4xx_HAL_Driver/Src/stm32f4xx_hal_i2s_ex.o
 .debug_frame   0x00000000000030c4      0x1f0 Drivers/STM32F4xx_HAL_Driver/Src/stm32f4xx_hal_rcc.o
 .debug_frame   0x00000000000032b4      0x16c Drivers/STM32F4xx_HAL_Driver/Src/stm32f4xx_hal_rcc_ex.o
 .debug_frame   0x0000000000003420      0x844 Drivers/STM32F4xx_HAL_Driver/Src/stm32f4xx_hal_uart.o
 .debug_frame   0x0000000000003c64       0x38 ../DSP\libarm_cortexM4lf_math.a(arm_biquad_cascade_df2t_f32.o)
 .debug_frame   0x0000000000003c9c       0x28 ../DSP\libarm_cortexM4lf_math.a(arm_biquad_cascade_df2t_init_f32.o)
 .debug_frame   0x0000000000003cc4       0x2c c:/st/stm32cubeide_1.2.0/stm32cubeide/plugins/com.st.stm32cube.ide.mcu.externaltools.gnu-tools-for-stm32.7-2018-q2-update.win32_1.4.0.202007081208/tools/bin/../lib/gcc/arm-none-eabi/7.3.1/../../../../arm-none-eabi/lib/thumb/v7e-m/fpv4-sp/hard\libc_nano.a(lib_a-init.o)
 .debug_frame   0x0000000000003cf0       0x28 c:/st/stm32cubeide_1.2.0/stm32cubeide/plugins/com.st.stm32cube.ide.mcu.externaltools.gnu-tools-for-stm32.7-2018-q2-update.win32_1.4.0.202007081208/tools/bin/../lib/gcc/arm-none-eabi/7.3.1/../../../../arm-none-eabi/lib/thumb/v7e-m/fpv4-sp/hard\libc_nano.a(lib_a-memcpy-stub.o)
 .debug_frame   0x0000000000003d18       0x20 c:/st/stm32cubeide_1.2.0/stm32cubeide/plugins/com.st.stm32cube.ide.mcu.externaltools.gnu-tools-for-stm32.7-2018-q2-update.win32_1.4.0.202007081208/tools/bin/../lib/gcc/arm-none-eabi/7.3.1/../../../../arm-none-eabi/lib/thumb/v7e-m/fpv4-sp/hard\libc_nano.a(lib_a-memset.o)
 .debug_frame   0x0000000000003d38       0x2c c:/st/stm32cubeide_1.2.0/stm32cubeide/plugins/com.st.stm32cube.ide.mcu.externaltools.gnu-tools-for-stm32.7-2018-q2-update.win32_1.4.0.202007081208/tools/bin/../lib/gcc/arm-none-eabi/7.3.1/thumb/v7e-m/fpv4-sp/hard\libgcc.a(_aeabi_uldivmod.o)
 .debug_frame   0x0000000000003d64       0x34 c:/st/stm32cubeide_1.2.0/stm32cubeide/plugins/com.st.stm32cube.ide.mcu.externaltools.gnu-tools-for-stm32.7-2018-q2-update.win32_1.4.0.202007081208/tools/bin/../lib/gcc/arm-none-eabi/7.3.1/thumb/v7e-m/fpv4-sp/hard\libgcc.a(_udivmoddi4.o)

.debug_loc      0x0000000000000000      0xd34
 .debug_loc     0x0000000000000000      0xc59 ../DSP\libarm_cortexM4lf_math.a(arm_biquad_cascade_df2t_f32.o)
 .debug_loc     0x0000000000000c59       0xdb ../DSP\libarm_cortexM4lf_math.a(arm_biquad_cascade_df2t_init_f32.o)
